Archive member included to satisfy reference by file (symbol)

c:/mounriver/mrs_community/toolchain/risc-v embedded gcc/bin/../lib/gcc/riscv-none-embed/8.2.0/rv32ec/ilp32e\libgcc.a(save-restore.o)
                              ./User/main.o (__riscv_save_2)
c:/mounriver/mrs_community/toolchain/risc-v embedded gcc/bin/../lib/gcc/riscv-none-embed/8.2.0/rv32ec/ilp32e\libgcc.a(muldi3.o)
                              ./Debug/debug.o (__mulsi3)
c:/mounriver/mrs_community/toolchain/risc-v embedded gcc/bin/../lib/gcc/riscv-none-embed/8.2.0/rv32ec/ilp32e\libgcc.a(div.o)
                              ./Peripheral/src/ch32v00x_usart.o (__divsi3)
c:/mounriver/mrs_community/toolchain/risc-v embedded gcc/bin/../lib/gcc/riscv-none-embed/8.2.0/../../../../riscv-none-embed/lib/rv32ec/ilp32e\libg_nano.a(lib_a-memset.o)
                              ./User/main.o (memset)
c:/mounriver/mrs_community/toolchain/risc-v embedded gcc/bin/../lib/gcc/riscv-none-embed/8.2.0/../../../../riscv-none-embed/lib/rv32ec/ilp32e\libg_nano.a(lib_a-printf.o)
                              ./User/main.o (printf)
c:/mounriver/mrs_community/toolchain/risc-v embedded gcc/bin/../lib/gcc/riscv-none-embed/8.2.0/../../../../riscv-none-embed/lib/rv32ec/ilp32e\libg_nano.a(lib_a-puts.o)
                              ./User/main.o (puts)
c:/mounriver/mrs_community/toolchain/risc-v embedded gcc/bin/../lib/gcc/riscv-none-embed/8.2.0/../../../../riscv-none-embed/lib/rv32ec/ilp32e\libg_nano.a(lib_a-sprintf.o)
                              ./User/main.o (sprintf)
c:/mounriver/mrs_community/toolchain/risc-v embedded gcc/bin/../lib/gcc/riscv-none-embed/8.2.0/../../../../riscv-none-embed/lib/rv32ec/ilp32e\libg_nano.a(lib_a-wbuf.o)
                              c:/mounriver/mrs_community/toolchain/risc-v embedded gcc/bin/../lib/gcc/riscv-none-embed/8.2.0/../../../../riscv-none-embed/lib/rv32ec/ilp32e\libg_nano.a(lib_a-puts.o) (__swbuf_r)
c:/mounriver/mrs_community/toolchain/risc-v embedded gcc/bin/../lib/gcc/riscv-none-embed/8.2.0/../../../../riscv-none-embed/lib/rv32ec/ilp32e\libg_nano.a(lib_a-wsetup.o)
                              c:/mounriver/mrs_community/toolchain/risc-v embedded gcc/bin/../lib/gcc/riscv-none-embed/8.2.0/../../../../riscv-none-embed/lib/rv32ec/ilp32e\libg_nano.a(lib_a-puts.o) (__swsetup_r)
c:/mounriver/mrs_community/toolchain/risc-v embedded gcc/bin/../lib/gcc/riscv-none-embed/8.2.0/../../../../riscv-none-embed/lib/rv32ec/ilp32e\libg_nano.a(lib_a-fflush.o)
                              c:/mounriver/mrs_community/toolchain/risc-v embedded gcc/bin/../lib/gcc/riscv-none-embed/8.2.0/../../../../riscv-none-embed/lib/rv32ec/ilp32e\libg_nano.a(lib_a-wbuf.o) (_fflush_r)
c:/mounriver/mrs_community/toolchain/risc-v embedded gcc/bin/../lib/gcc/riscv-none-embed/8.2.0/../../../../riscv-none-embed/lib/rv32ec/ilp32e\libg_nano.a(lib_a-findfp.o)
                              c:/mounriver/mrs_community/toolchain/risc-v embedded gcc/bin/../lib/gcc/riscv-none-embed/8.2.0/../../../../riscv-none-embed/lib/rv32ec/ilp32e\libg_nano.a(lib_a-printf.o) (__sinit)
c:/mounriver/mrs_community/toolchain/risc-v embedded gcc/bin/../lib/gcc/riscv-none-embed/8.2.0/../../../../riscv-none-embed/lib/rv32ec/ilp32e\libg_nano.a(lib_a-fwalk.o)
                              c:/mounriver/mrs_community/toolchain/risc-v embedded gcc/bin/../lib/gcc/riscv-none-embed/8.2.0/../../../../riscv-none-embed/lib/rv32ec/ilp32e\libg_nano.a(lib_a-findfp.o) (_fwalk)
c:/mounriver/mrs_community/toolchain/risc-v embedded gcc/bin/../lib/gcc/riscv-none-embed/8.2.0/../../../../riscv-none-embed/lib/rv32ec/ilp32e\libg_nano.a(lib_a-impure.o)
                              c:/mounriver/mrs_community/toolchain/risc-v embedded gcc/bin/../lib/gcc/riscv-none-embed/8.2.0/../../../../riscv-none-embed/lib/rv32ec/ilp32e\libg_nano.a(lib_a-fflush.o) (_global_impure_ptr)
c:/mounriver/mrs_community/toolchain/risc-v embedded gcc/bin/../lib/gcc/riscv-none-embed/8.2.0/../../../../riscv-none-embed/lib/rv32ec/ilp32e\libg_nano.a(lib_a-makebuf.o)
                              c:/mounriver/mrs_community/toolchain/risc-v embedded gcc/bin/../lib/gcc/riscv-none-embed/8.2.0/../../../../riscv-none-embed/lib/rv32ec/ilp32e\libg_nano.a(lib_a-wsetup.o) (__smakebuf_r)
c:/mounriver/mrs_community/toolchain/risc-v embedded gcc/bin/../lib/gcc/riscv-none-embed/8.2.0/../../../../riscv-none-embed/lib/rv32ec/ilp32e\libg_nano.a(lib_a-nano-freer.o)
                              c:/mounriver/mrs_community/toolchain/risc-v embedded gcc/bin/../lib/gcc/riscv-none-embed/8.2.0/../../../../riscv-none-embed/lib/rv32ec/ilp32e\libg_nano.a(lib_a-wsetup.o) (_free_r)
c:/mounriver/mrs_community/toolchain/risc-v embedded gcc/bin/../lib/gcc/riscv-none-embed/8.2.0/../../../../riscv-none-embed/lib/rv32ec/ilp32e\libg_nano.a(lib_a-nano-mallocr.o)
                              c:/mounriver/mrs_community/toolchain/risc-v embedded gcc/bin/../lib/gcc/riscv-none-embed/8.2.0/../../../../riscv-none-embed/lib/rv32ec/ilp32e\libg_nano.a(lib_a-findfp.o) (_malloc_r)
[...]
Memory Configuration

Name             Origin             Length             Attributes
FLASH            0x0000000000000000 0x0000000000004000 xr
RAM              0x0000000020000000 0x0000000000000800 xrw
*default*        0x0000000000000000 0xffffffffffffffff

Linker script and memory map

LOAD ./User/ch32v00x_it.o
LOAD ./User/main.o
LOAD ./User/oled_049.o
LOAD ./User/system_ch32v00x.o
LOAD ./Startup/startup_ch32v00x.o
LOAD ./Peripheral/src/ch32v00x_adc.o
LOAD ./Peripheral/src/ch32v00x_dbgmcu.o
LOAD ./Peripheral/src/ch32v00x_dma.o
LOAD ./Peripheral/src/ch32v00x_exti.o
LOAD ./Peripheral/src/ch32v00x_flash.o
LOAD ./Peripheral/src/ch32v00x_gpio.o
LOAD ./Peripheral/src/ch32v00x_i2c.o
LOAD ./Peripheral/src/ch32v00x_iwdg.o
LOAD ./Peripheral/src/ch32v00x_misc.o
LOAD ./Peripheral/src/ch32v00x_opa.o
LOAD ./Peripheral/src/ch32v00x_pwr.o
LOAD ./Peripheral/src/ch32v00x_rcc.o
LOAD ./Peripheral/src/ch32v00x_spi.o
LOAD ./Peripheral/src/ch32v00x_tim.o
LOAD ./Peripheral/src/ch32v00x_usart.o
LOAD ./Peripheral/src/ch32v00x_wwdg.o
LOAD ./Debug/debug.o
LOAD ./Core/core_riscv.o
LOAD c:/mounriver/mrs_community/toolchain/risc-v embedded gcc/bin/../lib/gcc/riscv-none-embed/8.2.0/rv32ec/ilp32e\libgcc.a
LOAD c:/mounriver/mrs_community/toolchain/risc-v embedded gcc/bin/../lib/gcc/riscv-none-embed/8.2.0/../../../../riscv-none-embed/lib/rv32ec/ilp32e\libg_nano.a
LOAD c:/mounriver/mrs_community/toolchain/risc-v embedded gcc/bin/../lib/gcc/riscv-none-embed/8.2.0/../../../../riscv-none-embed/lib/rv32ec/ilp32e\libc_nano.a
LOAD c:/mounriver/mrs_community/toolchain/risc-v embedded gcc/bin/../lib/gcc/riscv-none-embed/8.2.0/rv32ec/ilp32e\libgcc.a
START GROUP
LOAD c:/mounriver/mrs_community/toolchain/risc-v embedded gcc/bin/../lib/gcc/riscv-none-embed/8.2.0/rv32ec/ilp32e\libgcc.a
LOAD c:/mounriver/mrs_community/toolchain/risc-v embedded gcc/bin/../lib/gcc/riscv-none-embed/8.2.0/../../../../riscv-none-embed/lib/rv32ec/ilp32e\libc_nano.a
LOAD c:/mounriver/mrs_community/toolchain/risc-v embedded gcc/bin/../lib/gcc/riscv-none-embed/8.2.0/../../../../riscv-none-embed/lib/rv32ec/ilp32e\libnosys.a
END GROUP
START GROUP
LOAD c:/mounriver/mrs_community/toolchain/risc-v embedded gcc/bin/../lib/gcc/riscv-none-embed/8.2.0/rv32ec/ilp32e\libgcc.a
LOAD c:/mounriver/mrs_community/toolchain/risc-v embedded gcc/bin/../lib/gcc/riscv-none-embed/8.2.0/../../../../riscv-none-embed/lib/rv32ec/ilp32e\libc_nano.a
LOAD c:/mounriver/mrs_community/toolchain/risc-v embedded gcc/bin/../lib/gcc/riscv-none-embed/8.2.0/../../../../riscv-none-embed/lib/rv32ec/ilp32e\libnosys.a
END GROUP
                0x0000000000000100                __stack_size = 0x100
                [!provide]                        PROVIDE (_stack_size = __stack_size)

.init           0x0000000000000000       0xa0
                0x0000000000000000                _sinit = .
                0x0000000000000000                . = ALIGN (0x4)
 *(SORT_NONE(.init))
 .init          0x0000000000000000       0x9e ./Startup/startup_ch32v00x.o
                0x0000000000000000                _start
                0x00000000000000a0                . = ALIGN (0x4)
 *fill*         0x000000000000009e        0x2 
                0x00000000000000a0                _einit = .

.text           0x00000000000000a0     0x2d48
                0x00000000000000a0                . = ALIGN (0x4)
 *(.text)
 .text          0x00000000000000a0       0x14 c:/mounriver/mrs_community/toolchain/risc-v embedded gcc/bin/../lib/gcc/riscv-none-embed/8.2.0/rv32ec/ilp32e\libgcc.a(save-restore.o)
                0x00000000000000a0                __riscv_save_1
                0x00000000000000a0                __riscv_save_2
                0x00000000000000a0                __riscv_save_0
                0x00000000000000aa                __riscv_restore_0
                0x00000000000000aa                __riscv_restore_1
                0x00000000000000aa                __riscv_restore_2
 .text          0x00000000000000b4       0x7e c:/mounriver/mrs_community/toolchain/risc-v embedded gcc/bin/../lib/gcc/riscv-none-embed/8.2.0/rv32ec/ilp32e\libgcc.a(div.o)
                0x00000000000000b4                __divsi3
                0x00000000000000bc                __udivsi3
                0x00000000000000e8                __umodsi3
                0x000000000000010c                __modsi3
 .text          0x0000000000000132       0xa8 c:/mounriver/mrs_community/toolchain/risc-v embedded gcc/bin/../lib/gcc/riscv-none-embed/8.2.0/../../../../riscv-none-embed/lib/rv32ec/ilp32e\libg_nano.a(lib_a-memset.o)
                0x0000000000000132                memset
 *(.text.*)
 .text.NMI_Handler
                0x00000000000001da        0x4 ./User/ch32v00x_it.o
                0x00000000000001da                NMI_Handler
 .text.HardFault_Handler
                0x00000000000001de        0x2 ./User/ch32v00x_it.o
                0x00000000000001de                HardFault_Handler
 .text.USARTx_CFG
                0x00000000000001e0       0x84 ./User/main.o
                0x00000000000001e0                USARTx_CFG
 .text.ADC_Function_Init
                0x0000000000000264       0xf6 ./User/main.o
                0x0000000000000264                ADC_Function_Init
 .text.DMA_Tx_Init
                0x000000000000035a       0x62 ./User/main.o
                0x000000000000035a                DMA_Tx_Init
 .text.TIM2_In  0x00000000000003bc       0x58 ./User/main.o
                0x00000000000003bc                TIM2_In
 .text.DMA1_Channel1_IRQHandler
                0x0000000000000414       0x1a ./User/main.o
                0x0000000000000414                DMA1_Channel1_IRQHandler
 .text.startup.main
                0x000000000000042e      0x132 ./User/main.o
                0x000000000000042e                main
 .text.OledI2CWriteData
                0x0000000000000560       0xcc ./User/oled_049.o
 .text.IIC_Init
                0x000000000000062c       0x98 ./User/oled_049.o
                0x000000000000062c                IIC_Init
 .text.ssd1306Init
                0x00000000000006c4       0x1e ./User/oled_049.o
                0x00000000000006c4                ssd1306Init
 .text.ssd1306Fill
                0x00000000000006e2       0x4a ./User/oled_049.o
                0x00000000000006e2                ssd1306Fill
 .text.ssd1306PrintChar
                0x000000000000072c       0x76 ./User/oled_049.o
                0x000000000000072c                ssd1306PrintChar
 .text.ssd1306Print
                0x00000000000007a2       0x2c ./User/oled_049.o
                0x00000000000007a2                ssd1306Print
 .text.SystemInit
                0x00000000000007ce       0xbc ./User/system_ch32v00x.o
                0x00000000000007ce                SystemInit
 .text.SystemCoreClockUpdate
                0x000000000000088a       0x6e ./User/system_ch32v00x.o
                0x000000000000088a                SystemCoreClockUpdate
 .text.vector_handler
                0x00000000000008f8       0x36 ./Startup/startup_ch32v00x.o
                0x00000000000008fc                SysTick_Handler
                0x00000000000008fe                SW_Handler
                0x0000000000000900                WWDG_IRQHandler
                0x0000000000000902                PVD_IRQHandler
                0x0000000000000904                FLASH_IRQHandler
                0x0000000000000906                RCC_IRQHandler
                0x0000000000000908                EXTI7_0_IRQHandler
                0x000000000000090a                AWU_IRQHandler
                0x000000000000090e                DMA1_Channel2_IRQHandler
                0x0000000000000910                DMA1_Channel3_IRQHandler
                0x0000000000000912                DMA1_Channel4_IRQHandler
                0x0000000000000914                DMA1_Channel5_IRQHandler
                0x0000000000000916                DMA1_Channel6_IRQHandler
                0x0000000000000918                DMA1_Channel7_IRQHandler
                0x000000000000091a                ADC1_IRQHandler
                0x000000000000091c                I2C1_EV_IRQHandler
                0x000000000000091e                I2C1_ER_IRQHandler
                0x0000000000000920                USART1_IRQHandler
                0x0000000000000922                SPI1_IRQHandler
                0x0000000000000924                TIM1_BRK_IRQHandler
                0x0000000000000926                TIM1_UP_IRQHandler
                0x0000000000000928                TIM1_TRG_COM_IRQHandler
                0x000000000000092a                TIM1_CC_IRQHandler
                0x000000000000092c                TIM2_IRQHandler
 .text.handle_reset
                0x000000000000092e       0x7c ./Startup/startup_ch32v00x.o
                0x000000000000092e                handle_reset
 .text.ADC_DeInit
                0x00000000000009aa       0x26 ./Peripheral/src/ch32v00x_adc.o
                0x00000000000009aa                ADC_DeInit
 .text.ADC_Init
                0x00000000000009d0       0x50 ./Peripheral/src/ch32v00x_adc.o
                0x00000000000009d0                ADC_Init
 .text.ADC_Cmd  0x0000000000000a20       0x10 ./Peripheral/src/ch32v00x_adc.o
                0x0000000000000a20                ADC_Cmd
 .text.ADC_DMACmd
                0x0000000000000a30       0x12 ./Peripheral/src/ch32v00x_adc.o
                0x0000000000000a30                ADC_DMACmd
 .text.ADC_ResetCalibration
                0x0000000000000a42        0xa ./Peripheral/src/ch32v00x_adc.o
                0x0000000000000a42                ADC_ResetCalibration
 .text.ADC_GetResetCalibrationStatus
                0x0000000000000a4c        0x8 ./Peripheral/src/ch32v00x_adc.o
                0x0000000000000a4c                ADC_GetResetCalibrationStatus
 .text.ADC_StartCalibration
                0x0000000000000a54        0xa ./Peripheral/src/ch32v00x_adc.o
                0x0000000000000a54                ADC_StartCalibration
 .text.ADC_GetCalibrationStatus
                0x0000000000000a5e        0x8 ./Peripheral/src/ch32v00x_adc.o
                0x0000000000000a5e                ADC_GetCalibrationStatus
 .text.ADC_RegularChannelConfig
                0x0000000000000a66       0xba ./Peripheral/src/ch32v00x_adc.o
                0x0000000000000a66                ADC_RegularChannelConfig
 .text.ADC_ExternalTrigConvCmd
                0x0000000000000b20       0x18 ./Peripheral/src/ch32v00x_adc.o
                0x0000000000000b20                ADC_ExternalTrigConvCmd
 .text.ADC_Calibration_Vol
                0x0000000000000b38       0x14 ./Peripheral/src/ch32v00x_adc.o
                0x0000000000000b38                ADC_Calibration_Vol
 .text.DBGMCU_GetCHIPID
                0x0000000000000b4c        0xa ./Peripheral/src/ch32v00x_dbgmcu.o
                0x0000000000000b4c                DBGMCU_GetCHIPID
 .text.DMA_DeInit
                0x0000000000000b56       0x92 ./Peripheral/src/ch32v00x_dma.o
                0x0000000000000b56                DMA_DeInit
 .text.DMA_Init
                0x0000000000000be8       0x38 ./Peripheral/src/ch32v00x_dma.o
                0x0000000000000be8                DMA_Init
 .text.DMA_Cmd  0x0000000000000c20       0x14 ./Peripheral/src/ch32v00x_dma.o
                0x0000000000000c20                DMA_Cmd
 .text.DMA_ITConfig
                0x0000000000000c34       0x12 ./Peripheral/src/ch32v00x_dma.o
                0x0000000000000c34                DMA_ITConfig
 .text.DMA_GetFlagStatus
                0x0000000000000c46        0xe ./Peripheral/src/ch32v00x_dma.o
                0x0000000000000c46                DMA_GetFlagStatus
 .text.DMA_GetITStatus
                0x0000000000000c54        0xa ./Peripheral/src/ch32v00x_dma.o
                0x0000000000000c54                DMA_GetITStatus
 .text.DMA_ClearITPendingBit
                0x0000000000000c5e        0x8 ./Peripheral/src/ch32v00x_dma.o
                0x0000000000000c5e                DMA_ClearITPendingBit
 .text.GPIO_Init
                0x0000000000000c66       0xd8 ./Peripheral/src/ch32v00x_gpio.o
                0x0000000000000c66                GPIO_Init
 .text.I2C_Init
                0x0000000000000d3e      0x100 ./Peripheral/src/ch32v00x_i2c.o
                0x0000000000000d3e                I2C_Init
 .text.I2C_Cmd  0x0000000000000e3e       0x1c ./Peripheral/src/ch32v00x_i2c.o
                0x0000000000000e3e                I2C_Cmd
 .text.I2C_GenerateSTART
                0x0000000000000e5a       0x1e ./Peripheral/src/ch32v00x_i2c.o
                0x0000000000000e5a                I2C_GenerateSTART
 .text.I2C_GenerateSTOP
                0x0000000000000e78       0x1e ./Peripheral/src/ch32v00x_i2c.o
                0x0000000000000e78                I2C_GenerateSTOP
 .text.I2C_AcknowledgeConfig
                0x0000000000000e96       0x1e ./Peripheral/src/ch32v00x_i2c.o
                0x0000000000000e96                I2C_AcknowledgeConfig
 .text.I2C_SendData
                0x0000000000000eb4        0x6 ./Peripheral/src/ch32v00x_i2c.o
                0x0000000000000eb4                I2C_SendData
 .text.I2C_Send7bitAddress
                0x0000000000000eba       0x14 ./Peripheral/src/ch32v00x_i2c.o
                0x0000000000000eba                I2C_Send7bitAddress
 .text.I2C_CheckEvent
                0x0000000000000ece       0x1a ./Peripheral/src/ch32v00x_i2c.o
                0x0000000000000ece                I2C_CheckEvent
 .text.I2C_GetFlagStatus
                0x0000000000000ee8       0x32 ./Peripheral/src/ch32v00x_i2c.o
                0x0000000000000ee8                I2C_GetFlagStatus
 .text.NVIC_PriorityGroupConfig
                0x0000000000000f1a        0x6 ./Peripheral/src/ch32v00x_misc.o
                0x0000000000000f1a                NVIC_PriorityGroupConfig
 .text.RCC_ADCCLKConfig
                0x0000000000000f20       0x14 ./Peripheral/src/ch32v00x_rcc.o
                0x0000000000000f20                RCC_ADCCLKConfig
 .text.RCC_GetClocksFreq
                0x0000000000000f34       0xa0 ./Peripheral/src/ch32v00x_rcc.o
                0x0000000000000f34                RCC_GetClocksFreq
 .text.RCC_AHBPeriphClockCmd
                0x0000000000000fd4       0x1e ./Peripheral/src/ch32v00x_rcc.o
                0x0000000000000fd4                RCC_AHBPeriphClockCmd
 .text.RCC_APB2PeriphClockCmd
                0x0000000000000ff2       0x1e ./Peripheral/src/ch32v00x_rcc.o
                0x0000000000000ff2                RCC_APB2PeriphClockCmd
 .text.RCC_APB1PeriphClockCmd
                0x0000000000001010       0x1e ./Peripheral/src/ch32v00x_rcc.o
                0x0000000000001010                RCC_APB1PeriphClockCmd
 .text.RCC_APB2PeriphResetCmd
                0x000000000000102e       0x1e ./Peripheral/src/ch32v00x_rcc.o
                0x000000000000102e                RCC_APB2PeriphResetCmd
 .text.TIM_TimeBaseInit
                0x000000000000104c       0x64 ./Peripheral/src/ch32v00x_tim.o
                0x000000000000104c                TIM_TimeBaseInit
 .text.TIM_Cmd  0x00000000000010b0       0x1c ./Peripheral/src/ch32v00x_tim.o
                0x00000000000010b0                TIM_Cmd
 .text.TIM_ARRPreloadConfig
                0x00000000000010cc       0x1e ./Peripheral/src/ch32v00x_tim.o
                0x00000000000010cc                TIM_ARRPreloadConfig
 .text.TIM_SelectOutputTrigger
                0x00000000000010ea       0x20 ./Peripheral/src/ch32v00x_tim.o
                0x00000000000010ea                TIM_SelectOutputTrigger
 .text.USART_Init
                0x000000000000110a       0xe8 ./Peripheral/src/ch32v00x_usart.o
                0x000000000000110a                USART_Init
 .text.USART_Cmd
                0x00000000000011f2       0x1c ./Peripheral/src/ch32v00x_usart.o
                0x00000000000011f2                USART_Cmd
 .text.USART_SendData
                0x000000000000120e        0xa ./Peripheral/src/ch32v00x_usart.o
                0x000000000000120e                USART_SendData
 .text.USART_GetFlagStatus
                0x0000000000001218        0xc ./Peripheral/src/ch32v00x_usart.o
                0x0000000000001218                USART_GetFlagStatus
 .text.Delay_Init
                0x0000000000001224       0x34 ./Debug/debug.o
                0x0000000000001224                Delay_Init
 .text.USART_Printf_Init
                0x0000000000001258       0x58 ./Debug/debug.o
                0x0000000000001258                USART_Printf_Init
 .text._write   0x00000000000012b0       0x4c ./Debug/debug.o
                0x00000000000012b0                _write
 .text._sbrk    0x00000000000012fc       0x26 ./Debug/debug.o
                0x00000000000012fc                _sbrk
 .text.printf   0x0000000000001322       0x44 c:/mounriver/mrs_community/toolchain/risc-v embedded gcc/bin/../lib/gcc/riscv-none-embed/8.2.0/../../../../riscv-none-embed/lib/rv32ec/ilp32e\libg_nano.a(lib_a-printf.o)
                0x0000000000001322                iprintf
                0x0000000000001322                printf
 .text._puts_r  0x0000000000001366       0xd2 c:/mounriver/mrs_community/toolchain/risc-v embedded gcc/bin/../lib/gcc/riscv-none-embed/8.2.0/../../../../riscv-none-embed/lib/rv32ec/ilp32e\libg_nano.a(lib_a-puts.o)
                0x0000000000001366                _puts_r
 .text.puts     0x0000000000001438        0xe c:/mounriver/mrs_community/toolchain/risc-v embedded gcc/bin/../lib/gcc/riscv-none-embed/8.2.0/../../../../riscv-none-embed/lib/rv32ec/ilp32e\libg_nano.a(lib_a-puts.o)
                0x0000000000001438                puts
 .text.sprintf  0x0000000000001446       0x4a c:/mounriver/mrs_community/toolchain/risc-v embedded gcc/bin/../lib/gcc/riscv-none-embed/8.2.0/../../../../riscv-none-embed/lib/rv32ec/ilp32e\libg_nano.a(lib_a-sprintf.o)
                0x0000000000001446                siprintf
                0x0000000000001446                sprintf
 .text.__swbuf_r
                0x0000000000001490       0xc8 c:/mounriver/mrs_community/toolchain/risc-v embedded gcc/bin/../lib/gcc/riscv-none-embed/8.2.0/../../../../riscv-none-embed/lib/rv32ec/ilp32e\libg_nano.a(lib_a-wbuf.o)
                0x0000000000001490                __swbuf_r
 .text.__swsetup_r
                0x0000000000001558      0x112 c:/mounriver/mrs_community/toolchain/risc-v embedded gcc/bin/../lib/gcc/riscv-none-embed/8.2.0/../../../../riscv-none-embed/lib/rv32ec/ilp32e\libg_nano.a(lib_a-wsetup.o)
                0x0000000000001558                __swsetup_r
 .text.__sflush_r
                0x000000000000166a      0x134 c:/mounriver/mrs_community/toolchain/risc-v embedded gcc/bin/../lib/gcc/riscv-none-embed/8.2.0/../../../../riscv-none-embed/lib/rv32ec/ilp32e\libg_nano.a(lib_a-fflush.o)
                0x000000000000166a                __sflush_r
 .text._fflush_r
                0x000000000000179e       0x64 c:/mounriver/mrs_community/toolchain/risc-v embedded gcc/bin/../lib/gcc/riscv-none-embed/8.2.0/../../../../riscv-none-embed/lib/rv32ec/ilp32e\libg_nano.a(lib_a-fflush.o)
                0x000000000000179e                _fflush_r
 .text.std      0x0000000000001802       0x6a c:/mounriver/mrs_community/toolchain/risc-v embedded gcc/bin/../lib/gcc/riscv-none-embed/8.2.0/../../../../riscv-none-embed/lib/rv32ec/ilp32e\libg_nano.a(lib_a-findfp.o)
 .text._cleanup_r
                0x000000000000186c        0xa c:/mounriver/mrs_community/toolchain/risc-v embedded gcc/bin/../lib/gcc/riscv-none-embed/8.2.0/../../../../riscv-none-embed/lib/rv32ec/ilp32e\libg_nano.a(lib_a-findfp.o)
                0x000000000000186c                _cleanup_r
 .text.__sfmoreglue
                0x0000000000001876       0x48 c:/mounriver/mrs_community/toolchain/risc-v embedded gcc/bin/../lib/gcc/riscv-none-embed/8.2.0/../../../../riscv-none-embed/lib/rv32ec/ilp32e\libg_nano.a(lib_a-findfp.o)
                0x0000000000001876                __sfmoreglue
 .text.__sinit  0x00000000000018be       0x6a c:/mounriver/mrs_community/toolchain/risc-v embedded gcc/bin/../lib/gcc/riscv-none-embed/8.2.0/../../../../riscv-none-embed/lib/rv32ec/ilp32e\libg_nano.a(lib_a-findfp.o)
                0x00000000000018be                __sinit
 .text.__sfp    0x0000000000001928       0x9e c:/mounriver/mrs_community/toolchain/risc-v embedded gcc/bin/../lib/gcc/riscv-none-embed/8.2.0/../../../../riscv-none-embed/lib/rv32ec/ilp32e\libg_nano.a(lib_a-findfp.o)
                0x0000000000001928                __sfp
 .text._fwalk_reent
                0x00000000000019c6       0x60 c:/mounriver/mrs_community/toolchain/risc-v embedded gcc/bin/../lib/gcc/riscv-none-embed/8.2.0/../../../../riscv-none-embed/lib/rv32ec/ilp32e\libg_nano.a(lib_a-fwalk.o)
                0x00000000000019c6                _fwalk_reent
 .text.__swhatbuf_r
                0x0000000000001a26       0x64 c:/mounriver/mrs_community/toolchain/risc-v embedded gcc/bin/../lib/gcc/riscv-none-embed/8.2.0/../../../../riscv-none-embed/lib/rv32ec/ilp32e\libg_nano.a(lib_a-makebuf.o)
                0x0000000000001a26                __swhatbuf_r
 .text.__smakebuf_r
                0x0000000000001a8a       0x9c c:/mounriver/mrs_community/toolchain/risc-v embedded gcc/bin/../lib/gcc/riscv-none-embed/8.2.0/../../../../riscv-none-embed/lib/rv32ec/ilp32e\libg_nano.a(lib_a-makebuf.o)
                0x0000000000001a8a                __smakebuf_r
 .text._free_r  0x0000000000001b26       0xb0 c:/mounriver/mrs_community/toolchain/risc-v embedded gcc/bin/../lib/gcc/riscv-none-embed/8.2.0/../../../../riscv-none-embed/lib/rv32ec/ilp32e\libg_nano.a(lib_a-nano-freer.o)
                0x0000000000001b26                _free_r
 .text._malloc_r
                0x0000000000001bd6       0xe0 c:/mounriver/mrs_community/toolchain/risc-v embedded gcc/bin/../lib/gcc/riscv-none-embed/8.2.0/../../../../riscv-none-embed/lib/rv32ec/ilp32e\libg_nano.a(lib_a-nano-mallocr.o)
                0x0000000000001bd6                _malloc_r
 .text.__ssputs_r
                0x0000000000001cb6       0xf6 c:/mounriver/mrs_community/toolchain/risc-v embedded gcc/bin/../lib/gcc/riscv-none-embed/8.2.0/../../../../riscv-none-embed/lib/rv32ec/ilp32e\libg_nano.a(lib_a-nano-svfprintf.o)
                0x0000000000001cb6                __ssputs_r
 .text._svfprintf_r
                0x0000000000001dac      0x290 c:/mounriver/mrs_community/toolchain/risc-v embedded gcc/bin/../lib/gcc/riscv-none-embed/8.2.0/../../../../riscv-none-embed/lib/rv32ec/ilp32e\libg_nano.a(lib_a-nano-svfprintf.o)
                0x0000000000001dac                _svfiprintf_r
                0x0000000000001dac                _svfprintf_r
 .text.__sfputc_r
                0x000000000000203c       0x2a c:/mounriver/mrs_community/toolchain/risc-v embedded gcc/bin/../lib/gcc/riscv-none-embed/8.2.0/../../../../riscv-none-embed/lib/rv32ec/ilp32e\libg_nano.a(lib_a-nano-vfprintf.o)
 .text.__sfputs_r
                0x0000000000002066       0x3e c:/mounriver/mrs_community/toolchain/risc-v embedded gcc/bin/../lib/gcc/riscv-none-embed/8.2.0/../../../../riscv-none-embed/lib/rv32ec/ilp32e\libg_nano.a(lib_a-nano-vfprintf.o)
                0x0000000000002066                __sfputs_r
 .text._vfprintf_r
                0x00000000000020a4      0x2c4 c:/mounriver/mrs_community/toolchain/risc-v embedded gcc/bin/../lib/gcc/riscv-none-embed/8.2.0/../../../../riscv-none-embed/lib/rv32ec/ilp32e\libg_nano.a(lib_a-nano-vfprintf.o)
                0x00000000000020a4                _vfprintf_r
                0x00000000000020a4                _vfiprintf_r
 .text._printf_common
                0x0000000000002368      0x12c c:/mounriver/mrs_community/toolchain/risc-v embedded gcc/bin/../lib/gcc/riscv-none-embed/8.2.0/../../../../riscv-none-embed/lib/rv32ec/ilp32e\libg_nano.a(lib_a-nano-vfprintf_i.o)
                0x0000000000002368                _printf_common
 .text._printf_i
                0x0000000000002494      0x2c2 c:/mounriver/mrs_community/toolchain/risc-v embedded gcc/bin/../lib/gcc/riscv-none-embed/8.2.0/../../../../riscv-none-embed/lib/rv32ec/ilp32e\libg_nano.a(lib_a-nano-vfprintf_i.o)
                0x0000000000002494                _printf_i
 .text._sbrk_r  0x0000000000002756       0x2a c:/mounriver/mrs_community/toolchain/risc-v embedded gcc/bin/../lib/gcc/riscv-none-embed/8.2.0/../../../../riscv-none-embed/lib/rv32ec/ilp32e\libg_nano.a(lib_a-sbrkr.o)
                0x0000000000002756                _sbrk_r
 .text.__sread  0x0000000000002780       0x30 c:/mounriver/mrs_community/toolchain/risc-v embedded gcc/bin/../lib/gcc/riscv-none-embed/8.2.0/../../../../riscv-none-embed/lib/rv32ec/ilp32e\libg_nano.a(lib_a-stdio.o)
                0x0000000000002780                __sread
 .text.__swrite
                0x00000000000027b0       0x4e c:/mounriver/mrs_community/toolchain/risc-v embedded gcc/bin/../lib/gcc/riscv-none-embed/8.2.0/../../../../riscv-none-embed/lib/rv32ec/ilp32e\libg_nano.a(lib_a-stdio.o)
                0x00000000000027b0                __swrite
 .text.__sseek  0x00000000000027fe       0x36 c:/mounriver/mrs_community/toolchain/risc-v embedded gcc/bin/../lib/gcc/riscv-none-embed/8.2.0/../../../../riscv-none-embed/lib/rv32ec/ilp32e\libg_nano.a(lib_a-stdio.o)
                0x00000000000027fe                __sseek
 .text.__sclose
                0x0000000000002834        0x6 c:/mounriver/mrs_community/toolchain/risc-v embedded gcc/bin/../lib/gcc/riscv-none-embed/8.2.0/../../../../riscv-none-embed/lib/rv32ec/ilp32e\libg_nano.a(lib_a-stdio.o)
                0x0000000000002834                __sclose
 .text._write_r
                0x000000000000283a       0x2e c:/mounriver/mrs_community/toolchain/risc-v embedded gcc/bin/../lib/gcc/riscv-none-embed/8.2.0/../../../../riscv-none-embed/lib/rv32ec/ilp32e\libg_nano.a(lib_a-writer.o)
                0x000000000000283a                _write_r
 .text._close_r
                0x0000000000002868       0x28 c:/mounriver/mrs_community/toolchain/risc-v embedded gcc/bin/../lib/gcc/riscv-none-embed/8.2.0/../../../../riscv-none-embed/lib/rv32ec/ilp32e\libg_nano.a(lib_a-closer.o)
                0x0000000000002868                _close_r
 .text._fstat_r
                0x0000000000002890       0x2a c:/mounriver/mrs_community/toolchain/risc-v embedded gcc/bin/../lib/gcc/riscv-none-embed/8.2.0/../../../../riscv-none-embed/lib/rv32ec/ilp32e\libg_nano.a(lib_a-fstatr.o)
                0x0000000000002890                _fstat_r
 .text._isatty_r
                0x00000000000028ba       0x28 c:/mounriver/mrs_community/toolchain/risc-v embedded gcc/bin/../lib/gcc/riscv-none-embed/8.2.0/../../../../riscv-none-embed/lib/rv32ec/ilp32e\libg_nano.a(lib_a-isattyr.o)
                0x00000000000028ba                _isatty_r
 .text._lseek_r
                0x00000000000028e2       0x2c c:/mounriver/mrs_community/toolchain/risc-v embedded gcc/bin/../lib/gcc/riscv-none-embed/8.2.0/../../../../riscv-none-embed/lib/rv32ec/ilp32e\libg_nano.a(lib_a-lseekr.o)
                0x00000000000028e2                _lseek_r
 .text.memchr   0x000000000000290e       0x1a c:/mounriver/mrs_community/toolchain/risc-v embedded gcc/bin/../lib/gcc/riscv-none-embed/8.2.0/../../../../riscv-none-embed/lib/rv32ec/ilp32e\libg_nano.a(lib_a-memchr.o)
                0x000000000000290e                memchr
 .text.memcpy   0x0000000000002928       0xd8 c:/mounriver/mrs_community/toolchain/risc-v embedded gcc/bin/../lib/gcc/riscv-none-embed/8.2.0/../../../../riscv-none-embed/lib/rv32ec/ilp32e\libg_nano.a(lib_a-memcpy.o)
                0x0000000000002928                memcpy
 .text.memmove  0x0000000000002a00       0x4a c:/mounriver/mrs_community/toolchain/risc-v embedded gcc/bin/../lib/gcc/riscv-none-embed/8.2.0/../../../../riscv-none-embed/lib/rv32ec/ilp32e\libg_nano.a(lib_a-memmove.o)
                0x0000000000002a00                memmove
 .text.__malloc_lock
                0x0000000000002a4a        0x2 c:/mounriver/mrs_community/toolchain/risc-v embedded gcc/bin/../lib/gcc/riscv-none-embed/8.2.0/../../../../riscv-none-embed/lib/rv32ec/ilp32e\libg_nano.a(lib_a-mlock.o)
                0x0000000000002a4a                __malloc_lock
 .text.__malloc_unlock
                0x0000000000002a4c        0x2 c:/mounriver/mrs_community/toolchain/risc-v embedded gcc/bin/../lib/gcc/riscv-none-embed/8.2.0/../../../../riscv-none-embed/lib/rv32ec/ilp32e\libg_nano.a(lib_a-mlock.o)
                0x0000000000002a4c                __malloc_unlock
 .text._realloc_r
                0x0000000000002a4e       0x56 c:/mounriver/mrs_community/toolchain/risc-v embedded gcc/bin/../lib/gcc/riscv-none-embed/8.2.0/../../../../riscv-none-embed/lib/rv32ec/ilp32e\libg_nano.a(lib_a-nano-reallocr.o)
                0x0000000000002a4e                _realloc_r
 .text._read_r  0x0000000000002aa4       0x2c c:/mounriver/mrs_community/toolchain/risc-v embedded gcc/bin/../lib/gcc/riscv-none-embed/8.2.0/../../../../riscv-none-embed/lib/rv32ec/ilp32e\libg_nano.a(lib_a-readr.o)
                0x0000000000002aa4                _read_r
 .text._malloc_usable_size_r
                0x0000000000002ad0       0x14 c:/mounriver/mrs_community/toolchain/risc-v embedded gcc/bin/../lib/gcc/riscv-none-embed/8.2.0/../../../../riscv-none-embed/lib/rv32ec/ilp32e\libg_nano.a(lib_a-nano-msizer.o)
                0x0000000000002ad0                _malloc_usable_size_r
 .text._close   0x0000000000002ae4        0xc c:/mounriver/mrs_community/toolchain/risc-v embedded gcc/bin/../lib/gcc/riscv-none-embed/8.2.0/../../../../riscv-none-embed/lib/rv32ec/ilp32e\libnosys.a(close.o)
                0x0000000000002ae4                _close
 .text._fstat   0x0000000000002af0        0xc c:/mounriver/mrs_community/toolchain/risc-v embedded gcc/bin/../lib/gcc/riscv-none-embed/8.2.0/../../../../riscv-none-embed/lib/rv32ec/ilp32e\libnosys.a(fstat.o)
                0x0000000000002af0                _fstat
 .text._isatty  0x0000000000002afc        0xc c:/mounriver/mrs_community/toolchain/risc-v embedded gcc/bin/../lib/gcc/riscv-none-embed/8.2.0/../../../../riscv-none-embed/lib/rv32ec/ilp32e\libnosys.a(isatty.o)
                0x0000000000002afc                _isatty
 .text._lseek   0x0000000000002b08        0xc c:/mounriver/mrs_community/toolchain/risc-v embedded gcc/bin/../lib/gcc/riscv-none-embed/8.2.0/../../../../riscv-none-embed/lib/rv32ec/ilp32e\libnosys.a(lseek.o)
                0x0000000000002b08                _lseek
 .text._read    0x0000000000002b14        0xc c:/mounriver/mrs_community/toolchain/risc-v embedded gcc/bin/../lib/gcc/riscv-none-embed/8.2.0/../../../../riscv-none-embed/lib/rv32ec/ilp32e\libnosys.a(read.o)
                0x0000000000002b14                _read
 *(.rodata)
 *(.rodata*)
 *fill*         0x0000000000002b20        0x0 
 .rodata.main.str1.4
                0x0000000000002b20       0x42 ./User/main.o
 *fill*         0x0000000000002b62        0x2 
 .rodata.font   0x0000000000002b64      0x1e5 ./User/oled_049.o
                0x0000000000002b64                font
 *fill*         0x0000000000002d49        0x3 
 .rodata.__sf_fake_stderr
                0x0000000000002d4c       0x20 c:/mounriver/mrs_community/toolchain/risc-v embedded gcc/bin/../lib/gcc/riscv-none-embed/8.2.0/../../../../riscv-none-embed/lib/rv32ec/ilp32e\libg_nano.a(lib_a-findfp.o)
                0x0000000000002d4c                __sf_fake_stderr
 .rodata.__sf_fake_stdin
                0x0000000000002d6c       0x20 c:/mounriver/mrs_community/toolchain/risc-v embedded gcc/bin/../lib/gcc/riscv-none-embed/8.2.0/../../../../riscv-none-embed/lib/rv32ec/ilp32e\libg_nano.a(lib_a-findfp.o)
                0x0000000000002d6c                __sf_fake_stdin
 .rodata.__sf_fake_stdout
                0x0000000000002d8c       0x20 c:/mounriver/mrs_community/toolchain/risc-v embedded gcc/bin/../lib/gcc/riscv-none-embed/8.2.0/../../../../riscv-none-embed/lib/rv32ec/ilp32e\libg_nano.a(lib_a-findfp.o)
                0x0000000000002d8c                __sf_fake_stdout
 .rodata._svfprintf_r.str1.4
                0x0000000000002dac       0x13 c:/mounriver/mrs_community/toolchain/risc-v embedded gcc/bin/../lib/gcc/riscv-none-embed/8.2.0/../../../../riscv-none-embed/lib/rv32ec/ilp32e\libg_nano.a(lib_a-nano-svfprintf.o)
 .rodata._vfprintf_r.str1.4
                0x0000000000002dbf       0x13 c:/mounriver/mrs_community/toolchain/risc-v embedded gcc/bin/../lib/gcc/riscv-none-embed/8.2.0/../../../../riscv-none-embed/lib/rv32ec/ilp32e\libg_nano.a(lib_a-nano-vfprintf.o)
 *fill*         0x0000000000002dbf        0x1 
 .rodata._printf_i.str1.4
                0x0000000000002dc0       0x28 c:/mounriver/mrs_community/toolchain/risc-v embedded gcc/bin/../lib/gcc/riscv-none-embed/8.2.0/../../../../riscv-none-embed/lib/rv32ec/ilp32e\libg_nano.a(lib_a-nano-vfprintf_i.o)
                                         0x25 (size before relaxing)
 *(.gnu.linkonce.t.*)
                0x0000000000002de8                . = ALIGN (0x4)

.rela.dyn       0x0000000000002de8        0x0
 .rela.init     0x0000000000002de8        0x0 ./User/ch32v00x_it.o
 .rela.text.handle_reset
                0x0000000000002de8        0x0 ./User/ch32v00x_it.o
 .rela.text._sbrk
                0x0000000000002de8        0x0 ./User/ch32v00x_it.o
 .rela.data.curbrk.4087
                0x0000000000002de8        0x0 ./User/ch32v00x_it.o
 .rela.text._svfprintf_r
                0x0000000000002de8        0x0 ./User/ch32v00x_it.o
 .rela.text._vfprintf_r
                0x0000000000002de8        0x0 ./User/ch32v00x_it.o
 .rela.text._sbrk_r
                0x0000000000002de8        0x0 ./User/ch32v00x_it.o
 .rela.text._write_r
                0x0000000000002de8        0x0 ./User/ch32v00x_it.o
 .rela.text._close_r
                0x0000000000002de8        0x0 ./User/ch32v00x_it.o
 .rela.text._fstat_r
                0x0000000000002de8        0x0 ./User/ch32v00x_it.o
 .rela.text._isatty_r
                0x0000000000002de8        0x0 ./User/ch32v00x_it.o
 .rela.text._lseek_r
                0x0000000000002de8        0x0 ./User/ch32v00x_it.o
 .rela.text._read_r
                0x0000000000002de8        0x0 ./User/ch32v00x_it.o
 .rela.text._close
                0x0000000000002de8        0x0 ./User/ch32v00x_it.o
 .rela.text._fstat
                0x0000000000002de8        0x0 ./User/ch32v00x_it.o
 .rela.text._isatty
                0x0000000000002de8        0x0 ./User/ch32v00x_it.o
 .rela.text._lseek
                0x0000000000002de8        0x0 ./User/ch32v00x_it.o
 .rela.text._read
                0x0000000000002de8        0x0 ./User/ch32v00x_it.o

.fini           0x0000000000002de8        0x0
 *(SORT_NONE(.fini))
                0x0000000000002de8                . = ALIGN (0x4)
                [!provide]                        PROVIDE (_etext = .)
                [!provide]                        PROVIDE (_eitcm = .)

.preinit_array  0x0000000000002de8        0x0
                [!provide]                        PROVIDE (__preinit_array_start = .)
 *(.preinit_array)
                [!provide]                        PROVIDE (__preinit_array_end = .)

.init_array     0x0000000000002de8        0x0
                [!provide]                        PROVIDE (__init_array_start = .)
 *(SORT_BY_INIT_PRIORITY(.init_array.*) SORT_BY_INIT_PRIORITY(.ctors.*))
 *(.init_array EXCLUDE_FILE(*crtend?.o *crtend.o *crtbegin?.o *crtbegin.o) .ctors)
                [!provide]                        PROVIDE (__init_array_end = .)

.fini_array     0x0000000000002de8        0x0
                [!provide]                        PROVIDE (__fini_array_start = .)
 *(SORT_BY_INIT_PRIORITY(.fini_array.*) SORT_BY_INIT_PRIORITY(.dtors.*))
 *(.fini_array EXCLUDE_FILE(*crtend?.o *crtend.o *crtbegin?.o *crtbegin.o) .dtors)
                [!provide]                        PROVIDE (__fini_array_end = .)

.ctors
 *crtbegin.o(.ctors)
 *crtbegin?.o(.ctors)
 *(EXCLUDE_FILE(*crtend?.o *crtend.o) .ctors)
 *(SORT_BY_NAME(.ctors.*))
 *(.ctors)

.dtors
 *crtbegin.o(.dtors)
 *crtbegin?.o(.dtors)
 *(EXCLUDE_FILE(*crtend?.o *crtend.o) .dtors)
 *(SORT_BY_NAME(.dtors.*))
 *(.dtors)

.dalign         0x0000000020000000        0x0 load address 0x0000000000002de8
                0x0000000020000000                . = ALIGN (0x4)
                0x0000000020000000                PROVIDE (_data_vma = .)

.dlalign        0x0000000000002de8        0x0
                0x0000000000002de8                . = ALIGN (0x4)
                0x0000000000002de8                PROVIDE (_data_lma = .)

.data           0x0000000020000000       0xc0 load address 0x0000000000002de8
                0x0000000020000000                . = ALIGN (0x4)
 *(.gnu.linkonce.r.*)
 *(.data .data.*)
 .data.ssd1306InitCommand
                0x0000000020000000       0x1b ./User/oled_049.o
                0x0000000020000000                ssd1306InitCommand
 *fill*         0x000000002000001b        0x1 
 .data.AHBPrescTable
                0x000000002000001c       0x10 ./User/system_ch32v00x.o
                0x000000002000001c                AHBPrescTable
 .data.SystemCoreClock
                0x000000002000002c        0x4 ./User/system_ch32v00x.o
                0x000000002000002c                SystemCoreClock
 .data.ADCPrescTable
                0x0000000020000030       0x14 ./Peripheral/src/ch32v00x_rcc.o
 .data.APBAHBPrescTable
                0x0000000020000044       0x10 ./Peripheral/src/ch32v00x_rcc.o
 .data.curbrk.4087
                0x0000000020000054        0x4 ./Debug/debug.o
 .data.impure_data
                0x0000000020000058       0x60 c:/mounriver/mrs_community/toolchain/risc-v embedded gcc/bin/../lib/gcc/riscv-none-embed/8.2.0/../../../../riscv-none-embed/lib/rv32ec/ilp32e\libg_nano.a(lib_a-impure.o)
 *(.gnu.linkonce.d.*)
                0x00000000200000b8                . = ALIGN (0x8)
                0x00000000200008b8                PROVIDE (__global_pointer$ = (. + 0x800))
 *(.sdata .sdata.*)
 .sdata._impure_ptr
                0x00000000200000b8        0x4 c:/mounriver/mrs_community/toolchain/risc-v embedded gcc/bin/../lib/gcc/riscv-none-embed/8.2.0/../../../../riscv-none-embed/lib/rv32ec/ilp32e\libg_nano.a(lib_a-impure.o)
                0x00000000200000b8                _impure_ptr
 *(.sdata2*)
 .sdata2._global_impure_ptr
                0x00000000200000bc        0x4 c:/mounriver/mrs_community/toolchain/risc-v embedded gcc/bin/../lib/gcc/riscv-none-embed/8.2.0/../../../../riscv-none-embed/lib/rv32ec/ilp32e\libg_nano.a(lib_a-impure.o)
                0x00000000200000bc                _global_impure_ptr
 *(.gnu.linkonce.s.*)
                0x00000000200000c0                . = ALIGN (0x8)
 *(.srodata.cst16)
 *(.srodata.cst8)
 *(.srodata.cst4)
 *(.srodata.cst2)
 *(.srodata .srodata.*)
                0x00000000200000c0                . = ALIGN (0x4)
                0x00000000200000c0                PROVIDE (_edata = .)

.bss            0x00000000200000c0       0x30 load address 0x0000000000002ea8
                0x00000000200000c0                . = ALIGN (0x4)
                0x00000000200000c0                PROVIDE (_sbss = .)
 *(.sbss*)
 .sbss.__malloc_free_list
                0x00000000200000c0        0x4 c:/mounriver/mrs_community/toolchain/risc-v embedded gcc/bin/../lib/gcc/riscv-none-embed/8.2.0/../../../../riscv-none-embed/lib/rv32ec/ilp32e\libg_nano.a(lib_a-nano-mallocr.o)
                0x00000000200000c0                __malloc_free_list
 .sbss.__malloc_sbrk_start
                0x00000000200000c4        0x4 c:/mounriver/mrs_community/toolchain/risc-v embedded gcc/bin/../lib/gcc/riscv-none-embed/8.2.0/../../../../riscv-none-embed/lib/rv32ec/ilp32e\libg_nano.a(lib_a-nano-mallocr.o)
                0x00000000200000c4                __malloc_sbrk_start
 *(.gnu.linkonce.sb.*)
 *(.bss*)
 .bss.adc_buf   0x00000000200000c8        0x8 ./User/main.o
                0x00000000200000c8                adc_buf
 .bss.flag_adc  0x00000000200000d0        0x4 ./User/main.o
                0x00000000200000d0                flag_adc
 .bss.msg_buf   0x00000000200000d4       0x10 ./User/main.o
                0x00000000200000d4                msg_buf
 .bss.NVIC_Priority_Group
                0x00000000200000e4        0x4 ./Peripheral/src/ch32v00x_misc.o
                0x00000000200000e4                NVIC_Priority_Group
 .bss.p_ms      0x00000000200000e8        0x2 ./Debug/debug.o
 .bss.p_us      0x00000000200000ea        0x1 ./Debug/debug.o
 *(.gnu.linkonce.b.*)
 *(COMMON*)
 *fill*         0x00000000200000eb        0x1 
 COMMON         0x00000000200000ec        0x4 c:/mounriver/mrs_community/toolchain/risc-v embedded gcc/bin/../lib/gcc/riscv-none-embed/8.2.0/../../../../riscv-none-embed/lib/rv32ec/ilp32e\libg_nano.a(lib_a-reent.o)
                0x00000000200000ec                errno
                0x00000000200000f0                . = ALIGN (0x4)
                0x00000000200000f0                PROVIDE (_ebss = .)
                0x00000000200000f0                PROVIDE (_end = _ebss)
                [!provide]                        PROVIDE (end = .)

.stack          0x0000000020000700      0x100
                0x0000000020000700                PROVIDE (_heap_end = .)
                0x0000000020000700                . = ALIGN (0x4)
                [!provide]                        PROVIDE (_susrstack = .)
                0x0000000020000800                . = (. + __stack_size)
 *fill*         0x0000000020000700      0x100 
                0x0000000020000800                PROVIDE (_eusrstack = .)
OUTPUT(oled_049_r2_CH32V003A4M6.elf elf32-littleriscv)

.debug_info     0x0000000000000000    0x10072
 .debug_info    0x0000000000000000      0x962 ./User/ch32v00x_it.o
 .debug_info    0x0000000000000962     0x1d5e ./User/main.o
 .debug_info    0x00000000000026c0     0x1260 ./User/oled_049.o
 .debug_info    0x0000000000003920      0xbca ./User/system_ch32v00x.o
 .debug_info    0x00000000000044ea       0x22 ./Startup/startup_ch32v00x.o
 .debug_info    0x000000000000450c     0x1526 ./Peripheral/src/ch32v00x_adc.o
 .debug_info    0x0000000000005a32      0xa94 ./Peripheral/src/ch32v00x_dbgmcu.o
 .debug_info    0x00000000000064c6      0xd17 ./Peripheral/src/ch32v00x_dma.o
 .debug_info    0x00000000000071dd     0x103a ./Peripheral/src/ch32v00x_gpio.o
 .debug_info    0x0000000000008217     0x1417 ./Peripheral/src/ch32v00x_i2c.o
 .debug_info    0x000000000000962e      0xdda ./Peripheral/src/ch32v00x_misc.o
 .debug_info    0x000000000000a408     0x1063 ./Peripheral/src/ch32v00x_rcc.o
 .debug_info    0x000000000000b46b     0x297f ./Peripheral/src/ch32v00x_tim.o
 .debug_info    0x000000000000ddea     0x1351 ./Peripheral/src/ch32v00x_usart.o
 .debug_info    0x000000000000f13b      0xf37 ./Debug/debug.o

.debug_abbrev   0x0000000000000000     0x2b8f
 .debug_abbrev  0x0000000000000000      0x1cf ./User/ch32v00x_it.o
 .debug_abbrev  0x00000000000001cf      0x36c ./User/main.o
 .debug_abbrev  0x000000000000053b      0x387 ./User/oled_049.o
 .debug_abbrev  0x00000000000008c2      0x269 ./User/system_ch32v00x.o
 .debug_abbrev  0x0000000000000b2b       0x12 ./Startup/startup_ch32v00x.o
 .debug_abbrev  0x0000000000000b3d      0x307 ./Peripheral/src/ch32v00x_adc.o
 .debug_abbrev  0x0000000000000e44      0x2f7 ./Peripheral/src/ch32v00x_dbgmcu.o
 .debug_abbrev  0x000000000000113b      0x302 ./Peripheral/src/ch32v00x_dma.o
 .debug_abbrev  0x000000000000143d      0x309 ./Peripheral/src/ch32v00x_gpio.o
 .debug_abbrev  0x0000000000001746      0x3a7 ./Peripheral/src/ch32v00x_i2c.o
 .debug_abbrev  0x0000000000001aed      0x2fb ./Peripheral/src/ch32v00x_misc.o
 .debug_abbrev  0x0000000000001de8      0x36d ./Peripheral/src/ch32v00x_rcc.o
 .debug_abbrev  0x0000000000002155      0x408 ./Peripheral/src/ch32v00x_tim.o
 .debug_abbrev  0x000000000000255d      0x323 ./Peripheral/src/ch32v00x_usart.o
 .debug_abbrev  0x0000000000002880      0x30f ./Debug/debug.o

.debug_aranges  0x0000000000000000      0x9c0
 .debug_aranges
                0x0000000000000000       0x28 ./User/ch32v00x_it.o
 .debug_aranges
                0x0000000000000028       0x48 ./User/main.o
 .debug_aranges
                0x0000000000000070       0x48 ./User/oled_049.o
 .debug_aranges
                0x00000000000000b8       0x28 ./User/system_ch32v00x.o
 .debug_aranges
                0x00000000000000e0       0x30 ./Startup/startup_ch32v00x.o
 .debug_aranges
                0x0000000000000110      0x138 ./Peripheral/src/ch32v00x_adc.o
 .debug_aranges
                0x0000000000000248       0x48 ./Peripheral/src/ch32v00x_dbgmcu.o
 .debug_aranges
                0x0000000000000290       0x60 ./Peripheral/src/ch32v00x_dma.o
 .debug_aranges
                0x00000000000002f0       0x98 ./Peripheral/src/ch32v00x_gpio.o
 .debug_aranges
                0x0000000000000388      0x108 ./Peripheral/src/ch32v00x_i2c.o
 .debug_aranges
                0x0000000000000490       0x28 ./Peripheral/src/ch32v00x_misc.o
 .debug_aranges
                0x00000000000004b8       0xe0 ./Peripheral/src/ch32v00x_rcc.o
 .debug_aranges
                0x0000000000000598      0x2d8 ./Peripheral/src/ch32v00x_tim.o
 .debug_aranges
                0x0000000000000870      0x100 ./Peripheral/src/ch32v00x_usart.o
 .debug_aranges
                0x0000000000000970       0x50 ./Debug/debug.o

.debug_ranges   0x0000000000000000      0x9e0
 .debug_ranges  0x0000000000000000       0x18 ./User/ch32v00x_it.o
 .debug_ranges  0x0000000000000018       0x50 ./User/main.o
 .debug_ranges  0x0000000000000068       0xb0 ./User/oled_049.o
 .debug_ranges  0x0000000000000118       0x18 ./User/system_ch32v00x.o
 .debug_ranges  0x0000000000000130       0x28 ./Startup/startup_ch32v00x.o
 .debug_ranges  0x0000000000000158      0x128 ./Peripheral/src/ch32v00x_adc.o
 .debug_ranges  0x0000000000000280       0x50 ./Peripheral/src/ch32v00x_dbgmcu.o
 .debug_ranges  0x00000000000002d0       0x50 ./Peripheral/src/ch32v00x_dma.o
 .debug_ranges  0x0000000000000320       0x88 ./Peripheral/src/ch32v00x_gpio.o
 .debug_ranges  0x00000000000003a8       0xf8 ./Peripheral/src/ch32v00x_i2c.o
 .debug_ranges  0x00000000000004a0       0x48 ./Peripheral/src/ch32v00x_misc.o
 .debug_ranges  0x00000000000004e8       0xd0 ./Peripheral/src/ch32v00x_rcc.o
 .debug_ranges  0x00000000000005b8      0x2f8 ./Peripheral/src/ch32v00x_tim.o
 .debug_ranges  0x00000000000008b0       0xf0 ./Peripheral/src/ch32v00x_usart.o
 .debug_ranges  0x00000000000009a0       0x40 ./Debug/debug.o

.debug_line     0x0000000000000000     0xb181
 .debug_line    0x0000000000000000      0x21f ./User/ch32v00x_it.o
 .debug_line    0x000000000000021f      0xae4 ./User/main.o
 .debug_line    0x0000000000000d03      0x864 ./User/oled_049.o
 .debug_line    0x0000000000001567      0x50d ./User/system_ch32v00x.o
 .debug_line    0x0000000000001a74      0x1ae ./Startup/startup_ch32v00x.o
 .debug_line    0x0000000000001c22     0x142e ./Peripheral/src/ch32v00x_adc.o
 .debug_line    0x0000000000003050      0x36e ./Peripheral/src/ch32v00x_dbgmcu.o
 .debug_line    0x00000000000033be      0x789 ./Peripheral/src/ch32v00x_dma.o
 .debug_line    0x0000000000003b47      0xd0d ./Peripheral/src/ch32v00x_gpio.o
 .debug_line    0x0000000000004854     0x1070 ./Peripheral/src/ch32v00x_i2c.o
 .debug_line    0x00000000000058c4      0x4bd ./Peripheral/src/ch32v00x_misc.o
 .debug_line    0x0000000000005d81      0xd58 ./Peripheral/src/ch32v00x_rcc.o
 .debug_line    0x0000000000006ad9     0x304b ./Peripheral/src/ch32v00x_tim.o
 .debug_line    0x0000000000009b24      0xefa ./Peripheral/src/ch32v00x_usart.o
 .debug_line    0x000000000000aa1e      0x763 ./Debug/debug.o

.debug_str      0x0000000000000000     0x2df7
 .debug_str     0x0000000000000000      0x54e ./User/ch32v00x_it.o
                                        0x5af (size before relaxing)
 .debug_str     0x000000000000054e      0xab5 ./User/main.o
                                       0x1076 (size before relaxing)
 .debug_str     0x0000000000001003      0x1de ./User/oled_049.o
                                        0x99f (size before relaxing)
 .debug_str     0x00000000000011e1       0xcc ./User/system_ch32v00x.o
                                        0x6dc (size before relaxing)
 .debug_str     0x00000000000012ad       0x2a ./Startup/startup_ch32v00x.o
                                         0x5f (size before relaxing)
 .debug_str     0x00000000000012d7      0x3bd ./Peripheral/src/ch32v00x_adc.o
                                        0xb83 (size before relaxing)
 .debug_str     0x0000000000001694       0x7e ./Peripheral/src/ch32v00x_dbgmcu.o
                                        0x63f (size before relaxing)
 .debug_str     0x0000000000001712       0xd2 ./Peripheral/src/ch32v00x_dma.o
                                        0x7ec (size before relaxing)
 .debug_str     0x00000000000017e4      0x1df ./Peripheral/src/ch32v00x_gpio.o
                                        0x942 (size before relaxing)
 .debug_str     0x00000000000019c3      0x308 ./Peripheral/src/ch32v00x_i2c.o
                                        0xaab (size before relaxing)
 .debug_str     0x0000000000001ccb      0x105 ./Peripheral/src/ch32v00x_misc.o
                                        0x90b (size before relaxing)
 .debug_str     0x0000000000001dd0      0x220 ./Peripheral/src/ch32v00x_rcc.o
                                        0x9aa (size before relaxing)
 .debug_str     0x0000000000001ff0      0xa15 ./Peripheral/src/ch32v00x_tim.o
                                       0x1264 (size before relaxing)
 .debug_str     0x0000000000002a05      0x36d ./Peripheral/src/ch32v00x_usart.o
                                        0xaf9 (size before relaxing)
 .debug_str     0x0000000000002d72       0x85 ./Debug/debug.o
                                        0x900 (size before relaxing)

.comment        0x0000000000000000       0x33
 .comment       0x0000000000000000       0x33 ./User/ch32v00x_it.o
                                         0x34 (size before relaxing)
 .comment       0x0000000000000033       0x34 ./User/main.o
 .comment       0x0000000000000033       0x34 ./User/oled_049.o
 .comment       0x0000000000000033       0x34 ./User/system_ch32v00x.o
 .comment       0x0000000000000033       0x34 ./Peripheral/src/ch32v00x_adc.o
 .comment       0x0000000000000033       0x34 ./Peripheral/src/ch32v00x_dbgmcu.o
 .comment       0x0000000000000033       0x34 ./Peripheral/src/ch32v00x_dma.o
 .comment       0x0000000000000033       0x34 ./Peripheral/src/ch32v00x_gpio.o
 .comment       0x0000000000000033       0x34 ./Peripheral/src/ch32v00x_i2c.o
 .comment       0x0000000000000033       0x34 ./Peripheral/src/ch32v00x_misc.o
 .comment       0x0000000000000033       0x34 ./Peripheral/src/ch32v00x_rcc.o
 .comment       0x0000000000000033       0x34 ./Peripheral/src/ch32v00x_tim.o
 .comment       0x0000000000000033       0x34 ./Peripheral/src/ch32v00x_usart.o
 .comment       0x0000000000000033       0x34 ./Debug/debug.o

.debug_frame    0x0000000000000000     0x1e38
 .debug_frame   0x0000000000000000       0x30 ./User/ch32v00x_it.o
 .debug_frame   0x0000000000000030       0xd8 ./User/main.o
 .debug_frame   0x0000000000000108       0xe8 ./User/oled_049.o
 .debug_frame   0x00000000000001f0       0x40 ./User/system_ch32v00x.o
 .debug_frame   0x0000000000000230      0x26c ./Peripheral/src/ch32v00x_adc.o
 .debug_frame   0x000000000000049c       0x70 ./Peripheral/src/ch32v00x_dbgmcu.o
 .debug_frame   0x000000000000050c       0xcc ./Peripheral/src/ch32v00x_dma.o
 .debug_frame   0x00000000000005d8      0x150 ./Peripheral/src/ch32v00x_gpio.o
 .debug_frame   0x0000000000000728      0x254 ./Peripheral/src/ch32v00x_i2c.o
 .debug_frame   0x000000000000097c       0x30 ./Peripheral/src/ch32v00x_misc.o
 .debug_frame   0x00000000000009ac      0x1c0 ./Peripheral/src/ch32v00x_rcc.o
 .debug_frame   0x0000000000000b6c      0x624 ./Peripheral/src/ch32v00x_tim.o
 .debug_frame   0x0000000000001190      0x204 ./Peripheral/src/ch32v00x_usart.o
 .debug_frame   0x0000000000001394       0xe4 ./Debug/debug.o
 .debug_frame   0x0000000000001478       0x54 c:/mounriver/mrs_community/toolchain/risc-v embedded gcc/bin/../lib/gcc/riscv-none-embed/8.2.0/../../../../riscv-none-embed/lib/rv32ec/ilp32e\libg_nano.a(lib_a-printf.o)
 .debug_frame   0x00000000000014cc       0x48 c:/mounriver/mrs_community/toolchain/risc-v embedded gcc/bin/../lib/gcc/riscv-none-embed/8.2.0/../../../../riscv-none-embed/lib/rv32ec/ilp32e\libg_nano.a(lib_a-puts.o)
 .debug_frame   0x0000000000001514       0x48 c:/mounriver/mrs_community/toolchain/risc-v embedded gcc/bin/../lib/gcc/riscv-none-embed/8.2.0/../../../../riscv-none-embed/lib/rv32ec/ilp32e\libg_nano.a(lib_a-sprintf.o)
 .debug_frame   0x000000000000155c       0x48 c:/mounriver/mrs_community/toolchain/risc-v embedded gcc/bin/../lib/gcc/riscv-none-embed/8.2.0/../../../../riscv-none-embed/lib/rv32ec/ilp32e\libg_nano.a(lib_a-wbuf.o)
 .debug_frame   0x00000000000015a4       0x38 c:/mounriver/mrs_community/toolchain/risc-v embedded gcc/bin/../lib/gcc/riscv-none-embed/8.2.0/../../../../riscv-none-embed/lib/rv32ec/ilp32e\libg_nano.a(lib_a-wsetup.o)
 .debug_frame   0x00000000000015dc       0x74 c:/mounriver/mrs_community/toolchain/risc-v embedded gcc/bin/../lib/gcc/riscv-none-embed/8.2.0/../../../../riscv-none-embed/lib/rv32ec/ilp32e\libg_nano.a(lib_a-fflush.o)
 .debug_frame   0x0000000000001650      0x13c c:/mounriver/mrs_community/toolchain/risc-v embedded gcc/bin/../lib/gcc/riscv-none-embed/8.2.0/../../../../riscv-none-embed/lib/rv32ec/ilp32e\libg_nano.a(lib_a-findfp.o)
 .debug_frame   0x000000000000178c       0x60 c:/mounriver/mrs_community/toolchain/risc-v embedded gcc/bin/../lib/gcc/riscv-none-embed/8.2.0/../../../../riscv-none-embed/lib/rv32ec/ilp32e\libg_nano.a(lib_a-fwalk.o)
 .debug_frame   0x00000000000017ec       0x5c c:/mounriver/mrs_community/toolchain/risc-v embedded gcc/bin/../lib/gcc/riscv-none-embed/8.2.0/../../../../riscv-none-embed/lib/rv32ec/ilp32e\libg_nano.a(lib_a-makebuf.o)
 .debug_frame   0x0000000000001848       0x40 c:/mounriver/mrs_community/toolchain/risc-v embedded gcc/bin/../lib/gcc/riscv-none-embed/8.2.0/../../../../riscv-none-embed/lib/rv32ec/ilp32e\libg_nano.a(lib_a-nano-freer.o)
 .debug_frame   0x0000000000001888       0x38 c:/mounriver/mrs_community/toolchain/risc-v embedded gcc/bin/../lib/gcc/riscv-none-embed/8.2.0/../../../../riscv-none-embed/lib/rv32ec/ilp32e\libg_nano.a(lib_a-nano-mallocr.o)
 .debug_frame   0x00000000000018c0       0x84 c:/mounriver/mrs_community/toolchain/risc-v embedded gcc/bin/../lib/gcc/riscv-none-embed/8.2.0/../../../../riscv-none-embed/lib/rv32ec/ilp32e\libg_nano.a(lib_a-nano-svfprintf.o)
 .debug_frame   0x0000000000001944       0xa4 c:/mounriver/mrs_community/toolchain/risc-v embedded gcc/bin/../lib/gcc/riscv-none-embed/8.2.0/../../../../riscv-none-embed/lib/rv32ec/ilp32e\libg_nano.a(lib_a-nano-vfprintf.o)
 .debug_frame   0x00000000000019e8       0x60 c:/mounriver/mrs_community/toolchain/risc-v embedded gcc/bin/../lib/gcc/riscv-none-embed/8.2.0/../../../../riscv-none-embed/lib/rv32ec/ilp32e\libg_nano.a(lib_a-nano-vfprintf_i.o)
 .debug_frame   0x0000000000001a48       0x30 c:/mounriver/mrs_community/toolchain/risc-v embedded gcc/bin/../lib/gcc/riscv-none-embed/8.2.0/../../../../riscv-none-embed/lib/rv32ec/ilp32e\libg_nano.a(lib_a-sbrkr.o)
 .debug_frame   0x0000000000001a78       0x9c c:/mounriver/mrs_community/toolchain/risc-v embedded gcc/bin/../lib/gcc/riscv-none-embed/8.2.0/../../../../riscv-none-embed/lib/rv32ec/ilp32e\libg_nano.a(lib_a-stdio.o)
 .debug_frame   0x0000000000001b14       0x30 c:/mounriver/mrs_community/toolchain/risc-v embedded gcc/bin/../lib/gcc/riscv-none-embed/8.2.0/../../../../riscv-none-embed/lib/rv32ec/ilp32e\libg_nano.a(lib_a-writer.o)
 .debug_frame   0x0000000000001b44       0x30 c:/mounriver/mrs_community/toolchain/risc-v embedded gcc/bin/../lib/gcc/riscv-none-embed/8.2.0/../../../../riscv-none-embed/lib/rv32ec/ilp32e\libg_nano.a(lib_a-closer.o)
 .debug_frame   0x0000000000001b74       0x30 c:/mounriver/mrs_community/toolchain/risc-v embedded gcc/bin/../lib/gcc/riscv-none-embed/8.2.0/../../../../riscv-none-embed/lib/rv32ec/ilp32e\libg_nano.a(lib_a-fstatr.o)
 .debug_frame   0x0000000000001ba4       0x30 c:/mounriver/mrs_community/toolchain/risc-v embedded gcc/bin/../lib/gcc/riscv-none-embed/8.2.0/../../../../riscv-none-embed/lib/rv32ec/ilp32e\libg_nano.a(lib_a-isattyr.o)
 .debug_frame   0x0000000000001bd4       0x30 c:/mounriver/mrs_community/toolchain/risc-v embedded gcc/bin/../lib/gcc/riscv-none-embed/8.2.0/../../../../riscv-none-embed/lib/rv32ec/ilp32e\libg_nano.a(lib_a-lseekr.o)
 .debug_frame   0x0000000000001c04       0x20 c:/mounriver/mrs_community/toolchain/risc-v embedded gcc/bin/../lib/gcc/riscv-none-embed/8.2.0/../../../../riscv-none-embed/lib/rv32ec/ilp32e\libg_nano.a(lib_a-memchr.o)
 .debug_frame   0x0000000000001c24       0x38 c:/mounriver/mrs_community/toolchain/risc-v embedded gcc/bin/../lib/gcc/riscv-none-embed/8.2.0/../../../../riscv-none-embed/lib/rv32ec/ilp32e\libg_nano.a(lib_a-memcpy.o)
 .debug_frame   0x0000000000001c5c       0x20 c:/mounriver/mrs_community/toolchain/risc-v embedded gcc/bin/../lib/gcc/riscv-none-embed/8.2.0/../../../../riscv-none-embed/lib/rv32ec/ilp32e\libg_nano.a(lib_a-memmove.o)
 .debug_frame   0x0000000000001c7c       0x30 c:/mounriver/mrs_community/toolchain/risc-v embedded gcc/bin/../lib/gcc/riscv-none-embed/8.2.0/../../../../riscv-none-embed/lib/rv32ec/ilp32e\libg_nano.a(lib_a-mlock.o)
 .debug_frame   0x0000000000001cac       0x38 c:/mounriver/mrs_community/toolchain/risc-v embedded gcc/bin/../lib/gcc/riscv-none-embed/8.2.0/../../../../riscv-none-embed/lib/rv32ec/ilp32e\libg_nano.a(lib_a-nano-reallocr.o)
 .debug_frame   0x0000000000001ce4       0x30 c:/mounriver/mrs_community/toolchain/risc-v embedded gcc/bin/../lib/gcc/riscv-none-embed/8.2.0/../../../../riscv-none-embed/lib/rv32ec/ilp32e\libg_nano.a(lib_a-readr.o)
 .debug_frame   0x0000000000001d14       0x64 c:/mounriver/mrs_community/toolchain/risc-v embedded gcc/bin/../lib/gcc/riscv-none-embed/8.2.0/../../../../riscv-none-embed/lib/rv32ec/ilp32e\libg_nano.a(lib_a-reent.o)
 .debug_frame   0x0000000000001d78       0x20 c:/mounriver/mrs_community/toolchain/risc-v embedded gcc/bin/../lib/gcc/riscv-none-embed/8.2.0/../../../../riscv-none-embed/lib/rv32ec/ilp32e\libg_nano.a(lib_a-nano-msizer.o)
 .debug_frame   0x0000000000001d98       0x20 c:/mounriver/mrs_community/toolchain/risc-v embedded gcc/bin/../lib/gcc/riscv-none-embed/8.2.0/../../../../riscv-none-embed/lib/rv32ec/ilp32e\libnosys.a(close.o)
 .debug_frame   0x0000000000001db8       0x20 c:/mounriver/mrs_community/toolchain/risc-v embedded gcc/bin/../lib/gcc/riscv-none-embed/8.2.0/../../../../riscv-none-embed/lib/rv32ec/ilp32e\libnosys.a(fstat.o)
 .debug_frame   0x0000000000001dd8       0x20 c:/mounriver/mrs_community/toolchain/risc-v embedded gcc/bin/../lib/gcc/riscv-none-embed/8.2.0/../../../../riscv-none-embed/lib/rv32ec/ilp32e\libnosys.a(isatty.o)
 .debug_frame   0x0000000000001df8       0x20 c:/mounriver/mrs_community/toolchain/risc-v embedded gcc/bin/../lib/gcc/riscv-none-embed/8.2.0/../../../../riscv-none-embed/lib/rv32ec/ilp32e\libnosys.a(lseek.o)
 .debug_frame   0x0000000000001e18       0x20 c:/mounriver/mrs_community/toolchain/risc-v embedded gcc/bin/../lib/gcc/riscv-none-embed/8.2.0/../../../../riscv-none-embed/lib/rv32ec/ilp32e\libnosys.a(read.o)

.debug_loc      0x0000000000000000     0x465e
 .debug_loc     0x0000000000000000       0xfd ./User/main.o
 .debug_loc     0x00000000000000fd      0x2f7 ./User/oled_049.o
 .debug_loc     0x00000000000003f4       0x55 ./User/system_ch32v00x.o
 .debug_loc     0x0000000000000449      0x9fa ./Peripheral/src/ch32v00x_adc.o
 .debug_loc     0x0000000000000e43       0x6e ./Peripheral/src/ch32v00x_dbgmcu.o
 .debug_loc     0x0000000000000eb1      0x14a ./Peripheral/src/ch32v00x_dma.o
 .debug_loc     0x0000000000000ffb      0x6cf ./Peripheral/src/ch32v00x_gpio.o
 .debug_loc     0x00000000000016ca      0x720 ./Peripheral/src/ch32v00x_i2c.o
 .debug_loc     0x0000000000001dea       0xce ./Peripheral/src/ch32v00x_misc.o
 .debug_loc     0x0000000000001eb8      0x59f ./Peripheral/src/ch32v00x_rcc.o
 .debug_loc     0x0000000000002457     0x1936 ./Peripheral/src/ch32v00x_tim.o
 .debug_loc     0x0000000000003d8d      0x735 ./Peripheral/src/ch32v00x_usart.o
 .debug_loc     0x00000000000044c2      0x19c ./Debug/debug.o

.stab           0x0000000000000000       0x84
 .stab          0x0000000000000000       0x24 c:/mounriver/mrs_community/toolchain/risc-v embedded gcc/bin/../lib/gcc/riscv-none-embed/8.2.0/../../../../riscv-none-embed/lib/rv32ec/ilp32e\libnosys.a(close.o)
 .stab          0x0000000000000024       0x18 c:/mounriver/mrs_community/toolchain/risc-v embedded gcc/bin/../lib/gcc/riscv-none-embed/8.2.0/../../../../riscv-none-embed/lib/rv32ec/ilp32e\libnosys.a(fstat.o)
                                         0x24 (size before relaxing)
 .stab          0x000000000000003c       0x18 c:/mounriver/mrs_community/toolchain/risc-v embedded gcc/bin/../lib/gcc/riscv-none-embed/8.2.0/../../../../riscv-none-embed/lib/rv32ec/ilp32e\libnosys.a(isatty.o)
                                         0x24 (size before relaxing)
 .stab          0x0000000000000054       0x18 c:/mounriver/mrs_community/toolchain/risc-v embedded gcc/bin/../lib/gcc/riscv-none-embed/8.2.0/../../../../riscv-none-embed/lib/rv32ec/ilp32e\libnosys.a(lseek.o)
                                         0x24 (size before relaxing)
 .stab          0x000000000000006c       0x18 c:/mounriver/mrs_community/toolchain/risc-v embedded gcc/bin/../lib/gcc/riscv-none-embed/8.2.0/../../../../riscv-none-embed/lib/rv32ec/ilp32e\libnosys.a(read.o)
                                         0x24 (size before relaxing)

.stabstr        0x0000000000000000      0x117
 .stabstr       0x0000000000000000      0x117 c:/mounriver/mrs_community/toolchain/risc-v embedded gcc/bin/../lib/gcc/riscv-none-embed/8.2.0/../../../../riscv-none-embed/lib/rv32ec/ilp32e\libnosys.a(close.o)
