Archive member included to satisfy reference by file (symbol)

c:/mounriver/mrs_community/toolchain/risc-v embedded gcc/bin/../lib/gcc/riscv-none-embed/8.2.0/rv32ec/ilp32e\libgcc.a(mulsf3.o)
                              ./User/main.o (__mulsf3)
c:/mounriver/mrs_community/toolchain/risc-v embedded gcc/bin/../lib/gcc/riscv-none-embed/8.2.0/rv32ec/ilp32e\libgcc.a(fixunssfsi.o)
                              ./User/main.o (__fixunssfsi)
c:/mounriver/mrs_community/toolchain/risc-v embedded gcc/bin/../lib/gcc/riscv-none-embed/8.2.0/rv32ec/ilp32e\libgcc.a(floatunsisf.o)
                              ./User/main.o (__floatunsisf)
c:/mounriver/mrs_community/toolchain/risc-v embedded gcc/bin/../lib/gcc/riscv-none-embed/8.2.0/rv32ec/ilp32e\libgcc.a(save-restore.o)
                              ./User/main.o (__riscv_save_2)
c:/mounriver/mrs_community/toolchain/risc-v embedded gcc/bin/../lib/gcc/riscv-none-embed/8.2.0/rv32ec/ilp32e\libgcc.a(muldi3.o)
                              ./Debug/debug.o (__mulsi3)
c:/mounriver/mrs_community/toolchain/risc-v embedded gcc/bin/../lib/gcc/riscv-none-embed/8.2.0/rv32ec/ilp32e\libgcc.a(div.o)
                              ./User/main.o (__divsi3)
c:/mounriver/mrs_community/toolchain/risc-v embedded gcc/bin/../lib/gcc/riscv-none-embed/8.2.0/rv32ec/ilp32e\libgcc.a(_clzsi2.o)
                              c:/mounriver/mrs_community/toolchain/risc-v embedded gcc/bin/../lib/gcc/riscv-none-embed/8.2.0/rv32ec/ilp32e\libgcc.a(mulsf3.o) (__clzsi2)
c:/mounriver/mrs_community/toolchain/risc-v embedded gcc/bin/../lib/gcc/riscv-none-embed/8.2.0/rv32ec/ilp32e\libgcc.a(_clz.o)
                              c:/mounriver/mrs_community/toolchain/risc-v embedded gcc/bin/../lib/gcc/riscv-none-embed/8.2.0/rv32ec/ilp32e\libgcc.a(_clzsi2.o) (__clz_tab)
c:/mounriver/mrs_community/toolchain/risc-v embedded gcc/bin/../lib/gcc/riscv-none-embed/8.2.0/../../../../riscv-none-embed/lib/rv32ec/ilp32e\libg_nano.a(lib_a-memset.o)
                              ./User/main.o (memset)
c:/mounriver/mrs_community/toolchain/risc-v embedded gcc/bin/../lib/gcc/riscv-none-embed/8.2.0/../../../../riscv-none-embed/lib/rv32ec/ilp32e\libg_nano.a(lib_a-printf.o)
                              ./User/main.o (printf)
c:/mounriver/mrs_community/toolchain/risc-v embedded gcc/bin/../lib/gcc/riscv-none-embed/8.2.0/../../../../riscv-none-embed/lib/rv32ec/ilp32e\libg_nano.a(lib_a-puts.o)
                              ./User/main.o (puts)
c:/mounriver/mrs_community/toolchain/risc-v embedded gcc/bin/../lib/gcc/riscv-none-embed/8.2.0/../../../../riscv-none-embed/lib/rv32ec/ilp32e\libg_nano.a(lib_a-sprintf.o)
                              ./User/main.o (sprintf)
c:/mounriver/mrs_community/toolchain/risc-v embedded gcc/bin/../lib/gcc/riscv-none-embed/8.2.0/../../../../riscv-none-embed/lib/rv32ec/ilp32e\libg_nano.a(lib_a-wbuf.o)
                              c:/mounriver/mrs_community/toolchain/risc-v embedded gcc/bin/../lib/gcc/riscv-none-embed/8.2.0/../../../../riscv-none-embed/lib/rv32ec/ilp32e\libg_nano.a(lib_a-puts.o) (__swbuf_r)
c:/mounriver/mrs_community/toolchain/risc-v embedded gcc/bin/../lib/gcc/riscv-none-embed/8.2.0/../../../../riscv-none-embed/lib/rv32ec/ilp32e\libg_nano.a(lib_a-wsetup.o)
                              c:/mounriver/mrs_community/toolchain/risc-v embedded gcc/bin/../lib/gcc/riscv-none-embed/8.2.0/../../../../riscv-none-embed/lib/rv32ec/ilp32e\libg_nano.a(lib_a-puts.o) (__swsetup_r)
c:/mounriver/mrs_community/toolchain/risc-v embedded gcc/bin/../lib/gcc/riscv-none-embed/8.2.0/../../../../riscv-none-embed/lib/rv32ec/ilp32e\libg_nano.a(lib_a-fflush.o)
                              c:/mounriver/mrs_community/toolchain/risc-v embedded gcc/bin/../lib/gcc/riscv-none-embed/8.2.0/../../../../riscv-none-embed/lib/rv32ec/ilp32e\libg_nano.a(lib_a-wbuf.o) (_fflush_r)
c:/mounriver/mrs_community/toolchain/risc-v embedded gcc/bin/../lib/gcc/riscv-none-embed/8.2.0/../../../../riscv-none-embed/lib/rv32ec/ilp32e\libg_nano.a(lib_a-findfp.o)
                              c:/mounriver/mrs_community/toolchain/risc-v embedded gcc/bin/../lib/gcc/riscv-none-embed/8.2.0/../../../../riscv-none-embed/lib/rv32ec/ilp32e\libg_nano.a(lib_a-printf.o) (__sinit)
c:/mounriver/mrs_community/toolchain/risc-v embedded gcc/bin/../lib/gcc/riscv-none-embed/8.2.0/../../../../riscv-none-embed/lib/rv32ec/ilp32e\libg_nano.a(lib_a-fwalk.o)
                              c:/mounriver/mrs_community/toolchain/risc-v embedded gcc/bin/../lib/gcc/riscv-none-embed/8.2.0/../../../../riscv-none-embed/lib/rv32ec/ilp32e\libg_nano.a(lib_a-findfp.o) (_fwalk)
c:/mounriver/mrs_community/toolchain/risc-v embedded gcc/bin/../lib/gcc/riscv-none-embed/8.2.0/../../../../riscv-none-embed/lib/rv32ec/ilp32e\libg_nano.a(lib_a-impure.o)
                              c:/mounriver/mrs_community/toolchain/risc-v embedded gcc/bin/../lib/gcc/riscv-none-embed/8.2.0/../../../../riscv-none-embed/lib/rv32ec/ilp32e\libg_nano.a(lib_a-fflush.o) (_global_impure_ptr)
[...]
Memory Configuration

Name             Origin             Length             Attributes
FLASH            0x0000000000000000 0x0000000000004000 xr
RAM              0x0000000020000000 0x0000000000000800 xrw
*default*        0x0000000000000000 0xffffffffffffffff

Linker script and memory map

LOAD ./User/ch32v00x_it.o
LOAD ./User/main.o
LOAD ./User/oled_049.o
LOAD ./User/system_ch32v00x.o
LOAD ./Startup/startup_ch32v00x.o
LOAD ./Peripheral/src/ch32v00x_adc.o
LOAD ./Peripheral/src/ch32v00x_dbgmcu.o
LOAD ./Peripheral/src/ch32v00x_dma.o
LOAD ./Peripheral/src/ch32v00x_exti.o
LOAD ./Peripheral/src/ch32v00x_flash.o
LOAD ./Peripheral/src/ch32v00x_gpio.o
LOAD ./Peripheral/src/ch32v00x_i2c.o
LOAD ./Peripheral/src/ch32v00x_iwdg.o
LOAD ./Peripheral/src/ch32v00x_misc.o
LOAD ./Peripheral/src/ch32v00x_opa.o
LOAD ./Peripheral/src/ch32v00x_pwr.o
LOAD ./Peripheral/src/ch32v00x_rcc.o
LOAD ./Peripheral/src/ch32v00x_spi.o
LOAD ./Peripheral/src/ch32v00x_tim.o
LOAD ./Peripheral/src/ch32v00x_usart.o
LOAD ./Peripheral/src/ch32v00x_wwdg.o
LOAD ./Debug/debug.o
LOAD ./Core/core_riscv.o
LOAD c:/mounriver/mrs_community/toolchain/risc-v embedded gcc/bin/../lib/gcc/riscv-none-embed/8.2.0/rv32ec/ilp32e\libgcc.a
LOAD c:/mounriver/mrs_community/toolchain/risc-v embedded gcc/bin/../lib/gcc/riscv-none-embed/8.2.0/../../../../riscv-none-embed/lib/rv32ec/ilp32e\libg_nano.a
LOAD c:/mounriver/mrs_community/toolchain/risc-v embedded gcc/bin/../lib/gcc/riscv-none-embed/8.2.0/../../../../riscv-none-embed/lib/rv32ec/ilp32e\libc_nano.a
LOAD c:/mounriver/mrs_community/toolchain/risc-v embedded gcc/bin/../lib/gcc/riscv-none-embed/8.2.0/rv32ec/ilp32e\libgcc.a
START GROUP
LOAD c:/mounriver/mrs_community/toolchain/risc-v embedded gcc/bin/../lib/gcc/riscv-none-embed/8.2.0/rv32ec/ilp32e\libgcc.a
LOAD c:/mounriver/mrs_community/toolchain/risc-v embedded gcc/bin/../lib/gcc/riscv-none-embed/8.2.0/../../../../riscv-none-embed/lib/rv32ec/ilp32e\libc_nano.a
LOAD c:/mounriver/mrs_community/toolchain/risc-v embedded gcc/bin/../lib/gcc/riscv-none-embed/8.2.0/../../../../riscv-none-embed/lib/rv32ec/ilp32e\libnosys.a
END GROUP
START GROUP
LOAD c:/mounriver/mrs_community/toolchain/risc-v embedded gcc/bin/../lib/gcc/riscv-none-embed/8.2.0/rv32ec/ilp32e\libgcc.a
LOAD c:/mounriver/mrs_community/toolchain/risc-v embedded gcc/bin/../lib/gcc/riscv-none-embed/8.2.0/../../../../riscv-none-embed/lib/rv32ec/ilp32e\libc_nano.a
LOAD c:/mounriver/mrs_community/toolchain/risc-v embedded gcc/bin/../lib/gcc/riscv-none-embed/8.2.0/../../../../riscv-none-embed/lib/rv32ec/ilp32e\libnosys.a
END GROUP
                0x0000000000000100                __stack_size = 0x100
                [!provide]                        PROVIDE (_stack_size = __stack_size)

.init           0x0000000000000000       0xa0
                0x0000000000000000                _sinit = .
                0x0000000000000000                . = ALIGN (0x4)
 *(SORT_NONE(.init))
 .init          0x0000000000000000       0x9e ./Startup/startup_ch32v00x.o
                0x0000000000000000                _start
                0x00000000000000a0                . = ALIGN (0x4)
 *fill*         0x000000000000009e        0x2 
                0x00000000000000a0                _einit = .

.text           0x00000000000000a0     0x3424
                0x00000000000000a0                . = ALIGN (0x4)
 *(.text)
 .text          0x00000000000000a0       0x14 c:/mounriver/mrs_community/toolchain/risc-v embedded gcc/bin/../lib/gcc/riscv-none-embed/8.2.0/rv32ec/ilp32e\libgcc.a(save-restore.o)
                0x00000000000000a0                __riscv_save_1
                0x00000000000000a0                __riscv_save_2
                0x00000000000000a0                __riscv_save_0
                0x00000000000000aa                __riscv_restore_0
                0x00000000000000aa                __riscv_restore_1
                0x00000000000000aa                __riscv_restore_2
 .text          0x00000000000000b4       0x16 c:/mounriver/mrs_community/toolchain/risc-v embedded gcc/bin/../lib/gcc/riscv-none-embed/8.2.0/rv32ec/ilp32e\libgcc.a(muldi3.o)
                0x00000000000000b4                __mulsi3
 *fill*         0x00000000000000ca        0x2 
 .text          0x00000000000000cc       0x7e c:/mounriver/mrs_community/toolchain/risc-v embedded gcc/bin/../lib/gcc/riscv-none-embed/8.2.0/rv32ec/ilp32e\libgcc.a(div.o)
                0x00000000000000cc                __divsi3
                0x00000000000000d4                __udivsi3
                0x0000000000000100                __umodsi3
                0x0000000000000124                __modsi3
 .text          0x000000000000014a       0xa8 c:/mounriver/mrs_community/toolchain/risc-v embedded gcc/bin/../lib/gcc/riscv-none-embed/8.2.0/../../../../riscv-none-embed/lib/rv32ec/ilp32e\libg_nano.a(lib_a-memset.o)
                0x000000000000014a                memset
 *(.text.*)
 .text.NMI_Handler
                0x00000000000001f2        0x4 ./User/ch32v00x_it.o
                0x00000000000001f2                NMI_Handler
 .text.HardFault_Handler
                0x00000000000001f6        0x2 ./User/ch32v00x_it.o
                0x00000000000001f6                HardFault_Handler
 .text.USARTx_CFG
                0x00000000000001f8       0x84 ./User/main.o
                0x00000000000001f8                USARTx_CFG
 .text.ADC_Function_Init
                0x000000000000027c       0xf6 ./User/main.o
                0x000000000000027c                ADC_Function_Init
 .text.DMA_Tx_Init
                0x0000000000000372       0x62 ./User/main.o
                0x0000000000000372                DMA_Tx_Init
 .text.TIM2_In  0x00000000000003d4       0x58 ./User/main.o
                0x00000000000003d4                TIM2_In
 .text.DMA1_Channel1_IRQHandler
                0x000000000000042c      0x100 ./User/main.o
                0x000000000000042c                DMA1_Channel1_IRQHandler
 .text.startup.main
                0x000000000000052c      0x18a ./User/main.o
                0x000000000000052c                main
 .text.OledI2CWriteData
                0x00000000000006b6       0xce ./User/oled_049.o
 .text.IIC_Init
                0x0000000000000784       0x9a ./User/oled_049.o
                0x0000000000000784                IIC_Init
 .text.ssd1306Init
                0x000000000000081e       0x20 ./User/oled_049.o
                0x000000000000081e                ssd1306Init
 .text.ssd1306Fill
                0x000000000000083e       0x4a ./User/oled_049.o
                0x000000000000083e                ssd1306Fill
 .text.ssd1306PrintChar
                0x0000000000000888       0x76 ./User/oled_049.o
                0x0000000000000888                ssd1306PrintChar
 .text.ssd1306Print
                0x00000000000008fe       0x2c ./User/oled_049.o
                0x00000000000008fe                ssd1306Print
 .text.SystemInit
                0x000000000000092a       0xbc ./User/system_ch32v00x.o
                0x000000000000092a                SystemInit
 .text.SystemCoreClockUpdate
                0x00000000000009e6       0x6e ./User/system_ch32v00x.o
                0x00000000000009e6                SystemCoreClockUpdate
 .text.vector_handler
                0x0000000000000a54       0x36 ./Startup/startup_ch32v00x.o
                0x0000000000000a58                SysTick_Handler
                0x0000000000000a5a                SW_Handler
                0x0000000000000a5c                WWDG_IRQHandler
                0x0000000000000a5e                PVD_IRQHandler
                0x0000000000000a60                FLASH_IRQHandler
                0x0000000000000a62                RCC_IRQHandler
                0x0000000000000a64                EXTI7_0_IRQHandler
                0x0000000000000a66                AWU_IRQHandler
                0x0000000000000a6a                DMA1_Channel2_IRQHandler
                0x0000000000000a6c                DMA1_Channel3_IRQHandler
                0x0000000000000a6e                DMA1_Channel4_IRQHandler
                0x0000000000000a70                DMA1_Channel5_IRQHandler
                0x0000000000000a72                DMA1_Channel6_IRQHandler
                0x0000000000000a74                DMA1_Channel7_IRQHandler
                0x0000000000000a76                ADC1_IRQHandler
                0x0000000000000a78                I2C1_EV_IRQHandler
                0x0000000000000a7a                I2C1_ER_IRQHandler
                0x0000000000000a7c                USART1_IRQHandler
                0x0000000000000a7e                SPI1_IRQHandler
                0x0000000000000a80                TIM1_BRK_IRQHandler
                0x0000000000000a82                TIM1_UP_IRQHandler
                0x0000000000000a84                TIM1_TRG_COM_IRQHandler
                0x0000000000000a86                TIM1_CC_IRQHandler
                0x0000000000000a88                TIM2_IRQHandler
 .text.handle_reset
                0x0000000000000a8a       0x7c ./Startup/startup_ch32v00x.o
                0x0000000000000a8a                handle_reset
 .text.ADC_DeInit
                0x0000000000000b06       0x26 ./Peripheral/src/ch32v00x_adc.o
                0x0000000000000b06                ADC_DeInit
 .text.ADC_Init
                0x0000000000000b2c       0x50 ./Peripheral/src/ch32v00x_adc.o
                0x0000000000000b2c                ADC_Init
 .text.ADC_Cmd  0x0000000000000b7c       0x10 ./Peripheral/src/ch32v00x_adc.o
                0x0000000000000b7c                ADC_Cmd
 .text.ADC_DMACmd
                0x0000000000000b8c       0x12 ./Peripheral/src/ch32v00x_adc.o
                0x0000000000000b8c                ADC_DMACmd
 .text.ADC_ResetCalibration
                0x0000000000000b9e        0xa ./Peripheral/src/ch32v00x_adc.o
                0x0000000000000b9e                ADC_ResetCalibration
 .text.ADC_GetResetCalibrationStatus
                0x0000000000000ba8        0x8 ./Peripheral/src/ch32v00x_adc.o
                0x0000000000000ba8                ADC_GetResetCalibrationStatus
 .text.ADC_StartCalibration
                0x0000000000000bb0        0xa ./Peripheral/src/ch32v00x_adc.o
                0x0000000000000bb0                ADC_StartCalibration
 .text.ADC_GetCalibrationStatus
                0x0000000000000bba        0x8 ./Peripheral/src/ch32v00x_adc.o
                0x0000000000000bba                ADC_GetCalibrationStatus
 .text.ADC_RegularChannelConfig
                0x0000000000000bc2       0xba ./Peripheral/src/ch32v00x_adc.o
                0x0000000000000bc2                ADC_RegularChannelConfig
 .text.ADC_ExternalTrigConvCmd
                0x0000000000000c7c       0x18 ./Peripheral/src/ch32v00x_adc.o
                0x0000000000000c7c                ADC_ExternalTrigConvCmd
 .text.ADC_Calibration_Vol
                0x0000000000000c94       0x14 ./Peripheral/src/ch32v00x_adc.o
                0x0000000000000c94                ADC_Calibration_Vol
 .text.DBGMCU_GetCHIPID
                0x0000000000000ca8        0xa ./Peripheral/src/ch32v00x_dbgmcu.o
                0x0000000000000ca8                DBGMCU_GetCHIPID
 .text.DMA_DeInit
                0x0000000000000cb2       0x92 ./Peripheral/src/ch32v00x_dma.o
                0x0000000000000cb2                DMA_DeInit
 .text.DMA_Init
                0x0000000000000d44       0x38 ./Peripheral/src/ch32v00x_dma.o
                0x0000000000000d44                DMA_Init
 .text.DMA_Cmd  0x0000000000000d7c       0x14 ./Peripheral/src/ch32v00x_dma.o
                0x0000000000000d7c                DMA_Cmd
 .text.DMA_ITConfig
                0x0000000000000d90       0x12 ./Peripheral/src/ch32v00x_dma.o
                0x0000000000000d90                DMA_ITConfig
 .text.DMA_GetFlagStatus
                0x0000000000000da2        0xe ./Peripheral/src/ch32v00x_dma.o
                0x0000000000000da2                DMA_GetFlagStatus
 .text.DMA_GetITStatus
                0x0000000000000db0        0xa ./Peripheral/src/ch32v00x_dma.o
                0x0000000000000db0                DMA_GetITStatus
 .text.DMA_ClearITPendingBit
                0x0000000000000dba        0x8 ./Peripheral/src/ch32v00x_dma.o
                0x0000000000000dba                DMA_ClearITPendingBit
 .text.GPIO_Init
                0x0000000000000dc2       0xd8 ./Peripheral/src/ch32v00x_gpio.o
                0x0000000000000dc2                GPIO_Init
 .text.I2C_Init
                0x0000000000000e9a      0x100 ./Peripheral/src/ch32v00x_i2c.o
                0x0000000000000e9a                I2C_Init
 .text.I2C_Cmd  0x0000000000000f9a       0x1c ./Peripheral/src/ch32v00x_i2c.o
                0x0000000000000f9a                I2C_Cmd
 .text.I2C_GenerateSTART
                0x0000000000000fb6       0x1e ./Peripheral/src/ch32v00x_i2c.o
                0x0000000000000fb6                I2C_GenerateSTART
 .text.I2C_GenerateSTOP
                0x0000000000000fd4       0x1e ./Peripheral/src/ch32v00x_i2c.o
                0x0000000000000fd4                I2C_GenerateSTOP
 .text.I2C_AcknowledgeConfig
                0x0000000000000ff2       0x1e ./Peripheral/src/ch32v00x_i2c.o
                0x0000000000000ff2                I2C_AcknowledgeConfig
 .text.I2C_SendData
                0x0000000000001010        0x6 ./Peripheral/src/ch32v00x_i2c.o
                0x0000000000001010                I2C_SendData
 .text.I2C_Send7bitAddress
                0x0000000000001016       0x14 ./Peripheral/src/ch32v00x_i2c.o
                0x0000000000001016                I2C_Send7bitAddress
 .text.I2C_CheckEvent
                0x000000000000102a       0x1a ./Peripheral/src/ch32v00x_i2c.o
                0x000000000000102a                I2C_CheckEvent
 .text.I2C_GetFlagStatus
                0x0000000000001044       0x32 ./Peripheral/src/ch32v00x_i2c.o
                0x0000000000001044                I2C_GetFlagStatus
 .text.NVIC_PriorityGroupConfig
                0x0000000000001076        0x6 ./Peripheral/src/ch32v00x_misc.o
                0x0000000000001076                NVIC_PriorityGroupConfig
 .text.RCC_ADCCLKConfig
                0x000000000000107c       0x14 ./Peripheral/src/ch32v00x_rcc.o
                0x000000000000107c                RCC_ADCCLKConfig
 .text.RCC_GetClocksFreq
                0x0000000000001090       0xa0 ./Peripheral/src/ch32v00x_rcc.o
                0x0000000000001090                RCC_GetClocksFreq
 .text.RCC_AHBPeriphClockCmd
                0x0000000000001130       0x1e ./Peripheral/src/ch32v00x_rcc.o
                0x0000000000001130                RCC_AHBPeriphClockCmd
 .text.RCC_APB2PeriphClockCmd
                0x000000000000114e       0x1e ./Peripheral/src/ch32v00x_rcc.o
                0x000000000000114e                RCC_APB2PeriphClockCmd
 .text.RCC_APB1PeriphClockCmd
                0x000000000000116c       0x1e ./Peripheral/src/ch32v00x_rcc.o
                0x000000000000116c                RCC_APB1PeriphClockCmd
 .text.RCC_APB2PeriphResetCmd
                0x000000000000118a       0x1e ./Peripheral/src/ch32v00x_rcc.o
                0x000000000000118a                RCC_APB2PeriphResetCmd
 .text.TIM_TimeBaseInit
                0x00000000000011a8       0x64 ./Peripheral/src/ch32v00x_tim.o
                0x00000000000011a8                TIM_TimeBaseInit
 .text.TIM_Cmd  0x000000000000120c       0x1c ./Peripheral/src/ch32v00x_tim.o
                0x000000000000120c                TIM_Cmd
 .text.TIM_ARRPreloadConfig
                0x0000000000001228       0x1e ./Peripheral/src/ch32v00x_tim.o
                0x0000000000001228                TIM_ARRPreloadConfig
 .text.TIM_SelectOutputTrigger
                0x0000000000001246       0x20 ./Peripheral/src/ch32v00x_tim.o
                0x0000000000001246                TIM_SelectOutputTrigger
 .text.USART_Init
                0x0000000000001266       0xe8 ./Peripheral/src/ch32v00x_usart.o
                0x0000000000001266                USART_Init
 .text.USART_Cmd
                0x000000000000134e       0x1c ./Peripheral/src/ch32v00x_usart.o
                0x000000000000134e                USART_Cmd
 .text.USART_SendData
                0x000000000000136a        0xa ./Peripheral/src/ch32v00x_usart.o
                0x000000000000136a                USART_SendData
 .text.USART_GetFlagStatus
                0x0000000000001374        0xc ./Peripheral/src/ch32v00x_usart.o
                0x0000000000001374                USART_GetFlagStatus
 .text.Delay_Init
                0x0000000000001380       0x34 ./Debug/debug.o
                0x0000000000001380                Delay_Init
 .text.USART_Printf_Init
                0x00000000000013b4       0x58 ./Debug/debug.o
                0x00000000000013b4                USART_Printf_Init
 .text._write   0x000000000000140c       0x4c ./Debug/debug.o
                0x000000000000140c                _write
 .text._sbrk    0x0000000000001458       0x26 ./Debug/debug.o
                0x0000000000001458                _sbrk
 .text.__mulsf3
                0x000000000000147e      0x290 c:/mounriver/mrs_community/toolchain/risc-v embedded gcc/bin/../lib/gcc/riscv-none-embed/8.2.0/rv32ec/ilp32e\libgcc.a(mulsf3.o)
                0x000000000000147e                __mulsf3
 .text.__fixunssfsi
                0x000000000000170e       0x56 c:/mounriver/mrs_community/toolchain/risc-v embedded gcc/bin/../lib/gcc/riscv-none-embed/8.2.0/rv32ec/ilp32e\libgcc.a(fixunssfsi.o)
                0x000000000000170e                __fixunssfsi
 .text.__floatunsisf
                0x0000000000001764       0xce c:/mounriver/mrs_community/toolchain/risc-v embedded gcc/bin/../lib/gcc/riscv-none-embed/8.2.0/rv32ec/ilp32e\libgcc.a(floatunsisf.o)
                0x0000000000001764                __floatunsisf
 .text.__clzsi2
                0x0000000000001832       0x76 c:/mounriver/mrs_community/toolchain/risc-v embedded gcc/bin/../lib/gcc/riscv-none-embed/8.2.0/rv32ec/ilp32e\libgcc.a(_clzsi2.o)
                0x0000000000001832                __clzsi2
 .text.printf   0x00000000000018a8       0x44 c:/mounriver/mrs_community/toolchain/risc-v embedded gcc/bin/../lib/gcc/riscv-none-embed/8.2.0/../../../../riscv-none-embed/lib/rv32ec/ilp32e\libg_nano.a(lib_a-printf.o)
                0x00000000000018a8                iprintf
                0x00000000000018a8                printf
 .text._puts_r  0x00000000000018ec       0xd2 c:/mounriver/mrs_community/toolchain/risc-v embedded gcc/bin/../lib/gcc/riscv-none-embed/8.2.0/../../../../riscv-none-embed/lib/rv32ec/ilp32e\libg_nano.a(lib_a-puts.o)
                0x00000000000018ec                _puts_r
 .text.puts     0x00000000000019be        0xe c:/mounriver/mrs_community/toolchain/risc-v embedded gcc/bin/../lib/gcc/riscv-none-embed/8.2.0/../../../../riscv-none-embed/lib/rv32ec/ilp32e\libg_nano.a(lib_a-puts.o)
                0x00000000000019be                puts
 .text.sprintf  0x00000000000019cc       0x4a c:/mounriver/mrs_community/toolchain/risc-v embedded gcc/bin/../lib/gcc/riscv-none-embed/8.2.0/../../../../riscv-none-embed/lib/rv32ec/ilp32e\libg_nano.a(lib_a-sprintf.o)
                0x00000000000019cc                siprintf
                0x00000000000019cc                sprintf
 .text.__swbuf_r
                0x0000000000001a16       0xc8 c:/mounriver/mrs_community/toolchain/risc-v embedded gcc/bin/../lib/gcc/riscv-none-embed/8.2.0/../../../../riscv-none-embed/lib/rv32ec/ilp32e\libg_nano.a(lib_a-wbuf.o)
                0x0000000000001a16                __swbuf_r
 .text.__swsetup_r
                0x0000000000001ade      0x112 c:/mounriver/mrs_community/toolchain/risc-v embedded gcc/bin/../lib/gcc/riscv-none-embed/8.2.0/../../../../riscv-none-embed/lib/rv32ec/ilp32e\libg_nano.a(lib_a-wsetup.o)
                0x0000000000001ade                __swsetup_r
 .text.__sflush_r
                0x0000000000001bf0      0x134 c:/mounriver/mrs_community/toolchain/risc-v embedded gcc/bin/../lib/gcc/riscv-none-embed/8.2.0/../../../../riscv-none-embed/lib/rv32ec/ilp32e\libg_nano.a(lib_a-fflush.o)
                0x0000000000001bf0                __sflush_r
 .text._fflush_r
                0x0000000000001d24       0x64 c:/mounriver/mrs_community/toolchain/risc-v embedded gcc/bin/../lib/gcc/riscv-none-embed/8.2.0/../../../../riscv-none-embed/lib/rv32ec/ilp32e\libg_nano.a(lib_a-fflush.o)
                0x0000000000001d24                _fflush_r
 .text.std      0x0000000000001d88       0x6a c:/mounriver/mrs_community/toolchain/risc-v embedded gcc/bin/../lib/gcc/riscv-none-embed/8.2.0/../../../../riscv-none-embed/lib/rv32ec/ilp32e\libg_nano.a(lib_a-findfp.o)
 .text._cleanup_r
                0x0000000000001df2        0xa c:/mounriver/mrs_community/toolchain/risc-v embedded gcc/bin/../lib/gcc/riscv-none-embed/8.2.0/../../../../riscv-none-embed/lib/rv32ec/ilp32e\libg_nano.a(lib_a-findfp.o)
                0x0000000000001df2                _cleanup_r
 .text.__sfmoreglue
                0x0000000000001dfc       0x48 c:/mounriver/mrs_community/toolchain/risc-v embedded gcc/bin/../lib/gcc/riscv-none-embed/8.2.0/../../../../riscv-none-embed/lib/rv32ec/ilp32e\libg_nano.a(lib_a-findfp.o)
                0x0000000000001dfc                __sfmoreglue
 .text.__sinit  0x0000000000001e44       0x6a c:/mounriver/mrs_community/toolchain/risc-v embedded gcc/bin/../lib/gcc/riscv-none-embed/8.2.0/../../../../riscv-none-embed/lib/rv32ec/ilp32e\libg_nano.a(lib_a-findfp.o)
                0x0000000000001e44                __sinit
 .text.__sfp    0x0000000000001eae       0x9e c:/mounriver/mrs_community/toolchain/risc-v embedded gcc/bin/../lib/gcc/riscv-none-embed/8.2.0/../../../../riscv-none-embed/lib/rv32ec/ilp32e\libg_nano.a(lib_a-findfp.o)
                0x0000000000001eae                __sfp
 .text._fwalk_reent
                0x0000000000001f4c       0x60 c:/mounriver/mrs_community/toolchain/risc-v embedded gcc/bin/../lib/gcc/riscv-none-embed/8.2.0/../../../../riscv-none-embed/lib/rv32ec/ilp32e\libg_nano.a(lib_a-fwalk.o)
                0x0000000000001f4c                _fwalk_reent
 .text.__swhatbuf_r
                0x0000000000001fac       0x64 c:/mounriver/mrs_community/toolchain/risc-v embedded gcc/bin/../lib/gcc/riscv-none-embed/8.2.0/../../../../riscv-none-embed/lib/rv32ec/ilp32e\libg_nano.a(lib_a-makebuf.o)
                0x0000000000001fac                __swhatbuf_r
 .text.__smakebuf_r
                0x0000000000002010       0x9c c:/mounriver/mrs_community/toolchain/risc-v embedded gcc/bin/../lib/gcc/riscv-none-embed/8.2.0/../../../../riscv-none-embed/lib/rv32ec/ilp32e\libg_nano.a(lib_a-makebuf.o)
                0x0000000000002010                __smakebuf_r
 .text._free_r  0x00000000000020ac       0xb0 c:/mounriver/mrs_community/toolchain/risc-v embedded gcc/bin/../lib/gcc/riscv-none-embed/8.2.0/../../../../riscv-none-embed/lib/rv32ec/ilp32e\libg_nano.a(lib_a-nano-freer.o)
                0x00000000000020ac                _free_r
 .text._malloc_r
                0x000000000000215c       0xe0 c:/mounriver/mrs_community/toolchain/risc-v embedded gcc/bin/../lib/gcc/riscv-none-embed/8.2.0/../../../../riscv-none-embed/lib/rv32ec/ilp32e\libg_nano.a(lib_a-nano-mallocr.o)
                0x000000000000215c                _malloc_r
 .text.__ssputs_r
                0x000000000000223c       0xf6 c:/mounriver/mrs_community/toolchain/risc-v embedded gcc/bin/../lib/gcc/riscv-none-embed/8.2.0/../../../../riscv-none-embed/lib/rv32ec/ilp32e\libg_nano.a(lib_a-nano-svfprintf.o)
                0x000000000000223c                __ssputs_r
 .text._svfprintf_r
                0x0000000000002332      0x290 c:/mounriver/mrs_community/toolchain/risc-v embedded gcc/bin/../lib/gcc/riscv-none-embed/8.2.0/../../../../riscv-none-embed/lib/rv32ec/ilp32e\libg_nano.a(lib_a-nano-svfprintf.o)
                0x0000000000002332                _svfiprintf_r
                0x0000000000002332                _svfprintf_r
 .text.__sfputc_r
                0x00000000000025c2       0x2a c:/mounriver/mrs_community/toolchain/risc-v embedded gcc/bin/../lib/gcc/riscv-none-embed/8.2.0/../../../../riscv-none-embed/lib/rv32ec/ilp32e\libg_nano.a(lib_a-nano-vfprintf.o)
 .text.__sfputs_r
                0x00000000000025ec       0x3e c:/mounriver/mrs_community/toolchain/risc-v embedded gcc/bin/../lib/gcc/riscv-none-embed/8.2.0/../../../../riscv-none-embed/lib/rv32ec/ilp32e\libg_nano.a(lib_a-nano-vfprintf.o)
                0x00000000000025ec                __sfputs_r
 .text._vfprintf_r
                0x000000000000262a      0x2c4 c:/mounriver/mrs_community/toolchain/risc-v embedded gcc/bin/../lib/gcc/riscv-none-embed/8.2.0/../../../../riscv-none-embed/lib/rv32ec/ilp32e\libg_nano.a(lib_a-nano-vfprintf.o)
                0x000000000000262a                _vfprintf_r
                0x000000000000262a                _vfiprintf_r
 .text._printf_common
                0x00000000000028ee      0x12c c:/mounriver/mrs_community/toolchain/risc-v embedded gcc/bin/../lib/gcc/riscv-none-embed/8.2.0/../../../../riscv-none-embed/lib/rv32ec/ilp32e\libg_nano.a(lib_a-nano-vfprintf_i.o)
                0x00000000000028ee                _printf_common
 .text._printf_i
                0x0000000000002a1a      0x2c2 c:/mounriver/mrs_community/toolchain/risc-v embedded gcc/bin/../lib/gcc/riscv-none-embed/8.2.0/../../../../riscv-none-embed/lib/rv32ec/ilp32e\libg_nano.a(lib_a-nano-vfprintf_i.o)
                0x0000000000002a1a                _printf_i
 .text._sbrk_r  0x0000000000002cdc       0x2a c:/mounriver/mrs_community/toolchain/risc-v embedded gcc/bin/../lib/gcc/riscv-none-embed/8.2.0/../../../../riscv-none-embed/lib/rv32ec/ilp32e\libg_nano.a(lib_a-sbrkr.o)
                0x0000000000002cdc                _sbrk_r
 .text.__sread  0x0000000000002d06       0x30 c:/mounriver/mrs_community/toolchain/risc-v embedded gcc/bin/../lib/gcc/riscv-none-embed/8.2.0/../../../../riscv-none-embed/lib/rv32ec/ilp32e\libg_nano.a(lib_a-stdio.o)
                0x0000000000002d06                __sread
 .text.__swrite
                0x0000000000002d36       0x4e c:/mounriver/mrs_community/toolchain/risc-v embedded gcc/bin/../lib/gcc/riscv-none-embed/8.2.0/../../../../riscv-none-embed/lib/rv32ec/ilp32e\libg_nano.a(lib_a-stdio.o)
                0x0000000000002d36                __swrite
 .text.__sseek  0x0000000000002d84       0x36 c:/mounriver/mrs_community/toolchain/risc-v embedded gcc/bin/../lib/gcc/riscv-none-embed/8.2.0/../../../../riscv-none-embed/lib/rv32ec/ilp32e\libg_nano.a(lib_a-stdio.o)
                0x0000000000002d84                __sseek
 .text.__sclose
                0x0000000000002dba        0x6 c:/mounriver/mrs_community/toolchain/risc-v embedded gcc/bin/../lib/gcc/riscv-none-embed/8.2.0/../../../../riscv-none-embed/lib/rv32ec/ilp32e\libg_nano.a(lib_a-stdio.o)
                0x0000000000002dba                __sclose
 .text._write_r
                0x0000000000002dc0       0x2e c:/mounriver/mrs_community/toolchain/risc-v embedded gcc/bin/../lib/gcc/riscv-none-embed/8.2.0/../../../../riscv-none-embed/lib/rv32ec/ilp32e\libg_nano.a(lib_a-writer.o)
                0x0000000000002dc0                _write_r
 .text._close_r
                0x0000000000002dee       0x28 c:/mounriver/mrs_community/toolchain/risc-v embedded gcc/bin/../lib/gcc/riscv-none-embed/8.2.0/../../../../riscv-none-embed/lib/rv32ec/ilp32e\libg_nano.a(lib_a-closer.o)
                0x0000000000002dee                _close_r
 .text._fstat_r
                0x0000000000002e16       0x2a c:/mounriver/mrs_community/toolchain/risc-v embedded gcc/bin/../lib/gcc/riscv-none-embed/8.2.0/../../../../riscv-none-embed/lib/rv32ec/ilp32e\libg_nano.a(lib_a-fstatr.o)
                0x0000000000002e16                _fstat_r
 .text._isatty_r
                0x0000000000002e40       0x28 c:/mounriver/mrs_community/toolchain/risc-v embedded gcc/bin/../lib/gcc/riscv-none-embed/8.2.0/../../../../riscv-none-embed/lib/rv32ec/ilp32e\libg_nano.a(lib_a-isattyr.o)
                0x0000000000002e40                _isatty_r
 .text._lseek_r
                0x0000000000002e68       0x2c c:/mounriver/mrs_community/toolchain/risc-v embedded gcc/bin/../lib/gcc/riscv-none-embed/8.2.0/../../../../riscv-none-embed/lib/rv32ec/ilp32e\libg_nano.a(lib_a-lseekr.o)
                0x0000000000002e68                _lseek_r
 .text.memchr   0x0000000000002e94       0x1a c:/mounriver/mrs_community/toolchain/risc-v embedded gcc/bin/../lib/gcc/riscv-none-embed/8.2.0/../../../../riscv-none-embed/lib/rv32ec/ilp32e\libg_nano.a(lib_a-memchr.o)
                0x0000000000002e94                memchr
 .text.memcpy   0x0000000000002eae       0xd8 c:/mounriver/mrs_community/toolchain/risc-v embedded gcc/bin/../lib/gcc/riscv-none-embed/8.2.0/../../../../riscv-none-embed/lib/rv32ec/ilp32e\libg_nano.a(lib_a-memcpy.o)
                0x0000000000002eae                memcpy
 .text.memmove  0x0000000000002f86       0x4a c:/mounriver/mrs_community/toolchain/risc-v embedded gcc/bin/../lib/gcc/riscv-none-embed/8.2.0/../../../../riscv-none-embed/lib/rv32ec/ilp32e\libg_nano.a(lib_a-memmove.o)
                0x0000000000002f86                memmove
 .text.__malloc_lock
                0x0000000000002fd0        0x2 c:/mounriver/mrs_community/toolchain/risc-v embedded gcc/bin/../lib/gcc/riscv-none-embed/8.2.0/../../../../riscv-none-embed/lib/rv32ec/ilp32e\libg_nano.a(lib_a-mlock.o)
                0x0000000000002fd0                __malloc_lock
 .text.__malloc_unlock
                0x0000000000002fd2        0x2 c:/mounriver/mrs_community/toolchain/risc-v embedded gcc/bin/../lib/gcc/riscv-none-embed/8.2.0/../../../../riscv-none-embed/lib/rv32ec/ilp32e\libg_nano.a(lib_a-mlock.o)
                0x0000000000002fd2                __malloc_unlock
 .text._realloc_r
                0x0000000000002fd4       0x56 c:/mounriver/mrs_community/toolchain/risc-v embedded gcc/bin/../lib/gcc/riscv-none-embed/8.2.0/../../../../riscv-none-embed/lib/rv32ec/ilp32e\libg_nano.a(lib_a-nano-reallocr.o)
                0x0000000000002fd4                _realloc_r
 .text._read_r  0x000000000000302a       0x2c c:/mounriver/mrs_community/toolchain/risc-v embedded gcc/bin/../lib/gcc/riscv-none-embed/8.2.0/../../../../riscv-none-embed/lib/rv32ec/ilp32e\libg_nano.a(lib_a-readr.o)
                0x000000000000302a                _read_r
 .text._malloc_usable_size_r
                0x0000000000003056       0x14 c:/mounriver/mrs_community/toolchain/risc-v embedded gcc/bin/../lib/gcc/riscv-none-embed/8.2.0/../../../../riscv-none-embed/lib/rv32ec/ilp32e\libg_nano.a(lib_a-nano-msizer.o)
                0x0000000000003056                _malloc_usable_size_r
 .text._close   0x000000000000306a        0xc c:/mounriver/mrs_community/toolchain/risc-v embedded gcc/bin/../lib/gcc/riscv-none-embed/8.2.0/../../../../riscv-none-embed/lib/rv32ec/ilp32e\libnosys.a(close.o)
                0x000000000000306a                _close
 .text._fstat   0x0000000000003076        0xc c:/mounriver/mrs_community/toolchain/risc-v embedded gcc/bin/../lib/gcc/riscv-none-embed/8.2.0/../../../../riscv-none-embed/lib/rv32ec/ilp32e\libnosys.a(fstat.o)
                0x0000000000003076                _fstat
 .text._isatty  0x0000000000003082        0xc c:/mounriver/mrs_community/toolchain/risc-v embedded gcc/bin/../lib/gcc/riscv-none-embed/8.2.0/../../../../riscv-none-embed/lib/rv32ec/ilp32e\libnosys.a(isatty.o)
                0x0000000000003082                _isatty
 .text._lseek   0x000000000000308e        0xc c:/mounriver/mrs_community/toolchain/risc-v embedded gcc/bin/../lib/gcc/riscv-none-embed/8.2.0/../../../../riscv-none-embed/lib/rv32ec/ilp32e\libnosys.a(lseek.o)
                0x000000000000308e                _lseek
 .text._read    0x000000000000309a        0xc c:/mounriver/mrs_community/toolchain/risc-v embedded gcc/bin/../lib/gcc/riscv-none-embed/8.2.0/../../../../riscv-none-embed/lib/rv32ec/ilp32e\libnosys.a(read.o)
                0x000000000000309a                _read
 *(.rodata)
 *(.rodata*)
 *fill*         0x00000000000030a6        0x2 
 .rodata.F_ESCALA
                0x00000000000030a8       0x10 ./User/main.o
                0x00000000000030a8                F_ESCALA
 .rodata.main.cst4
                0x00000000000030b8        0x4 ./User/main.o
 .rodata.main.str1.4
                0x00000000000030bc       0x42 ./User/main.o
 *fill*         0x00000000000030fe        0x2 
 .rodata.font   0x0000000000003100      0x1e5 ./User/oled_049.o
                0x0000000000003100                font
 *fill*         0x00000000000032e5        0x3 
 .rodata.__mulsf3
                0x00000000000032e8       0x40 c:/mounriver/mrs_community/toolchain/risc-v embedded gcc/bin/../lib/gcc/riscv-none-embed/8.2.0/rv32ec/ilp32e\libgcc.a(mulsf3.o)
 .rodata.__clz_tab
                0x0000000000003328      0x100 c:/mounriver/mrs_community/toolchain/risc-v embedded gcc/bin/../lib/gcc/riscv-none-embed/8.2.0/rv32ec/ilp32e\libgcc.a(_clz.o)
                0x0000000000003328                __clz_tab
 .rodata.__sf_fake_stderr
                0x0000000000003428       0x20 c:/mounriver/mrs_community/toolchain/risc-v embedded gcc/bin/../lib/gcc/riscv-none-embed/8.2.0/../../../../riscv-none-embed/lib/rv32ec/ilp32e\libg_nano.a(lib_a-findfp.o)
                0x0000000000003428                __sf_fake_stderr
 .rodata.__sf_fake_stdin
                0x0000000000003448       0x20 c:/mounriver/mrs_community/toolchain/risc-v embedded gcc/bin/../lib/gcc/riscv-none-embed/8.2.0/../../../../riscv-none-embed/lib/rv32ec/ilp32e\libg_nano.a(lib_a-findfp.o)
                0x0000000000003448                __sf_fake_stdin
 .rodata.__sf_fake_stdout
                0x0000000000003468       0x20 c:/mounriver/mrs_community/toolchain/risc-v embedded gcc/bin/../lib/gcc/riscv-none-embed/8.2.0/../../../../riscv-none-embed/lib/rv32ec/ilp32e\libg_nano.a(lib_a-findfp.o)
                0x0000000000003468                __sf_fake_stdout
 .rodata._svfprintf_r.str1.4
                0x0000000000003488       0x13 c:/mounriver/mrs_community/toolchain/risc-v embedded gcc/bin/../lib/gcc/riscv-none-embed/8.2.0/../../../../riscv-none-embed/lib/rv32ec/ilp32e\libg_nano.a(lib_a-nano-svfprintf.o)
 .rodata._vfprintf_r.str1.4
                0x000000000000349b       0x13 c:/mounriver/mrs_community/toolchain/risc-v embedded gcc/bin/../lib/gcc/riscv-none-embed/8.2.0/../../../../riscv-none-embed/lib/rv32ec/ilp32e\libg_nano.a(lib_a-nano-vfprintf.o)
 *fill*         0x000000000000349b        0x1 
 .rodata._printf_i.str1.4
                0x000000000000349c       0x28 c:/mounriver/mrs_community/toolchain/risc-v embedded gcc/bin/../lib/gcc/riscv-none-embed/8.2.0/../../../../riscv-none-embed/lib/rv32ec/ilp32e\libg_nano.a(lib_a-nano-vfprintf_i.o)
                                         0x25 (size before relaxing)
 *(.gnu.linkonce.t.*)
                0x00000000000034c4                . = ALIGN (0x4)

.rela.dyn       0x00000000000034c4        0x0
 .rela.init     0x00000000000034c4        0x0 ./User/ch32v00x_it.o
 .rela.text.handle_reset
                0x00000000000034c4        0x0 ./User/ch32v00x_it.o
 .rela.text._sbrk
                0x00000000000034c4        0x0 ./User/ch32v00x_it.o
 .rela.data.curbrk.4087
                0x00000000000034c4        0x0 ./User/ch32v00x_it.o
 .rela.text._svfprintf_r
                0x00000000000034c4        0x0 ./User/ch32v00x_it.o
 .rela.text._vfprintf_r
                0x00000000000034c4        0x0 ./User/ch32v00x_it.o
 .rela.text._sbrk_r
                0x00000000000034c4        0x0 ./User/ch32v00x_it.o
 .rela.text._write_r
                0x00000000000034c4        0x0 ./User/ch32v00x_it.o
 .rela.text._close_r
                0x00000000000034c4        0x0 ./User/ch32v00x_it.o
 .rela.text._fstat_r
                0x00000000000034c4        0x0 ./User/ch32v00x_it.o
 .rela.text._isatty_r
                0x00000000000034c4        0x0 ./User/ch32v00x_it.o
 .rela.text._lseek_r
                0x00000000000034c4        0x0 ./User/ch32v00x_it.o
 .rela.text._read_r
                0x00000000000034c4        0x0 ./User/ch32v00x_it.o
 .rela.text._close
                0x00000000000034c4        0x0 ./User/ch32v00x_it.o
 .rela.text._fstat
                0x00000000000034c4        0x0 ./User/ch32v00x_it.o
 .rela.text._isatty
                0x00000000000034c4        0x0 ./User/ch32v00x_it.o
 .rela.text._lseek
                0x00000000000034c4        0x0 ./User/ch32v00x_it.o
 .rela.text._read
                0x00000000000034c4        0x0 ./User/ch32v00x_it.o

.fini           0x00000000000034c4        0x0
 *(SORT_NONE(.fini))
                0x00000000000034c4                . = ALIGN (0x4)
                [!provide]                        PROVIDE (_etext = .)
                [!provide]                        PROVIDE (_eitcm = .)

.preinit_array  0x00000000000034c4        0x0
                [!provide]                        PROVIDE (__preinit_array_start = .)
 *(.preinit_array)
                [!provide]                        PROVIDE (__preinit_array_end = .)

.init_array     0x00000000000034c4        0x0
                [!provide]                        PROVIDE (__init_array_start = .)
 *(SORT_BY_INIT_PRIORITY(.init_array.*) SORT_BY_INIT_PRIORITY(.ctors.*))
 *(.init_array EXCLUDE_FILE(*crtend?.o *crtend.o *crtbegin?.o *crtbegin.o) .ctors)
                [!provide]                        PROVIDE (__init_array_end = .)

.fini_array     0x00000000000034c4        0x0
                [!provide]                        PROVIDE (__fini_array_start = .)
 *(SORT_BY_INIT_PRIORITY(.fini_array.*) SORT_BY_INIT_PRIORITY(.dtors.*))
 *(.fini_array EXCLUDE_FILE(*crtend?.o *crtend.o *crtbegin?.o *crtbegin.o) .dtors)
                [!provide]                        PROVIDE (__fini_array_end = .)

.ctors
 *crtbegin.o(.ctors)
 *crtbegin?.o(.ctors)
 *(EXCLUDE_FILE(*crtend?.o *crtend.o) .ctors)
 *(SORT_BY_NAME(.ctors.*))
 *(.ctors)

.dtors
 *crtbegin.o(.dtors)
 *crtbegin?.o(.dtors)
 *(EXCLUDE_FILE(*crtend?.o *crtend.o) .dtors)
 *(SORT_BY_NAME(.dtors.*))
 *(.dtors)

.dalign         0x0000000020000000        0x0 load address 0x00000000000034c4
                0x0000000020000000                . = ALIGN (0x4)
                0x0000000020000000                PROVIDE (_data_vma = .)

.dlalign        0x00000000000034c4        0x0
                0x00000000000034c4                . = ALIGN (0x4)
                0x00000000000034c4                PROVIDE (_data_lma = .)

.data           0x0000000020000000       0xc0 load address 0x00000000000034c4
                0x0000000020000000                . = ALIGN (0x4)
 *(.gnu.linkonce.r.*)
 *(.data .data.*)
 .data.ssd1306InitCommand
                0x0000000020000000       0x1b ./User/oled_049.o
                0x0000000020000000                ssd1306InitCommand
 *fill*         0x000000002000001b        0x1 
 .data.AHBPrescTable
                0x000000002000001c       0x10 ./User/system_ch32v00x.o
                0x000000002000001c                AHBPrescTable
 .data.SystemCoreClock
                0x000000002000002c        0x4 ./User/system_ch32v00x.o
                0x000000002000002c                SystemCoreClock
 .data.ADCPrescTable
                0x0000000020000030       0x14 ./Peripheral/src/ch32v00x_rcc.o
 .data.APBAHBPrescTable
                0x0000000020000044       0x10 ./Peripheral/src/ch32v00x_rcc.o
 .data.curbrk.4087
                0x0000000020000054        0x4 ./Debug/debug.o
 .data.impure_data
                0x0000000020000058       0x60 c:/mounriver/mrs_community/toolchain/risc-v embedded gcc/bin/../lib/gcc/riscv-none-embed/8.2.0/../../../../riscv-none-embed/lib/rv32ec/ilp32e\libg_nano.a(lib_a-impure.o)
 *(.gnu.linkonce.d.*)
                0x00000000200000b8                . = ALIGN (0x8)
                0x00000000200008b8                PROVIDE (__global_pointer$ = (. + 0x800))
 *(.sdata .sdata.*)
 .sdata._impure_ptr
                0x00000000200000b8        0x4 c:/mounriver/mrs_community/toolchain/risc-v embedded gcc/bin/../lib/gcc/riscv-none-embed/8.2.0/../../../../riscv-none-embed/lib/rv32ec/ilp32e\libg_nano.a(lib_a-impure.o)
                0x00000000200000b8                _impure_ptr
 *(.sdata2*)
 .sdata2._global_impure_ptr
                0x00000000200000bc        0x4 c:/mounriver/mrs_community/toolchain/risc-v embedded gcc/bin/../lib/gcc/riscv-none-embed/8.2.0/../../../../riscv-none-embed/lib/rv32ec/ilp32e\libg_nano.a(lib_a-impure.o)
                0x00000000200000bc                _global_impure_ptr
 *(.gnu.linkonce.s.*)
                0x00000000200000c0                . = ALIGN (0x8)
 *(.srodata.cst16)
 *(.srodata.cst8)
 *(.srodata.cst4)
 *(.srodata.cst2)
 *(.srodata .srodata.*)
                0x00000000200000c0                . = ALIGN (0x4)
                0x00000000200000c0                PROVIDE (_edata = .)

.bss            0x00000000200000c0      0x440 load address 0x0000000000003584
                0x00000000200000c0                . = ALIGN (0x4)
                0x00000000200000c0                PROVIDE (_sbss = .)
 *(.sbss*)
 .sbss.__malloc_free_list
                0x00000000200000c0        0x4 c:/mounriver/mrs_community/toolchain/risc-v embedded gcc/bin/../lib/gcc/riscv-none-embed/8.2.0/../../../../riscv-none-embed/lib/rv32ec/ilp32e\libg_nano.a(lib_a-nano-mallocr.o)
                0x00000000200000c0                __malloc_free_list
 .sbss.__malloc_sbrk_start
                0x00000000200000c4        0x4 c:/mounriver/mrs_community/toolchain/risc-v embedded gcc/bin/../lib/gcc/riscv-none-embed/8.2.0/../../../../riscv-none-embed/lib/rv32ec/ilp32e\libg_nano.a(lib_a-nano-mallocr.o)
                0x00000000200000c4                __malloc_sbrk_start
 *(.gnu.linkonce.sb.*)
 *(.bss*)
 .bss.adc_acc   0x00000000200000c8       0x10 ./User/main.o
                0x00000000200000c8                adc_acc
 .bss.adc_buf   0x00000000200000d8      0x400 ./User/main.o
                0x00000000200000d8                adc_buf
 .bss.flag_adc  0x00000000200004d8        0x4 ./User/main.o
                0x00000000200004d8                flag_adc
 .bss.kc.4097   0x00000000200004dc        0x2 ./User/main.o
 .bss.ks.4096   0x00000000200004de        0x2 ./User/main.o
 .bss.msg_buf   0x00000000200004e0       0x10 ./User/main.o
                0x00000000200004e0                msg_buf
 .bss.soma      0x00000000200004f0        0x4 ./User/main.o
                0x00000000200004f0                soma
 .bss.NVIC_Priority_Group
                0x00000000200004f4        0x4 ./Peripheral/src/ch32v00x_misc.o
                0x00000000200004f4                NVIC_Priority_Group
 .bss.p_ms      0x00000000200004f8        0x2 ./Debug/debug.o
 .bss.p_us      0x00000000200004fa        0x1 ./Debug/debug.o
 *(.gnu.linkonce.b.*)
 *(COMMON*)
 *fill*         0x00000000200004fb        0x1 
 COMMON         0x00000000200004fc        0x4 c:/mounriver/mrs_community/toolchain/risc-v embedded gcc/bin/../lib/gcc/riscv-none-embed/8.2.0/../../../../riscv-none-embed/lib/rv32ec/ilp32e\libg_nano.a(lib_a-reent.o)
                0x00000000200004fc                errno
                0x0000000020000500                . = ALIGN (0x4)
                0x0000000020000500                PROVIDE (_ebss = .)
                0x0000000020000500                PROVIDE (_end = _ebss)
                [!provide]                        PROVIDE (end = .)

.stack          0x0000000020000700      0x100
                0x0000000020000700                PROVIDE (_heap_end = .)
                0x0000000020000700                . = ALIGN (0x4)
                [!provide]                        PROVIDE (_susrstack = .)
                0x0000000020000800                . = (. + __stack_size)
 *fill*         0x0000000020000700      0x100 
                0x0000000020000800                PROVIDE (_eusrstack = .)
OUTPUT(oled_049_r3_CH32V003A4M6.elf elf32-littleriscv)

.debug_info     0x0000000000000000    0x1014d
 .debug_info    0x0000000000000000      0x962 ./User/ch32v00x_it.o
 .debug_info    0x0000000000000962     0x1e39 ./User/main.o
 .debug_info    0x000000000000279b     0x1260 ./User/oled_049.o
 .debug_info    0x00000000000039fb      0xbca ./User/system_ch32v00x.o
 .debug_info    0x00000000000045c5       0x22 ./Startup/startup_ch32v00x.o
 .debug_info    0x00000000000045e7     0x1526 ./Peripheral/src/ch32v00x_adc.o
 .debug_info    0x0000000000005b0d      0xa94 ./Peripheral/src/ch32v00x_dbgmcu.o
 .debug_info    0x00000000000065a1      0xd17 ./Peripheral/src/ch32v00x_dma.o
 .debug_info    0x00000000000072b8     0x103a ./Peripheral/src/ch32v00x_gpio.o
 .debug_info    0x00000000000082f2     0x1417 ./Peripheral/src/ch32v00x_i2c.o
 .debug_info    0x0000000000009709      0xdda ./Peripheral/src/ch32v00x_misc.o
 .debug_info    0x000000000000a4e3     0x1063 ./Peripheral/src/ch32v00x_rcc.o
 .debug_info    0x000000000000b546     0x297f ./Peripheral/src/ch32v00x_tim.o
 .debug_info    0x000000000000dec5     0x1351 ./Peripheral/src/ch32v00x_usart.o
 .debug_info    0x000000000000f216      0xf37 ./Debug/debug.o

.debug_abbrev   0x0000000000000000     0x2bb1
 .debug_abbrev  0x0000000000000000      0x1cf ./User/ch32v00x_it.o
 .debug_abbrev  0x00000000000001cf      0x38e ./User/main.o
 .debug_abbrev  0x000000000000055d      0x387 ./User/oled_049.o
 .debug_abbrev  0x00000000000008e4      0x269 ./User/system_ch32v00x.o
 .debug_abbrev  0x0000000000000b4d       0x12 ./Startup/startup_ch32v00x.o
 .debug_abbrev  0x0000000000000b5f      0x307 ./Peripheral/src/ch32v00x_adc.o
 .debug_abbrev  0x0000000000000e66      0x2f7 ./Peripheral/src/ch32v00x_dbgmcu.o
 .debug_abbrev  0x000000000000115d      0x302 ./Peripheral/src/ch32v00x_dma.o
 .debug_abbrev  0x000000000000145f      0x309 ./Peripheral/src/ch32v00x_gpio.o
 .debug_abbrev  0x0000000000001768      0x3a7 ./Peripheral/src/ch32v00x_i2c.o
 .debug_abbrev  0x0000000000001b0f      0x2fb ./Peripheral/src/ch32v00x_misc.o
 .debug_abbrev  0x0000000000001e0a      0x36d ./Peripheral/src/ch32v00x_rcc.o
 .debug_abbrev  0x0000000000002177      0x408 ./Peripheral/src/ch32v00x_tim.o
 .debug_abbrev  0x000000000000257f      0x323 ./Peripheral/src/ch32v00x_usart.o
 .debug_abbrev  0x00000000000028a2      0x30f ./Debug/debug.o

.debug_aranges  0x0000000000000000      0x9c0
 .debug_aranges
                0x0000000000000000       0x28 ./User/ch32v00x_it.o
 .debug_aranges
                0x0000000000000028       0x48 ./User/main.o
 .debug_aranges
                0x0000000000000070       0x48 ./User/oled_049.o
 .debug_aranges
                0x00000000000000b8       0x28 ./User/system_ch32v00x.o
 .debug_aranges
                0x00000000000000e0       0x30 ./Startup/startup_ch32v00x.o
 .debug_aranges
                0x0000000000000110      0x138 ./Peripheral/src/ch32v00x_adc.o
 .debug_aranges
                0x0000000000000248       0x48 ./Peripheral/src/ch32v00x_dbgmcu.o
 .debug_aranges
                0x0000000000000290       0x60 ./Peripheral/src/ch32v00x_dma.o
 .debug_aranges
                0x00000000000002f0       0x98 ./Peripheral/src/ch32v00x_gpio.o
 .debug_aranges
                0x0000000000000388      0x108 ./Peripheral/src/ch32v00x_i2c.o
 .debug_aranges
                0x0000000000000490       0x28 ./Peripheral/src/ch32v00x_misc.o
 .debug_aranges
                0x00000000000004b8       0xe0 ./Peripheral/src/ch32v00x_rcc.o
 .debug_aranges
                0x0000000000000598      0x2d8 ./Peripheral/src/ch32v00x_tim.o
 .debug_aranges
                0x0000000000000870      0x100 ./Peripheral/src/ch32v00x_usart.o
 .debug_aranges
                0x0000000000000970       0x50 ./Debug/debug.o

.debug_ranges   0x0000000000000000      0x9e0
 .debug_ranges  0x0000000000000000       0x18 ./User/ch32v00x_it.o
 .debug_ranges  0x0000000000000018       0x50 ./User/main.o
 .debug_ranges  0x0000000000000068       0xb0 ./User/oled_049.o
 .debug_ranges  0x0000000000000118       0x18 ./User/system_ch32v00x.o
 .debug_ranges  0x0000000000000130       0x28 ./Startup/startup_ch32v00x.o
 .debug_ranges  0x0000000000000158      0x128 ./Peripheral/src/ch32v00x_adc.o
 .debug_ranges  0x0000000000000280       0x50 ./Peripheral/src/ch32v00x_dbgmcu.o
 .debug_ranges  0x00000000000002d0       0x50 ./Peripheral/src/ch32v00x_dma.o
 .debug_ranges  0x0000000000000320       0x88 ./Peripheral/src/ch32v00x_gpio.o
 .debug_ranges  0x00000000000003a8       0xf8 ./Peripheral/src/ch32v00x_i2c.o
 .debug_ranges  0x00000000000004a0       0x48 ./Peripheral/src/ch32v00x_misc.o
 .debug_ranges  0x00000000000004e8       0xd0 ./Peripheral/src/ch32v00x_rcc.o
 .debug_ranges  0x00000000000005b8      0x2f8 ./Peripheral/src/ch32v00x_tim.o
 .debug_ranges  0x00000000000008b0       0xf0 ./Peripheral/src/ch32v00x_usart.o
 .debug_ranges  0x00000000000009a0       0x40 ./Debug/debug.o

.debug_line     0x0000000000000000     0xb412
 .debug_line    0x0000000000000000      0x21f ./User/ch32v00x_it.o
 .debug_line    0x000000000000021f      0xd75 ./User/main.o
 .debug_line    0x0000000000000f94      0x864 ./User/oled_049.o
 .debug_line    0x00000000000017f8      0x50d ./User/system_ch32v00x.o
 .debug_line    0x0000000000001d05      0x1ae ./Startup/startup_ch32v00x.o
 .debug_line    0x0000000000001eb3     0x142e ./Peripheral/src/ch32v00x_adc.o
 .debug_line    0x00000000000032e1      0x36e ./Peripheral/src/ch32v00x_dbgmcu.o
 .debug_line    0x000000000000364f      0x789 ./Peripheral/src/ch32v00x_dma.o
 .debug_line    0x0000000000003dd8      0xd0d ./Peripheral/src/ch32v00x_gpio.o
 .debug_line    0x0000000000004ae5     0x1070 ./Peripheral/src/ch32v00x_i2c.o
 .debug_line    0x0000000000005b55      0x4bd ./Peripheral/src/ch32v00x_misc.o
 .debug_line    0x0000000000006012      0xd58 ./Peripheral/src/ch32v00x_rcc.o
 .debug_line    0x0000000000006d6a     0x304b ./Peripheral/src/ch32v00x_tim.o
 .debug_line    0x0000000000009db5      0xefa ./Peripheral/src/ch32v00x_usart.o
 .debug_line    0x000000000000acaf      0x763 ./Debug/debug.o

.debug_str      0x0000000000000000     0x2e1d
 .debug_str     0x0000000000000000      0x54e ./User/ch32v00x_it.o
                                        0x5af (size before relaxing)
 .debug_str     0x000000000000054e      0xadb ./User/main.o
                                       0x109c (size before relaxing)
 .debug_str     0x0000000000001029      0x1de ./User/oled_049.o
                                        0x99f (size before relaxing)
 .debug_str     0x0000000000001207       0xcc ./User/system_ch32v00x.o
                                        0x6dc (size before relaxing)
 .debug_str     0x00000000000012d3       0x2a ./Startup/startup_ch32v00x.o
                                         0x5f (size before relaxing)
 .debug_str     0x00000000000012fd      0x3bd ./Peripheral/src/ch32v00x_adc.o
                                        0xb83 (size before relaxing)
 .debug_str     0x00000000000016ba       0x7e ./Peripheral/src/ch32v00x_dbgmcu.o
                                        0x63f (size before relaxing)
 .debug_str     0x0000000000001738       0xd2 ./Peripheral/src/ch32v00x_dma.o
                                        0x7ec (size before relaxing)
 .debug_str     0x000000000000180a      0x1df ./Peripheral/src/ch32v00x_gpio.o
                                        0x942 (size before relaxing)
 .debug_str     0x00000000000019e9      0x308 ./Peripheral/src/ch32v00x_i2c.o
                                        0xaab (size before relaxing)
 .debug_str     0x0000000000001cf1      0x105 ./Peripheral/src/ch32v00x_misc.o
                                        0x90b (size before relaxing)
 .debug_str     0x0000000000001df6      0x220 ./Peripheral/src/ch32v00x_rcc.o
                                        0x9aa (size before relaxing)
 .debug_str     0x0000000000002016      0xa15 ./Peripheral/src/ch32v00x_tim.o
                                       0x1264 (size before relaxing)
 .debug_str     0x0000000000002a2b      0x36d ./Peripheral/src/ch32v00x_usart.o
                                        0xaf9 (size before relaxing)
 .debug_str     0x0000000000002d98       0x85 ./Debug/debug.o
                                        0x900 (size before relaxing)

.comment        0x0000000000000000       0x33
 .comment       0x0000000000000000       0x33 ./User/ch32v00x_it.o
                                         0x34 (size before relaxing)
 .comment       0x0000000000000033       0x34 ./User/main.o
 .comment       0x0000000000000033       0x34 ./User/oled_049.o
 .comment       0x0000000000000033       0x34 ./User/system_ch32v00x.o
 .comment       0x0000000000000033       0x34 ./Peripheral/src/ch32v00x_adc.o
 .comment       0x0000000000000033       0x34 ./Peripheral/src/ch32v00x_dbgmcu.o
 .comment       0x0000000000000033       0x34 ./Peripheral/src/ch32v00x_dma.o
 .comment       0x0000000000000033       0x34 ./Peripheral/src/ch32v00x_gpio.o
 .comment       0x0000000000000033       0x34 ./Peripheral/src/ch32v00x_i2c.o
 .comment       0x0000000000000033       0x34 ./Peripheral/src/ch32v00x_misc.o
 .comment       0x0000000000000033       0x34 ./Peripheral/src/ch32v00x_rcc.o
 .comment       0x0000000000000033       0x34 ./Peripheral/src/ch32v00x_tim.o
 .comment       0x0000000000000033       0x34 ./Peripheral/src/ch32v00x_usart.o
 .comment       0x0000000000000033       0x34 ./Debug/debug.o

.debug_frame    0x0000000000000000     0x1ef4
 .debug_frame   0x0000000000000000       0x30 ./User/ch32v00x_it.o
 .debug_frame   0x0000000000000030       0xd8 ./User/main.o
 .debug_frame   0x0000000000000108       0xe8 ./User/oled_049.o
 .debug_frame   0x00000000000001f0       0x40 ./User/system_ch32v00x.o
 .debug_frame   0x0000000000000230      0x26c ./Peripheral/src/ch32v00x_adc.o
 .debug_frame   0x000000000000049c       0x70 ./Peripheral/src/ch32v00x_dbgmcu.o
 .debug_frame   0x000000000000050c       0xcc ./Peripheral/src/ch32v00x_dma.o
 .debug_frame   0x00000000000005d8      0x150 ./Peripheral/src/ch32v00x_gpio.o
 .debug_frame   0x0000000000000728      0x254 ./Peripheral/src/ch32v00x_i2c.o
 .debug_frame   0x000000000000097c       0x30 ./Peripheral/src/ch32v00x_misc.o
 .debug_frame   0x00000000000009ac      0x1c0 ./Peripheral/src/ch32v00x_rcc.o
 .debug_frame   0x0000000000000b6c      0x624 ./Peripheral/src/ch32v00x_tim.o
 .debug_frame   0x0000000000001190      0x204 ./Peripheral/src/ch32v00x_usart.o
 .debug_frame   0x0000000000001394       0xe4 ./Debug/debug.o
 .debug_frame   0x0000000000001478       0x38 c:/mounriver/mrs_community/toolchain/risc-v embedded gcc/bin/../lib/gcc/riscv-none-embed/8.2.0/rv32ec/ilp32e\libgcc.a(mulsf3.o)
 .debug_frame   0x00000000000014b0       0x20 c:/mounriver/mrs_community/toolchain/risc-v embedded gcc/bin/../lib/gcc/riscv-none-embed/8.2.0/rv32ec/ilp32e\libgcc.a(fixunssfsi.o)
 .debug_frame   0x00000000000014d0       0x44 c:/mounriver/mrs_community/toolchain/risc-v embedded gcc/bin/../lib/gcc/riscv-none-embed/8.2.0/rv32ec/ilp32e\libgcc.a(floatunsisf.o)
 .debug_frame   0x0000000000001514       0x20 c:/mounriver/mrs_community/toolchain/risc-v embedded gcc/bin/../lib/gcc/riscv-none-embed/8.2.0/rv32ec/ilp32e\libgcc.a(_clzsi2.o)
 .debug_frame   0x0000000000001534       0x54 c:/mounriver/mrs_community/toolchain/risc-v embedded gcc/bin/../lib/gcc/riscv-none-embed/8.2.0/../../../../riscv-none-embed/lib/rv32ec/ilp32e\libg_nano.a(lib_a-printf.o)
 .debug_frame   0x0000000000001588       0x48 c:/mounriver/mrs_community/toolchain/risc-v embedded gcc/bin/../lib/gcc/riscv-none-embed/8.2.0/../../../../riscv-none-embed/lib/rv32ec/ilp32e\libg_nano.a(lib_a-puts.o)
 .debug_frame   0x00000000000015d0       0x48 c:/mounriver/mrs_community/toolchain/risc-v embedded gcc/bin/../lib/gcc/riscv-none-embed/8.2.0/../../../../riscv-none-embed/lib/rv32ec/ilp32e\libg_nano.a(lib_a-sprintf.o)
 .debug_frame   0x0000000000001618       0x48 c:/mounriver/mrs_community/toolchain/risc-v embedded gcc/bin/../lib/gcc/riscv-none-embed/8.2.0/../../../../riscv-none-embed/lib/rv32ec/ilp32e\libg_nano.a(lib_a-wbuf.o)
 .debug_frame   0x0000000000001660       0x38 c:/mounriver/mrs_community/toolchain/risc-v embedded gcc/bin/../lib/gcc/riscv-none-embed/8.2.0/../../../../riscv-none-embed/lib/rv32ec/ilp32e\libg_nano.a(lib_a-wsetup.o)
 .debug_frame   0x0000000000001698       0x74 c:/mounriver/mrs_community/toolchain/risc-v embedded gcc/bin/../lib/gcc/riscv-none-embed/8.2.0/../../../../riscv-none-embed/lib/rv32ec/ilp32e\libg_nano.a(lib_a-fflush.o)
 .debug_frame   0x000000000000170c      0x13c c:/mounriver/mrs_community/toolchain/risc-v embedded gcc/bin/../lib/gcc/riscv-none-embed/8.2.0/../../../../riscv-none-embed/lib/rv32ec/ilp32e\libg_nano.a(lib_a-findfp.o)
 .debug_frame   0x0000000000001848       0x60 c:/mounriver/mrs_community/toolchain/risc-v embedded gcc/bin/../lib/gcc/riscv-none-embed/8.2.0/../../../../riscv-none-embed/lib/rv32ec/ilp32e\libg_nano.a(lib_a-fwalk.o)
 .debug_frame   0x00000000000018a8       0x5c c:/mounriver/mrs_community/toolchain/risc-v embedded gcc/bin/../lib/gcc/riscv-none-embed/8.2.0/../../../../riscv-none-embed/lib/rv32ec/ilp32e\libg_nano.a(lib_a-makebuf.o)
 .debug_frame   0x0000000000001904       0x40 c:/mounriver/mrs_community/toolchain/risc-v embedded gcc/bin/../lib/gcc/riscv-none-embed/8.2.0/../../../../riscv-none-embed/lib/rv32ec/ilp32e\libg_nano.a(lib_a-nano-freer.o)
 .debug_frame   0x0000000000001944       0x38 c:/mounriver/mrs_community/toolchain/risc-v embedded gcc/bin/../lib/gcc/riscv-none-embed/8.2.0/../../../../riscv-none-embed/lib/rv32ec/ilp32e\libg_nano.a(lib_a-nano-mallocr.o)
 .debug_frame   0x000000000000197c       0x84 c:/mounriver/mrs_community/toolchain/risc-v embedded gcc/bin/../lib/gcc/riscv-none-embed/8.2.0/../../../../riscv-none-embed/lib/rv32ec/ilp32e\libg_nano.a(lib_a-nano-svfprintf.o)
 .debug_frame   0x0000000000001a00       0xa4 c:/mounriver/mrs_community/toolchain/risc-v embedded gcc/bin/../lib/gcc/riscv-none-embed/8.2.0/../../../../riscv-none-embed/lib/rv32ec/ilp32e\libg_nano.a(lib_a-nano-vfprintf.o)
 .debug_frame   0x0000000000001aa4       0x60 c:/mounriver/mrs_community/toolchain/risc-v embedded gcc/bin/../lib/gcc/riscv-none-embed/8.2.0/../../../../riscv-none-embed/lib/rv32ec/ilp32e\libg_nano.a(lib_a-nano-vfprintf_i.o)
 .debug_frame   0x0000000000001b04       0x30 c:/mounriver/mrs_community/toolchain/risc-v embedded gcc/bin/../lib/gcc/riscv-none-embed/8.2.0/../../../../riscv-none-embed/lib/rv32ec/ilp32e\libg_nano.a(lib_a-sbrkr.o)
 .debug_frame   0x0000000000001b34       0x9c c:/mounriver/mrs_community/toolchain/risc-v embedded gcc/bin/../lib/gcc/riscv-none-embed/8.2.0/../../../../riscv-none-embed/lib/rv32ec/ilp32e\libg_nano.a(lib_a-stdio.o)
 .debug_frame   0x0000000000001bd0       0x30 c:/mounriver/mrs_community/toolchain/risc-v embedded gcc/bin/../lib/gcc/riscv-none-embed/8.2.0/../../../../riscv-none-embed/lib/rv32ec/ilp32e\libg_nano.a(lib_a-writer.o)
 .debug_frame   0x0000000000001c00       0x30 c:/mounriver/mrs_community/toolchain/risc-v embedded gcc/bin/../lib/gcc/riscv-none-embed/8.2.0/../../../../riscv-none-embed/lib/rv32ec/ilp32e\libg_nano.a(lib_a-closer.o)
 .debug_frame   0x0000000000001c30       0x30 c:/mounriver/mrs_community/toolchain/risc-v embedded gcc/bin/../lib/gcc/riscv-none-embed/8.2.0/../../../../riscv-none-embed/lib/rv32ec/ilp32e\libg_nano.a(lib_a-fstatr.o)
 .debug_frame   0x0000000000001c60       0x30 c:/mounriver/mrs_community/toolchain/risc-v embedded gcc/bin/../lib/gcc/riscv-none-embed/8.2.0/../../../../riscv-none-embed/lib/rv32ec/ilp32e\libg_nano.a(lib_a-isattyr.o)
 .debug_frame   0x0000000000001c90       0x30 c:/mounriver/mrs_community/toolchain/risc-v embedded gcc/bin/../lib/gcc/riscv-none-embed/8.2.0/../../../../riscv-none-embed/lib/rv32ec/ilp32e\libg_nano.a(lib_a-lseekr.o)
 .debug_frame   0x0000000000001cc0       0x20 c:/mounriver/mrs_community/toolchain/risc-v embedded gcc/bin/../lib/gcc/riscv-none-embed/8.2.0/../../../../riscv-none-embed/lib/rv32ec/ilp32e\libg_nano.a(lib_a-memchr.o)
 .debug_frame   0x0000000000001ce0       0x38 c:/mounriver/mrs_community/toolchain/risc-v embedded gcc/bin/../lib/gcc/riscv-none-embed/8.2.0/../../../../riscv-none-embed/lib/rv32ec/ilp32e\libg_nano.a(lib_a-memcpy.o)
 .debug_frame   0x0000000000001d18       0x20 c:/mounriver/mrs_community/toolchain/risc-v embedded gcc/bin/../lib/gcc/riscv-none-embed/8.2.0/../../../../riscv-none-embed/lib/rv32ec/ilp32e\libg_nano.a(lib_a-memmove.o)
 .debug_frame   0x0000000000001d38       0x30 c:/mounriver/mrs_community/toolchain/risc-v embedded gcc/bin/../lib/gcc/riscv-none-embed/8.2.0/../../../../riscv-none-embed/lib/rv32ec/ilp32e\libg_nano.a(lib_a-mlock.o)
 .debug_frame   0x0000000000001d68       0x38 c:/mounriver/mrs_community/toolchain/risc-v embedded gcc/bin/../lib/gcc/riscv-none-embed/8.2.0/../../../../riscv-none-embed/lib/rv32ec/ilp32e\libg_nano.a(lib_a-nano-reallocr.o)
 .debug_frame   0x0000000000001da0       0x30 c:/mounriver/mrs_community/toolchain/risc-v embedded gcc/bin/../lib/gcc/riscv-none-embed/8.2.0/../../../../riscv-none-embed/lib/rv32ec/ilp32e\libg_nano.a(lib_a-readr.o)
 .debug_frame   0x0000000000001dd0       0x64 c:/mounriver/mrs_community/toolchain/risc-v embedded gcc/bin/../lib/gcc/riscv-none-embed/8.2.0/../../../../riscv-none-embed/lib/rv32ec/ilp32e\libg_nano.a(lib_a-reent.o)
 .debug_frame   0x0000000000001e34       0x20 c:/mounriver/mrs_community/toolchain/risc-v embedded gcc/bin/../lib/gcc/riscv-none-embed/8.2.0/../../../../riscv-none-embed/lib/rv32ec/ilp32e\libg_nano.a(lib_a-nano-msizer.o)
 .debug_frame   0x0000000000001e54       0x20 c:/mounriver/mrs_community/toolchain/risc-v embedded gcc/bin/../lib/gcc/riscv-none-embed/8.2.0/../../../../riscv-none-embed/lib/rv32ec/ilp32e\libnosys.a(close.o)
 .debug_frame   0x0000000000001e74       0x20 c:/mounriver/mrs_community/toolchain/risc-v embedded gcc/bin/../lib/gcc/riscv-none-embed/8.2.0/../../../../riscv-none-embed/lib/rv32ec/ilp32e\libnosys.a(fstat.o)
 .debug_frame   0x0000000000001e94       0x20 c:/mounriver/mrs_community/toolchain/risc-v embedded gcc/bin/../lib/gcc/riscv-none-embed/8.2.0/../../../../riscv-none-embed/lib/rv32ec/ilp32e\libnosys.a(isatty.o)
 .debug_frame   0x0000000000001eb4       0x20 c:/mounriver/mrs_community/toolchain/risc-v embedded gcc/bin/../lib/gcc/riscv-none-embed/8.2.0/../../../../riscv-none-embed/lib/rv32ec/ilp32e\libnosys.a(lseek.o)
 .debug_frame   0x0000000000001ed4       0x20 c:/mounriver/mrs_community/toolchain/risc-v embedded gcc/bin/../lib/gcc/riscv-none-embed/8.2.0/../../../../riscv-none-embed/lib/rv32ec/ilp32e\libnosys.a(read.o)

.debug_loc      0x0000000000000000     0x4695
 .debug_loc     0x0000000000000000      0x134 ./User/main.o
 .debug_loc     0x0000000000000134      0x2f7 ./User/oled_049.o
 .debug_loc     0x000000000000042b       0x55 ./User/system_ch32v00x.o
 .debug_loc     0x0000000000000480      0x9fa ./Peripheral/src/ch32v00x_adc.o
 .debug_loc     0x0000000000000e7a       0x6e ./Peripheral/src/ch32v00x_dbgmcu.o
 .debug_loc     0x0000000000000ee8      0x14a ./Peripheral/src/ch32v00x_dma.o
 .debug_loc     0x0000000000001032      0x6cf ./Peripheral/src/ch32v00x_gpio.o
 .debug_loc     0x0000000000001701      0x720 ./Peripheral/src/ch32v00x_i2c.o
 .debug_loc     0x0000000000001e21       0xce ./Peripheral/src/ch32v00x_misc.o
 .debug_loc     0x0000000000001eef      0x59f ./Peripheral/src/ch32v00x_rcc.o
 .debug_loc     0x000000000000248e     0x1936 ./Peripheral/src/ch32v00x_tim.o
 .debug_loc     0x0000000000003dc4      0x735 ./Peripheral/src/ch32v00x_usart.o
 .debug_loc     0x00000000000044f9      0x19c ./Debug/debug.o

.stab           0x0000000000000000       0x84
 .stab          0x0000000000000000       0x24 c:/mounriver/mrs_community/toolchain/risc-v embedded gcc/bin/../lib/gcc/riscv-none-embed/8.2.0/../../../../riscv-none-embed/lib/rv32ec/ilp32e\libnosys.a(close.o)
 .stab          0x0000000000000024       0x18 c:/mounriver/mrs_community/toolchain/risc-v embedded gcc/bin/../lib/gcc/riscv-none-embed/8.2.0/../../../../riscv-none-embed/lib/rv32ec/ilp32e\libnosys.a(fstat.o)
                                         0x24 (size before relaxing)
 .stab          0x000000000000003c       0x18 c:/mounriver/mrs_community/toolchain/risc-v embedded gcc/bin/../lib/gcc/riscv-none-embed/8.2.0/../../../../riscv-none-embed/lib/rv32ec/ilp32e\libnosys.a(isatty.o)
                                         0x24 (size before relaxing)
 .stab          0x0000000000000054       0x18 c:/mounriver/mrs_community/toolchain/risc-v embedded gcc/bin/../lib/gcc/riscv-none-embed/8.2.0/../../../../riscv-none-embed/lib/rv32ec/ilp32e\libnosys.a(lseek.o)
                                         0x24 (size before relaxing)
 .stab          0x000000000000006c       0x18 c:/mounriver/mrs_community/toolchain/risc-v embedded gcc/bin/../lib/gcc/riscv-none-embed/8.2.0/../../../../riscv-none-embed/lib/rv32ec/ilp32e\libnosys.a(read.o)
                                         0x24 (size before relaxing)

.stabstr        0x0000000000000000      0x117
 .stabstr       0x0000000000000000      0x117 c:/mounriver/mrs_community/toolchain/risc-v embedded gcc/bin/../lib/gcc/riscv-none-embed/8.2.0/../../../../riscv-none-embed/lib/rv32ec/ilp32e\libnosys.a(close.o)
