Archive member included to satisfy reference by file (symbol)

c:/mounriver/mrs_community/toolchain/risc-v embedded gcc/bin/../lib/gcc/riscv-none-embed/8.2.0/rv32ec/ilp32e\libgcc.a(save-restore.o)
                              ./User/main.o (__riscv_save_2)
c:/mounriver/mrs_community/toolchain/risc-v embedded gcc/bin/../lib/gcc/riscv-none-embed/8.2.0/rv32ec/ilp32e\libgcc.a(muldi3.o)
                              ./Debug/debug.o (__mulsi3)
c:/mounriver/mrs_community/toolchain/risc-v embedded gcc/bin/../lib/gcc/riscv-none-embed/8.2.0/rv32ec/ilp32e\libgcc.a(div.o)
                              ./Peripheral/src/ch32v00x_usart.o (__divsi3)
c:/mounriver/mrs_community/toolchain/risc-v embedded gcc/bin/../lib/gcc/riscv-none-embed/8.2.0/../../../../riscv-none-embed/lib/rv32ec/ilp32e\libg_nano.a(lib_a-printf.o)
                              ./User/main.o (printf)
c:/mounriver/mrs_community/toolchain/risc-v embedded gcc/bin/../lib/gcc/riscv-none-embed/8.2.0/../../../../riscv-none-embed/lib/rv32ec/ilp32e\libg_nano.a(lib_a-findfp.o)
                              c:/mounriver/mrs_community/toolchain/risc-v embedded gcc/bin/../lib/gcc/riscv-none-embed/8.2.0/../../../../riscv-none-embed/lib/rv32ec/ilp32e\libg_nano.a(lib_a-printf.o) (__sinit)
c:/mounriver/mrs_community/toolchain/risc-v embedded gcc/bin/../lib/gcc/riscv-none-embed/8.2.0/../../../../riscv-none-embed/lib/rv32ec/ilp32e\libg_nano.a(lib_a-fwalk.o)
                              c:/mounriver/mrs_community/toolchain/risc-v embedded gcc/bin/../lib/gcc/riscv-none-embed/8.2.0/../../../../riscv-none-embed/lib/rv32ec/ilp32e\libg_nano.a(lib_a-findfp.o) (_fwalk)
c:/mounriver/mrs_community/toolchain/risc-v embedded gcc/bin/../lib/gcc/riscv-none-embed/8.2.0/../../../../riscv-none-embed/lib/rv32ec/ilp32e\libg_nano.a(lib_a-impure.o)
                              c:/mounriver/mrs_community/toolchain/risc-v embedded gcc/bin/../lib/gcc/riscv-none-embed/8.2.0/../../../../riscv-none-embed/lib/rv32ec/ilp32e\libg_nano.a(lib_a-findfp.o) (_global_impure_ptr)
c:/mounriver/mrs_community/toolchain/risc-v embedded gcc/bin/../lib/gcc/riscv-none-embed/8.2.0/../../../../riscv-none-embed/lib/rv32ec/ilp32e\libg_nano.a(lib_a-memset.o)
                              c:/mounriver/mrs_community/toolchain/risc-v embedded gcc/bin/../lib/gcc/riscv-none-embed/8.2.0/../../../../riscv-none-embed/lib/rv32ec/ilp32e\libg_nano.a(lib_a-findfp.o) (memset)
c:/mounriver/mrs_community/toolchain/risc-v embedded gcc/bin/../lib/gcc/riscv-none-embed/8.2.0/../../../../riscv-none-embed/lib/rv32ec/ilp32e\libg_nano.a(lib_a-nano-mallocr.o)
                              c:/mounriver/mrs_community/toolchain/risc-v embedded gcc/bin/../lib/gcc/riscv-none-embed/8.2.0/../../../../riscv-none-embed/lib/rv32ec/ilp32e\libg_nano.a(lib_a-findfp.o) (_malloc_r)
c:/mounriver/mrs_community/toolchain/risc-v embedded gcc/bin/../lib/gcc/riscv-none-embed/8.2.0/../../../../riscv-none-embed/lib/rv32ec/ilp32e\libg_nano.a(lib_a-nano-vfprintf.o)
                              c:/mounriver/mrs_community/toolchain/risc-v embedded gcc/bin/../lib/gcc/riscv-none-embed/8.2.0/../../../../riscv-none-embed/lib/rv32ec/ilp32e\libg_nano.a(lib_a-printf.o) (_vfprintf_r)
c:/mounriver/mrs_community/toolchain/risc-v embedded gcc/bin/../lib/gcc/riscv-none-embed/8.2.0/../../../../riscv-none-embed/lib/rv32ec/ilp32e\libg_nano.a(lib_a-nano-vfprintf_i.o)
                              c:/mounriver/mrs_community/toolchain/risc-v embedded gcc/bin/../lib/gcc/riscv-none-embed/8.2.0/../../../../riscv-none-embed/lib/rv32ec/ilp32e\libg_nano.a(lib_a-nano-vfprintf.o) (_printf_i)
c:/mounriver/mrs_community/toolchain/risc-v embedded gcc/bin/../lib/gcc/riscv-none-embed/8.2.0/../../../../riscv-none-embed/lib/rv32ec/ilp32e\libg_nano.a(lib_a-sbrkr.o)
                              c:/mounriver/mrs_community/toolchain/risc-v embedded gcc/bin/../lib/gcc/riscv-none-embed/8.2.0/../../../../riscv-none-embed/lib/rv32ec/ilp32e\libg_nano.a(lib_a-nano-mallocr.o) (_sbrk_r)
c:/mounriver/mrs_community/toolchain/risc-v embedded gcc/bin/../lib/gcc/riscv-none-embed/8.2.0/../../../../riscv-none-embed/lib/rv32ec/ilp32e\libg_nano.a(lib_a-stdio.o)
                              c:/mounriver/mrs_community/toolchain/risc-v embedded gcc/bin/../lib/gcc/riscv-none-embed/8.2.0/../../../../riscv-none-embed/lib/rv32ec/ilp32e\libg_nano.a(lib_a-findfp.o) (__sread)
c:/mounriver/mrs_community/toolchain/risc-v embedded gcc/bin/../lib/gcc/riscv-none-embed/8.2.0/../../../../riscv-none-embed/lib/rv32ec/ilp32e\libg_nano.a(lib_a-wbuf.o)
                              c:/mounriver/mrs_community/toolchain/risc-v embedded gcc/bin/../lib/gcc/riscv-none-embed/8.2.0/../../../../riscv-none-embed/lib/rv32ec/ilp32e\libg_nano.a(lib_a-nano-vfprintf.o) (__swbuf_r)
c:/mounriver/mrs_community/toolchain/risc-v embedded gcc/bin/../lib/gcc/riscv-none-embed/8.2.0/../../../../riscv-none-embed/lib/rv32ec/ilp32e\libg_nano.a(lib_a-writer.o)
[...]
Memory Configuration

Name             Origin             Length             Attributes
FLASH            0x0000000000000000 0x0000000000004000 xr
RAM              0x0000000020000000 0x0000000000000800 xrw
*default*        0x0000000000000000 0xffffffffffffffff

Linker script and memory map

LOAD ./User/ch32v00x_it.o
LOAD ./User/main.o
LOAD ./User/oled_049.o
LOAD ./User/system_ch32v00x.o
LOAD ./Startup/startup_ch32v00x.o
LOAD ./Peripheral/src/ch32v00x_adc.o
LOAD ./Peripheral/src/ch32v00x_dbgmcu.o
LOAD ./Peripheral/src/ch32v00x_dma.o
LOAD ./Peripheral/src/ch32v00x_exti.o
LOAD ./Peripheral/src/ch32v00x_flash.o
LOAD ./Peripheral/src/ch32v00x_gpio.o
LOAD ./Peripheral/src/ch32v00x_i2c.o
LOAD ./Peripheral/src/ch32v00x_iwdg.o
LOAD ./Peripheral/src/ch32v00x_misc.o
LOAD ./Peripheral/src/ch32v00x_opa.o
LOAD ./Peripheral/src/ch32v00x_pwr.o
LOAD ./Peripheral/src/ch32v00x_rcc.o
LOAD ./Peripheral/src/ch32v00x_spi.o
LOAD ./Peripheral/src/ch32v00x_tim.o
LOAD ./Peripheral/src/ch32v00x_usart.o
LOAD ./Peripheral/src/ch32v00x_wwdg.o
LOAD ./Debug/debug.o
LOAD ./Core/core_riscv.o
LOAD c:/mounriver/mrs_community/toolchain/risc-v embedded gcc/bin/../lib/gcc/riscv-none-embed/8.2.0/rv32ec/ilp32e\libgcc.a
LOAD c:/mounriver/mrs_community/toolchain/risc-v embedded gcc/bin/../lib/gcc/riscv-none-embed/8.2.0/../../../../riscv-none-embed/lib/rv32ec/ilp32e\libg_nano.a
LOAD c:/mounriver/mrs_community/toolchain/risc-v embedded gcc/bin/../lib/gcc/riscv-none-embed/8.2.0/../../../../riscv-none-embed/lib/rv32ec/ilp32e\libc_nano.a
LOAD c:/mounriver/mrs_community/toolchain/risc-v embedded gcc/bin/../lib/gcc/riscv-none-embed/8.2.0/rv32ec/ilp32e\libgcc.a
START GROUP
LOAD c:/mounriver/mrs_community/toolchain/risc-v embedded gcc/bin/../lib/gcc/riscv-none-embed/8.2.0/rv32ec/ilp32e\libgcc.a
LOAD c:/mounriver/mrs_community/toolchain/risc-v embedded gcc/bin/../lib/gcc/riscv-none-embed/8.2.0/../../../../riscv-none-embed/lib/rv32ec/ilp32e\libc_nano.a
LOAD c:/mounriver/mrs_community/toolchain/risc-v embedded gcc/bin/../lib/gcc/riscv-none-embed/8.2.0/../../../../riscv-none-embed/lib/rv32ec/ilp32e\libnosys.a
END GROUP
START GROUP
LOAD c:/mounriver/mrs_community/toolchain/risc-v embedded gcc/bin/../lib/gcc/riscv-none-embed/8.2.0/rv32ec/ilp32e\libgcc.a
LOAD c:/mounriver/mrs_community/toolchain/risc-v embedded gcc/bin/../lib/gcc/riscv-none-embed/8.2.0/../../../../riscv-none-embed/lib/rv32ec/ilp32e\libc_nano.a
LOAD c:/mounriver/mrs_community/toolchain/risc-v embedded gcc/bin/../lib/gcc/riscv-none-embed/8.2.0/../../../../riscv-none-embed/lib/rv32ec/ilp32e\libnosys.a
END GROUP
                0x0000000000000100                __stack_size = 0x100
                [!provide]                        PROVIDE (_stack_size = __stack_size)

.init           0x0000000000000000       0xa0
                0x0000000000000000                _sinit = .
                0x0000000000000000                . = ALIGN (0x4)
 *(SORT_NONE(.init))
 .init          0x0000000000000000       0x9e ./Startup/startup_ch32v00x.o
                0x0000000000000000                _start
                0x00000000000000a0                . = ALIGN (0x4)
 *fill*         0x000000000000009e        0x2 
                0x00000000000000a0                _einit = .

.text           0x00000000000000a0     0x210c
                0x00000000000000a0                . = ALIGN (0x4)
 *(.text)
 .text          0x00000000000000a0       0x14 c:/mounriver/mrs_community/toolchain/risc-v embedded gcc/bin/../lib/gcc/riscv-none-embed/8.2.0/rv32ec/ilp32e\libgcc.a(save-restore.o)
                0x00000000000000a0                __riscv_save_1
                0x00000000000000a0                __riscv_save_2
                0x00000000000000a0                __riscv_save_0
                0x00000000000000aa                __riscv_restore_0
                0x00000000000000aa                __riscv_restore_1
                0x00000000000000aa                __riscv_restore_2
 .text          0x00000000000000b4       0x7e c:/mounriver/mrs_community/toolchain/risc-v embedded gcc/bin/../lib/gcc/riscv-none-embed/8.2.0/rv32ec/ilp32e\libgcc.a(div.o)
                0x00000000000000b4                __divsi3
                0x00000000000000bc                __udivsi3
                0x00000000000000e8                __umodsi3
                0x000000000000010c                __modsi3
 .text          0x0000000000000132       0xa8 c:/mounriver/mrs_community/toolchain/risc-v embedded gcc/bin/../lib/gcc/riscv-none-embed/8.2.0/../../../../riscv-none-embed/lib/rv32ec/ilp32e\libg_nano.a(lib_a-memset.o)
                0x0000000000000132                memset
 *(.text.*)
 .text.NMI_Handler
                0x00000000000001da        0x4 ./User/ch32v00x_it.o
                0x00000000000001da                NMI_Handler
 .text.HardFault_Handler
                0x00000000000001de        0x2 ./User/ch32v00x_it.o
                0x00000000000001de                HardFault_Handler
 .text.USARTx_CFG
                0x00000000000001e0       0x80 ./User/main.o
                0x00000000000001e0                USARTx_CFG
 .text.startup.main
                0x0000000000000260       0xea ./User/main.o
                0x0000000000000260                main
 .text.OledI2CWriteData
                0x000000000000034a       0xbc ./User/oled_049.o
 .text.IIC_Init
                0x0000000000000406       0x90 ./User/oled_049.o
                0x0000000000000406                IIC_Init
 .text.ssd1306Init
                0x0000000000000496       0x1e ./User/oled_049.o
                0x0000000000000496                ssd1306Init
 .text.ssd1306Fill
                0x00000000000004b4       0x48 ./User/oled_049.o
                0x00000000000004b4                ssd1306Fill
 .text.ssd1306PrintChar
                0x00000000000004fc       0x74 ./User/oled_049.o
                0x00000000000004fc                ssd1306PrintChar
 .text.ssd1306Print
                0x0000000000000570       0x2a ./User/oled_049.o
                0x0000000000000570                ssd1306Print
 .text.SystemInit
                0x000000000000059a       0xbc ./User/system_ch32v00x.o
                0x000000000000059a                SystemInit
 .text.SystemCoreClockUpdate
                0x0000000000000656       0x6a ./User/system_ch32v00x.o
                0x0000000000000656                SystemCoreClockUpdate
 .text.vector_handler
                0x00000000000006c0       0x36 ./Startup/startup_ch32v00x.o
                0x00000000000006c4                SysTick_Handler
                0x00000000000006c6                SW_Handler
                0x00000000000006c8                WWDG_IRQHandler
                0x00000000000006ca                PVD_IRQHandler
                0x00000000000006cc                FLASH_IRQHandler
                0x00000000000006ce                RCC_IRQHandler
                0x00000000000006d0                EXTI7_0_IRQHandler
                0x00000000000006d2                AWU_IRQHandler
                0x00000000000006d4                DMA1_Channel1_IRQHandler
                0x00000000000006d6                DMA1_Channel2_IRQHandler
                0x00000000000006d8                DMA1_Channel3_IRQHandler
                0x00000000000006da                DMA1_Channel4_IRQHandler
                0x00000000000006dc                DMA1_Channel5_IRQHandler
                0x00000000000006de                DMA1_Channel6_IRQHandler
                0x00000000000006e0                DMA1_Channel7_IRQHandler
                0x00000000000006e2                ADC1_IRQHandler
                0x00000000000006e4                I2C1_EV_IRQHandler
                0x00000000000006e6                I2C1_ER_IRQHandler
                0x00000000000006e8                USART1_IRQHandler
                0x00000000000006ea                SPI1_IRQHandler
                0x00000000000006ec                TIM1_BRK_IRQHandler
                0x00000000000006ee                TIM1_UP_IRQHandler
                0x00000000000006f0                TIM1_TRG_COM_IRQHandler
                0x00000000000006f2                TIM1_CC_IRQHandler
                0x00000000000006f4                TIM2_IRQHandler
 .text.handle_reset
                0x00000000000006f6       0x7c ./Startup/startup_ch32v00x.o
                0x00000000000006f6                handle_reset
 .text.DBGMCU_GetCHIPID
                0x0000000000000772        0xa ./Peripheral/src/ch32v00x_dbgmcu.o
                0x0000000000000772                DBGMCU_GetCHIPID
 .text.GPIO_Init
                0x000000000000077c       0xd8 ./Peripheral/src/ch32v00x_gpio.o
                0x000000000000077c                GPIO_Init
 .text.I2C_Init
                0x0000000000000854      0x100 ./Peripheral/src/ch32v00x_i2c.o
                0x0000000000000854                I2C_Init
 .text.I2C_Cmd  0x0000000000000954       0x1c ./Peripheral/src/ch32v00x_i2c.o
                0x0000000000000954                I2C_Cmd
 .text.I2C_GenerateSTART
                0x0000000000000970       0x1e ./Peripheral/src/ch32v00x_i2c.o
                0x0000000000000970                I2C_GenerateSTART
 .text.I2C_GenerateSTOP
                0x000000000000098e       0x1e ./Peripheral/src/ch32v00x_i2c.o
                0x000000000000098e                I2C_GenerateSTOP
 .text.I2C_AcknowledgeConfig
                0x00000000000009ac       0x1e ./Peripheral/src/ch32v00x_i2c.o
                0x00000000000009ac                I2C_AcknowledgeConfig
 .text.I2C_SendData
                0x00000000000009ca        0x6 ./Peripheral/src/ch32v00x_i2c.o
                0x00000000000009ca                I2C_SendData
 .text.I2C_Send7bitAddress
                0x00000000000009d0       0x14 ./Peripheral/src/ch32v00x_i2c.o
                0x00000000000009d0                I2C_Send7bitAddress
 .text.I2C_CheckEvent
                0x00000000000009e4       0x1a ./Peripheral/src/ch32v00x_i2c.o
                0x00000000000009e4                I2C_CheckEvent
 .text.I2C_GetFlagStatus
                0x00000000000009fe       0x32 ./Peripheral/src/ch32v00x_i2c.o
                0x00000000000009fe                I2C_GetFlagStatus
 .text.NVIC_PriorityGroupConfig
                0x0000000000000a30        0x6 ./Peripheral/src/ch32v00x_misc.o
                0x0000000000000a30                NVIC_PriorityGroupConfig
 .text.RCC_GetClocksFreq
                0x0000000000000a36       0xa0 ./Peripheral/src/ch32v00x_rcc.o
                0x0000000000000a36                RCC_GetClocksFreq
 .text.RCC_APB2PeriphClockCmd
                0x0000000000000ad6       0x1e ./Peripheral/src/ch32v00x_rcc.o
                0x0000000000000ad6                RCC_APB2PeriphClockCmd
 .text.RCC_APB1PeriphClockCmd
                0x0000000000000af4       0x1e ./Peripheral/src/ch32v00x_rcc.o
                0x0000000000000af4                RCC_APB1PeriphClockCmd
 .text.USART_Init
                0x0000000000000b12       0xe8 ./Peripheral/src/ch32v00x_usart.o
                0x0000000000000b12                USART_Init
 .text.USART_Cmd
                0x0000000000000bfa       0x1c ./Peripheral/src/ch32v00x_usart.o
                0x0000000000000bfa                USART_Cmd
 .text.USART_SendData
                0x0000000000000c16        0xa ./Peripheral/src/ch32v00x_usart.o
                0x0000000000000c16                USART_SendData
 .text.USART_ReceiveData
                0x0000000000000c20        0xa ./Peripheral/src/ch32v00x_usart.o
                0x0000000000000c20                USART_ReceiveData
 .text.USART_GetFlagStatus
                0x0000000000000c2a        0xc ./Peripheral/src/ch32v00x_usart.o
                0x0000000000000c2a                USART_GetFlagStatus
 .text.Delay_Init
                0x0000000000000c36       0x34 ./Debug/debug.o
                0x0000000000000c36                Delay_Init
 .text.USART_Printf_Init
                0x0000000000000c6a       0x56 ./Debug/debug.o
                0x0000000000000c6a                USART_Printf_Init
 .text._write   0x0000000000000cc0       0x4c ./Debug/debug.o
                0x0000000000000cc0                _write
 .text._sbrk    0x0000000000000d0c       0x26 ./Debug/debug.o
                0x0000000000000d0c                _sbrk
 .text.printf   0x0000000000000d32       0x42 c:/mounriver/mrs_community/toolchain/risc-v embedded gcc/bin/../lib/gcc/riscv-none-embed/8.2.0/../../../../riscv-none-embed/lib/rv32ec/ilp32e\libg_nano.a(lib_a-printf.o)
                0x0000000000000d32                iprintf
                0x0000000000000d32                printf
 .text.std      0x0000000000000d74       0x6a c:/mounriver/mrs_community/toolchain/risc-v embedded gcc/bin/../lib/gcc/riscv-none-embed/8.2.0/../../../../riscv-none-embed/lib/rv32ec/ilp32e\libg_nano.a(lib_a-findfp.o)
 .text._cleanup_r
                0x0000000000000dde        0xa c:/mounriver/mrs_community/toolchain/risc-v embedded gcc/bin/../lib/gcc/riscv-none-embed/8.2.0/../../../../riscv-none-embed/lib/rv32ec/ilp32e\libg_nano.a(lib_a-findfp.o)
                0x0000000000000dde                _cleanup_r
 .text.__sfmoreglue
                0x0000000000000de8       0x48 c:/mounriver/mrs_community/toolchain/risc-v embedded gcc/bin/../lib/gcc/riscv-none-embed/8.2.0/../../../../riscv-none-embed/lib/rv32ec/ilp32e\libg_nano.a(lib_a-findfp.o)
                0x0000000000000de8                __sfmoreglue
 .text.__sinit  0x0000000000000e30       0x6a c:/mounriver/mrs_community/toolchain/risc-v embedded gcc/bin/../lib/gcc/riscv-none-embed/8.2.0/../../../../riscv-none-embed/lib/rv32ec/ilp32e\libg_nano.a(lib_a-findfp.o)
                0x0000000000000e30                __sinit
 .text.__sfp    0x0000000000000e9a       0x9e c:/mounriver/mrs_community/toolchain/risc-v embedded gcc/bin/../lib/gcc/riscv-none-embed/8.2.0/../../../../riscv-none-embed/lib/rv32ec/ilp32e\libg_nano.a(lib_a-findfp.o)
                0x0000000000000e9a                __sfp
 .text._fwalk_reent
                0x0000000000000f38       0x60 c:/mounriver/mrs_community/toolchain/risc-v embedded gcc/bin/../lib/gcc/riscv-none-embed/8.2.0/../../../../riscv-none-embed/lib/rv32ec/ilp32e\libg_nano.a(lib_a-fwalk.o)
                0x0000000000000f38                _fwalk_reent
 .text._malloc_r
                0x0000000000000f98       0xde c:/mounriver/mrs_community/toolchain/risc-v embedded gcc/bin/../lib/gcc/riscv-none-embed/8.2.0/../../../../riscv-none-embed/lib/rv32ec/ilp32e\libg_nano.a(lib_a-nano-mallocr.o)
                0x0000000000000f98                _malloc_r
 .text.__sfputc_r
                0x0000000000001076       0x2a c:/mounriver/mrs_community/toolchain/risc-v embedded gcc/bin/../lib/gcc/riscv-none-embed/8.2.0/../../../../riscv-none-embed/lib/rv32ec/ilp32e\libg_nano.a(lib_a-nano-vfprintf.o)
 .text.__sfputs_r
                0x00000000000010a0       0x3e c:/mounriver/mrs_community/toolchain/risc-v embedded gcc/bin/../lib/gcc/riscv-none-embed/8.2.0/../../../../riscv-none-embed/lib/rv32ec/ilp32e\libg_nano.a(lib_a-nano-vfprintf.o)
                0x00000000000010a0                __sfputs_r
 .text._vfprintf_r
                0x00000000000010de      0x2c4 c:/mounriver/mrs_community/toolchain/risc-v embedded gcc/bin/../lib/gcc/riscv-none-embed/8.2.0/../../../../riscv-none-embed/lib/rv32ec/ilp32e\libg_nano.a(lib_a-nano-vfprintf.o)
                0x00000000000010de                _vfprintf_r
                0x00000000000010de                _vfiprintf_r
 .text._printf_common
                0x00000000000013a2      0x12c c:/mounriver/mrs_community/toolchain/risc-v embedded gcc/bin/../lib/gcc/riscv-none-embed/8.2.0/../../../../riscv-none-embed/lib/rv32ec/ilp32e\libg_nano.a(lib_a-nano-vfprintf_i.o)
                0x00000000000013a2                _printf_common
 .text._printf_i
                0x00000000000014ce      0x2c4 c:/mounriver/mrs_community/toolchain/risc-v embedded gcc/bin/../lib/gcc/riscv-none-embed/8.2.0/../../../../riscv-none-embed/lib/rv32ec/ilp32e\libg_nano.a(lib_a-nano-vfprintf_i.o)
                0x00000000000014ce                _printf_i
 .text._sbrk_r  0x0000000000001792       0x2a c:/mounriver/mrs_community/toolchain/risc-v embedded gcc/bin/../lib/gcc/riscv-none-embed/8.2.0/../../../../riscv-none-embed/lib/rv32ec/ilp32e\libg_nano.a(lib_a-sbrkr.o)
                0x0000000000001792                _sbrk_r
 .text.__sread  0x00000000000017bc       0x30 c:/mounriver/mrs_community/toolchain/risc-v embedded gcc/bin/../lib/gcc/riscv-none-embed/8.2.0/../../../../riscv-none-embed/lib/rv32ec/ilp32e\libg_nano.a(lib_a-stdio.o)
                0x00000000000017bc                __sread
 .text.__swrite
                0x00000000000017ec       0x4e c:/mounriver/mrs_community/toolchain/risc-v embedded gcc/bin/../lib/gcc/riscv-none-embed/8.2.0/../../../../riscv-none-embed/lib/rv32ec/ilp32e\libg_nano.a(lib_a-stdio.o)
                0x00000000000017ec                __swrite
 .text.__sseek  0x000000000000183a       0x36 c:/mounriver/mrs_community/toolchain/risc-v embedded gcc/bin/../lib/gcc/riscv-none-embed/8.2.0/../../../../riscv-none-embed/lib/rv32ec/ilp32e\libg_nano.a(lib_a-stdio.o)
                0x000000000000183a                __sseek
 .text.__sclose
                0x0000000000001870        0x6 c:/mounriver/mrs_community/toolchain/risc-v embedded gcc/bin/../lib/gcc/riscv-none-embed/8.2.0/../../../../riscv-none-embed/lib/rv32ec/ilp32e\libg_nano.a(lib_a-stdio.o)
                0x0000000000001870                __sclose
 .text.__swbuf_r
                0x0000000000001876       0xca c:/mounriver/mrs_community/toolchain/risc-v embedded gcc/bin/../lib/gcc/riscv-none-embed/8.2.0/../../../../riscv-none-embed/lib/rv32ec/ilp32e\libg_nano.a(lib_a-wbuf.o)
                0x0000000000001876                __swbuf_r
 .text._write_r
                0x0000000000001940       0x2e c:/mounriver/mrs_community/toolchain/risc-v embedded gcc/bin/../lib/gcc/riscv-none-embed/8.2.0/../../../../riscv-none-embed/lib/rv32ec/ilp32e\libg_nano.a(lib_a-writer.o)
                0x0000000000001940                _write_r
 .text.__swsetup_r
                0x000000000000196e      0x114 c:/mounriver/mrs_community/toolchain/risc-v embedded gcc/bin/../lib/gcc/riscv-none-embed/8.2.0/../../../../riscv-none-embed/lib/rv32ec/ilp32e\libg_nano.a(lib_a-wsetup.o)
                0x000000000000196e                __swsetup_r
 .text._close_r
                0x0000000000001a82       0x28 c:/mounriver/mrs_community/toolchain/risc-v embedded gcc/bin/../lib/gcc/riscv-none-embed/8.2.0/../../../../riscv-none-embed/lib/rv32ec/ilp32e\libg_nano.a(lib_a-closer.o)
                0x0000000000001a82                _close_r
 .text.__sflush_r
                0x0000000000001aaa      0x134 c:/mounriver/mrs_community/toolchain/risc-v embedded gcc/bin/../lib/gcc/riscv-none-embed/8.2.0/../../../../riscv-none-embed/lib/rv32ec/ilp32e\libg_nano.a(lib_a-fflush.o)
                0x0000000000001aaa                __sflush_r
 .text._fflush_r
                0x0000000000001bde       0x66 c:/mounriver/mrs_community/toolchain/risc-v embedded gcc/bin/../lib/gcc/riscv-none-embed/8.2.0/../../../../riscv-none-embed/lib/rv32ec/ilp32e\libg_nano.a(lib_a-fflush.o)
                0x0000000000001bde                _fflush_r
 .text._lseek_r
                0x0000000000001c44       0x2c c:/mounriver/mrs_community/toolchain/risc-v embedded gcc/bin/../lib/gcc/riscv-none-embed/8.2.0/../../../../riscv-none-embed/lib/rv32ec/ilp32e\libg_nano.a(lib_a-lseekr.o)
                0x0000000000001c44                _lseek_r
 .text.__swhatbuf_r
                0x0000000000001c70       0x62 c:/mounriver/mrs_community/toolchain/risc-v embedded gcc/bin/../lib/gcc/riscv-none-embed/8.2.0/../../../../riscv-none-embed/lib/rv32ec/ilp32e\libg_nano.a(lib_a-makebuf.o)
                0x0000000000001c70                __swhatbuf_r
 .text.__smakebuf_r
                0x0000000000001cd2       0x9c c:/mounriver/mrs_community/toolchain/risc-v embedded gcc/bin/../lib/gcc/riscv-none-embed/8.2.0/../../../../riscv-none-embed/lib/rv32ec/ilp32e\libg_nano.a(lib_a-makebuf.o)
                0x0000000000001cd2                __smakebuf_r
 .text.memchr   0x0000000000001d6e       0x1a c:/mounriver/mrs_community/toolchain/risc-v embedded gcc/bin/../lib/gcc/riscv-none-embed/8.2.0/../../../../riscv-none-embed/lib/rv32ec/ilp32e\libg_nano.a(lib_a-memchr.o)
                0x0000000000001d6e                memchr
 .text.__malloc_lock
                0x0000000000001d88        0x2 c:/mounriver/mrs_community/toolchain/risc-v embedded gcc/bin/../lib/gcc/riscv-none-embed/8.2.0/../../../../riscv-none-embed/lib/rv32ec/ilp32e\libg_nano.a(lib_a-mlock.o)
                0x0000000000001d88                __malloc_lock
 .text.__malloc_unlock
                0x0000000000001d8a        0x2 c:/mounriver/mrs_community/toolchain/risc-v embedded gcc/bin/../lib/gcc/riscv-none-embed/8.2.0/../../../../riscv-none-embed/lib/rv32ec/ilp32e\libg_nano.a(lib_a-mlock.o)
                0x0000000000001d8a                __malloc_unlock
 .text._free_r  0x0000000000001d8c       0xac c:/mounriver/mrs_community/toolchain/risc-v embedded gcc/bin/../lib/gcc/riscv-none-embed/8.2.0/../../../../riscv-none-embed/lib/rv32ec/ilp32e\libg_nano.a(lib_a-nano-freer.o)
                0x0000000000001d8c                _free_r
 .text._read_r  0x0000000000001e38       0x2c c:/mounriver/mrs_community/toolchain/risc-v embedded gcc/bin/../lib/gcc/riscv-none-embed/8.2.0/../../../../riscv-none-embed/lib/rv32ec/ilp32e\libg_nano.a(lib_a-readr.o)
                0x0000000000001e38                _read_r
 .text._fstat_r
                0x0000000000001e64       0x2a c:/mounriver/mrs_community/toolchain/risc-v embedded gcc/bin/../lib/gcc/riscv-none-embed/8.2.0/../../../../riscv-none-embed/lib/rv32ec/ilp32e\libg_nano.a(lib_a-fstatr.o)
                0x0000000000001e64                _fstat_r
 .text._isatty_r
                0x0000000000001e8e       0x28 c:/mounriver/mrs_community/toolchain/risc-v embedded gcc/bin/../lib/gcc/riscv-none-embed/8.2.0/../../../../riscv-none-embed/lib/rv32ec/ilp32e\libg_nano.a(lib_a-isattyr.o)
                0x0000000000001e8e                _isatty_r
 .text._close   0x0000000000001eb6        0xc c:/mounriver/mrs_community/toolchain/risc-v embedded gcc/bin/../lib/gcc/riscv-none-embed/8.2.0/../../../../riscv-none-embed/lib/rv32ec/ilp32e\libnosys.a(close.o)
                0x0000000000001eb6                _close
 .text._fstat   0x0000000000001ec2        0xc c:/mounriver/mrs_community/toolchain/risc-v embedded gcc/bin/../lib/gcc/riscv-none-embed/8.2.0/../../../../riscv-none-embed/lib/rv32ec/ilp32e\libnosys.a(fstat.o)
                0x0000000000001ec2                _fstat
 .text._isatty  0x0000000000001ece        0xc c:/mounriver/mrs_community/toolchain/risc-v embedded gcc/bin/../lib/gcc/riscv-none-embed/8.2.0/../../../../riscv-none-embed/lib/rv32ec/ilp32e\libnosys.a(isatty.o)
                0x0000000000001ece                _isatty
 .text._lseek   0x0000000000001eda        0xc c:/mounriver/mrs_community/toolchain/risc-v embedded gcc/bin/../lib/gcc/riscv-none-embed/8.2.0/../../../../riscv-none-embed/lib/rv32ec/ilp32e\libnosys.a(lseek.o)
                0x0000000000001eda                _lseek
 .text._read    0x0000000000001ee6        0xc c:/mounriver/mrs_community/toolchain/risc-v embedded gcc/bin/../lib/gcc/riscv-none-embed/8.2.0/../../../../riscv-none-embed/lib/rv32ec/ilp32e\libnosys.a(read.o)
                0x0000000000001ee6                _read
 *(.rodata)
 *(.rodata*)
 *fill*         0x0000000000001ef2        0x2 
 .rodata.main.str1.4
                0x0000000000001ef4       0x31 ./User/main.o
 *fill*         0x0000000000001f25        0x3 
 .rodata.font   0x0000000000001f28      0x1e5 ./User/oled_049.o
                0x0000000000001f28                font
 *fill*         0x000000000000210d        0x3 
 .rodata.__sf_fake_stderr
                0x0000000000002110       0x20 c:/mounriver/mrs_community/toolchain/risc-v embedded gcc/bin/../lib/gcc/riscv-none-embed/8.2.0/../../../../riscv-none-embed/lib/rv32ec/ilp32e\libg_nano.a(lib_a-findfp.o)
                0x0000000000002110                __sf_fake_stderr
 .rodata.__sf_fake_stdin
                0x0000000000002130       0x20 c:/mounriver/mrs_community/toolchain/risc-v embedded gcc/bin/../lib/gcc/riscv-none-embed/8.2.0/../../../../riscv-none-embed/lib/rv32ec/ilp32e\libg_nano.a(lib_a-findfp.o)
                0x0000000000002130                __sf_fake_stdin
 .rodata.__sf_fake_stdout
                0x0000000000002150       0x20 c:/mounriver/mrs_community/toolchain/risc-v embedded gcc/bin/../lib/gcc/riscv-none-embed/8.2.0/../../../../riscv-none-embed/lib/rv32ec/ilp32e\libg_nano.a(lib_a-findfp.o)
                0x0000000000002150                __sf_fake_stdout
 .rodata._vfprintf_r.str1.4
                0x0000000000002170       0x13 c:/mounriver/mrs_community/toolchain/risc-v embedded gcc/bin/../lib/gcc/riscv-none-embed/8.2.0/../../../../riscv-none-embed/lib/rv32ec/ilp32e\libg_nano.a(lib_a-nano-vfprintf.o)
 *fill*         0x0000000000002183        0x1 
 .rodata._printf_i.str1.4
                0x0000000000002184       0x28 c:/mounriver/mrs_community/toolchain/risc-v embedded gcc/bin/../lib/gcc/riscv-none-embed/8.2.0/../../../../riscv-none-embed/lib/rv32ec/ilp32e\libg_nano.a(lib_a-nano-vfprintf_i.o)
                                         0x25 (size before relaxing)
 *(.gnu.linkonce.t.*)
                0x00000000000021ac                . = ALIGN (0x4)

.rela.dyn       0x00000000000021ac        0x0
 .rela.init     0x00000000000021ac        0x0 ./User/ch32v00x_it.o
 .rela.text.handle_reset
                0x00000000000021ac        0x0 ./User/ch32v00x_it.o
 .rela.text._sbrk
                0x00000000000021ac        0x0 ./User/ch32v00x_it.o
 .rela.data.curbrk.4087
                0x00000000000021ac        0x0 ./User/ch32v00x_it.o
 .rela.text._vfprintf_r
                0x00000000000021ac        0x0 ./User/ch32v00x_it.o
 .rela.text._sbrk_r
                0x00000000000021ac        0x0 ./User/ch32v00x_it.o
 .rela.text._write_r
                0x00000000000021ac        0x0 ./User/ch32v00x_it.o
 .rela.text._close_r
                0x00000000000021ac        0x0 ./User/ch32v00x_it.o
 .rela.text._lseek_r
                0x00000000000021ac        0x0 ./User/ch32v00x_it.o
 .rela.text._read_r
                0x00000000000021ac        0x0 ./User/ch32v00x_it.o
 .rela.text._fstat_r
                0x00000000000021ac        0x0 ./User/ch32v00x_it.o
 .rela.text._isatty_r
                0x00000000000021ac        0x0 ./User/ch32v00x_it.o
 .rela.text._close
                0x00000000000021ac        0x0 ./User/ch32v00x_it.o
 .rela.text._fstat
                0x00000000000021ac        0x0 ./User/ch32v00x_it.o
 .rela.text._isatty
                0x00000000000021ac        0x0 ./User/ch32v00x_it.o
 .rela.text._lseek
                0x00000000000021ac        0x0 ./User/ch32v00x_it.o
 .rela.text._read
                0x00000000000021ac        0x0 ./User/ch32v00x_it.o

.fini           0x00000000000021ac        0x0
 *(SORT_NONE(.fini))
                0x00000000000021ac                . = ALIGN (0x4)
                [!provide]                        PROVIDE (_etext = .)
                [!provide]                        PROVIDE (_eitcm = .)

.preinit_array  0x00000000000021ac        0x0
                [!provide]                        PROVIDE (__preinit_array_start = .)
 *(.preinit_array)
                [!provide]                        PROVIDE (__preinit_array_end = .)

.init_array     0x00000000000021ac        0x0
                [!provide]                        PROVIDE (__init_array_start = .)
 *(SORT_BY_INIT_PRIORITY(.init_array.*) SORT_BY_INIT_PRIORITY(.ctors.*))
 *(.init_array EXCLUDE_FILE(*crtend?.o *crtend.o *crtbegin?.o *crtbegin.o) .ctors)
                [!provide]                        PROVIDE (__init_array_end = .)

.fini_array     0x00000000000021ac        0x0
                [!provide]                        PROVIDE (__fini_array_start = .)
 *(SORT_BY_INIT_PRIORITY(.fini_array.*) SORT_BY_INIT_PRIORITY(.dtors.*))
 *(.fini_array EXCLUDE_FILE(*crtend?.o *crtend.o *crtbegin?.o *crtbegin.o) .dtors)
                [!provide]                        PROVIDE (__fini_array_end = .)

.ctors
 *crtbegin.o(.ctors)
 *crtbegin?.o(.ctors)
 *(EXCLUDE_FILE(*crtend?.o *crtend.o) .ctors)
 *(SORT_BY_NAME(.ctors.*))
 *(.ctors)

.dtors
 *crtbegin.o(.dtors)
 *crtbegin?.o(.dtors)
 *(EXCLUDE_FILE(*crtend?.o *crtend.o) .dtors)
 *(SORT_BY_NAME(.dtors.*))
 *(.dtors)

.dalign         0x0000000020000000        0x0 load address 0x00000000000021ac
                0x0000000020000000                . = ALIGN (0x4)
                0x0000000020000000                PROVIDE (_data_vma = .)

.dlalign        0x00000000000021ac        0x0
                0x00000000000021ac                . = ALIGN (0x4)
                0x00000000000021ac                PROVIDE (_data_lma = .)

.data           0x0000000020000000       0xc0 load address 0x00000000000021ac
                0x0000000020000000                . = ALIGN (0x4)
 *(.gnu.linkonce.r.*)
 *(.data .data.*)
 .data.ssd1306InitCommand
                0x0000000020000000       0x1b ./User/oled_049.o
                0x0000000020000000                ssd1306InitCommand
 *fill*         0x000000002000001b        0x1 
 .data.AHBPrescTable
                0x000000002000001c       0x10 ./User/system_ch32v00x.o
                0x000000002000001c                AHBPrescTable
 .data.SystemCoreClock
                0x000000002000002c        0x4 ./User/system_ch32v00x.o
                0x000000002000002c                SystemCoreClock
 .data.ADCPrescTable
                0x0000000020000030       0x14 ./Peripheral/src/ch32v00x_rcc.o
 .data.APBAHBPrescTable
                0x0000000020000044       0x10 ./Peripheral/src/ch32v00x_rcc.o
 .data.curbrk.4087
                0x0000000020000054        0x4 ./Debug/debug.o
 .data.impure_data
                0x0000000020000058       0x60 c:/mounriver/mrs_community/toolchain/risc-v embedded gcc/bin/../lib/gcc/riscv-none-embed/8.2.0/../../../../riscv-none-embed/lib/rv32ec/ilp32e\libg_nano.a(lib_a-impure.o)
 *(.gnu.linkonce.d.*)
                0x00000000200000b8                . = ALIGN (0x8)
                0x00000000200008b8                PROVIDE (__global_pointer$ = (. + 0x800))
 *(.sdata .sdata.*)
 .sdata._impure_ptr
                0x00000000200000b8        0x4 c:/mounriver/mrs_community/toolchain/risc-v embedded gcc/bin/../lib/gcc/riscv-none-embed/8.2.0/../../../../riscv-none-embed/lib/rv32ec/ilp32e\libg_nano.a(lib_a-impure.o)
                0x00000000200000b8                _impure_ptr
 *(.sdata2*)
 .sdata2._global_impure_ptr
                0x00000000200000bc        0x4 c:/mounriver/mrs_community/toolchain/risc-v embedded gcc/bin/../lib/gcc/riscv-none-embed/8.2.0/../../../../riscv-none-embed/lib/rv32ec/ilp32e\libg_nano.a(lib_a-impure.o)
                0x00000000200000bc                _global_impure_ptr
 *(.gnu.linkonce.s.*)
                0x00000000200000c0                . = ALIGN (0x8)
 *(.srodata.cst16)
 *(.srodata.cst8)
 *(.srodata.cst4)
 *(.srodata.cst2)
 *(.srodata .srodata.*)
                0x00000000200000c0                . = ALIGN (0x4)
                0x00000000200000c0                PROVIDE (_edata = .)

.bss            0x00000000200000c0       0x18 load address 0x000000000000226c
                0x00000000200000c0                . = ALIGN (0x4)
                0x00000000200000c0                PROVIDE (_sbss = .)
 *(.sbss*)
 .sbss.__malloc_free_list
                0x00000000200000c0        0x4 c:/mounriver/mrs_community/toolchain/risc-v embedded gcc/bin/../lib/gcc/riscv-none-embed/8.2.0/../../../../riscv-none-embed/lib/rv32ec/ilp32e\libg_nano.a(lib_a-nano-mallocr.o)
                0x00000000200000c0                __malloc_free_list
 .sbss.__malloc_sbrk_start
                0x00000000200000c4        0x4 c:/mounriver/mrs_community/toolchain/risc-v embedded gcc/bin/../lib/gcc/riscv-none-embed/8.2.0/../../../../riscv-none-embed/lib/rv32ec/ilp32e\libg_nano.a(lib_a-nano-mallocr.o)
                0x00000000200000c4                __malloc_sbrk_start
 *(.gnu.linkonce.sb.*)
 *(.bss*)
 .bss.val       0x00000000200000c8        0x1 ./User/main.o
                0x00000000200000c8                val
 *fill*         0x00000000200000c9        0x3 
 .bss.NVIC_Priority_Group
                0x00000000200000cc        0x4 ./Peripheral/src/ch32v00x_misc.o
                0x00000000200000cc                NVIC_Priority_Group
 .bss.p_ms      0x00000000200000d0        0x2 ./Debug/debug.o
 .bss.p_us      0x00000000200000d2        0x1 ./Debug/debug.o
 *(.gnu.linkonce.b.*)
 *(COMMON*)
 *fill*         0x00000000200000d3        0x1 
 COMMON         0x00000000200000d4        0x4 c:/mounriver/mrs_community/toolchain/risc-v embedded gcc/bin/../lib/gcc/riscv-none-embed/8.2.0/../../../../riscv-none-embed/lib/rv32ec/ilp32e\libg_nano.a(lib_a-reent.o)
                0x00000000200000d4                errno
                0x00000000200000d8                . = ALIGN (0x4)
                0x00000000200000d8                PROVIDE (_ebss = .)
                0x00000000200000d8                PROVIDE (_end = _ebss)
                [!provide]                        PROVIDE (end = .)

.stack          0x0000000020000700      0x100
                0x0000000020000700                PROVIDE (_heap_end = .)
                0x0000000020000700                . = ALIGN (0x4)
                [!provide]                        PROVIDE (_susrstack = .)
                0x0000000020000800                . = (. + __stack_size)
 *fill*         0x0000000020000700      0x100 
                0x0000000020000800                PROVIDE (_eusrstack = .)
OUTPUT(oled_049_r1_CH32V003A4M6.elf elf32-littleriscv)

.debug_info     0x0000000000000000     0xa68a
 .debug_info    0x0000000000000000      0x962 ./User/ch32v00x_it.o
 .debug_info    0x0000000000000962      0xf32 ./User/main.o
 .debug_info    0x0000000000001894     0x1260 ./User/oled_049.o
 .debug_info    0x0000000000002af4      0xbca ./User/system_ch32v00x.o
 .debug_info    0x00000000000036be       0x22 ./Startup/startup_ch32v00x.o
 .debug_info    0x00000000000036e0      0xa94 ./Peripheral/src/ch32v00x_dbgmcu.o
 .debug_info    0x0000000000004174     0x103a ./Peripheral/src/ch32v00x_gpio.o
 .debug_info    0x00000000000051ae     0x1417 ./Peripheral/src/ch32v00x_i2c.o
 .debug_info    0x00000000000065c5      0xdda ./Peripheral/src/ch32v00x_misc.o
 .debug_info    0x000000000000739f     0x1063 ./Peripheral/src/ch32v00x_rcc.o
 .debug_info    0x0000000000008402     0x1351 ./Peripheral/src/ch32v00x_usart.o
 .debug_info    0x0000000000009753      0xf37 ./Debug/debug.o

.debug_abbrev   0x0000000000000000     0x20c4
 .debug_abbrev  0x0000000000000000      0x1cf ./User/ch32v00x_it.o
 .debug_abbrev  0x00000000000001cf      0x2b2 ./User/main.o
 .debug_abbrev  0x0000000000000481      0x387 ./User/oled_049.o
 .debug_abbrev  0x0000000000000808      0x269 ./User/system_ch32v00x.o
 .debug_abbrev  0x0000000000000a71       0x12 ./Startup/startup_ch32v00x.o
 .debug_abbrev  0x0000000000000a83      0x2f7 ./Peripheral/src/ch32v00x_dbgmcu.o
 .debug_abbrev  0x0000000000000d7a      0x309 ./Peripheral/src/ch32v00x_gpio.o
 .debug_abbrev  0x0000000000001083      0x3a7 ./Peripheral/src/ch32v00x_i2c.o
 .debug_abbrev  0x000000000000142a      0x2fb ./Peripheral/src/ch32v00x_misc.o
 .debug_abbrev  0x0000000000001725      0x36d ./Peripheral/src/ch32v00x_rcc.o
 .debug_abbrev  0x0000000000001a92      0x323 ./Peripheral/src/ch32v00x_usart.o
 .debug_abbrev  0x0000000000001db5      0x30f ./Debug/debug.o

.debug_aranges  0x0000000000000000      0x530
 .debug_aranges
                0x0000000000000000       0x28 ./User/ch32v00x_it.o
 .debug_aranges
                0x0000000000000028       0x28 ./User/main.o
 .debug_aranges
                0x0000000000000050       0x48 ./User/oled_049.o
 .debug_aranges
                0x0000000000000098       0x28 ./User/system_ch32v00x.o
 .debug_aranges
                0x00000000000000c0       0x30 ./Startup/startup_ch32v00x.o
 .debug_aranges
                0x00000000000000f0       0x48 ./Peripheral/src/ch32v00x_dbgmcu.o
 .debug_aranges
                0x0000000000000138       0x98 ./Peripheral/src/ch32v00x_gpio.o
 .debug_aranges
                0x00000000000001d0      0x108 ./Peripheral/src/ch32v00x_i2c.o
 .debug_aranges
                0x00000000000002d8       0x28 ./Peripheral/src/ch32v00x_misc.o
 .debug_aranges
                0x0000000000000300       0xe0 ./Peripheral/src/ch32v00x_rcc.o
 .debug_aranges
                0x00000000000003e0      0x100 ./Peripheral/src/ch32v00x_usart.o
 .debug_aranges
                0x00000000000004e0       0x50 ./Debug/debug.o

.debug_ranges   0x0000000000000000      0x538
 .debug_ranges  0x0000000000000000       0x18 ./User/ch32v00x_it.o
 .debug_ranges  0x0000000000000018       0x18 ./User/main.o
 .debug_ranges  0x0000000000000030       0xb0 ./User/oled_049.o
 .debug_ranges  0x00000000000000e0       0x18 ./User/system_ch32v00x.o
 .debug_ranges  0x00000000000000f8       0x28 ./Startup/startup_ch32v00x.o
 .debug_ranges  0x0000000000000120       0x50 ./Peripheral/src/ch32v00x_dbgmcu.o
 .debug_ranges  0x0000000000000170       0x88 ./Peripheral/src/ch32v00x_gpio.o
 .debug_ranges  0x00000000000001f8       0xf8 ./Peripheral/src/ch32v00x_i2c.o
 .debug_ranges  0x00000000000002f0       0x48 ./Peripheral/src/ch32v00x_misc.o
 .debug_ranges  0x0000000000000338       0xd0 ./Peripheral/src/ch32v00x_rcc.o
 .debug_ranges  0x0000000000000408       0xf0 ./Peripheral/src/ch32v00x_usart.o
 .debug_ranges  0x00000000000004f8       0x40 ./Debug/debug.o

.debug_line     0x0000000000000000     0x6105
 .debug_line    0x0000000000000000      0x21f ./User/ch32v00x_it.o
 .debug_line    0x000000000000021f      0x66a ./User/main.o
 .debug_line    0x0000000000000889      0x864 ./User/oled_049.o
 .debug_line    0x00000000000010ed      0x50d ./User/system_ch32v00x.o
 .debug_line    0x00000000000015fa      0x1ae ./Startup/startup_ch32v00x.o
 .debug_line    0x00000000000017a8      0x36e ./Peripheral/src/ch32v00x_dbgmcu.o
 .debug_line    0x0000000000001b16      0xd0d ./Peripheral/src/ch32v00x_gpio.o
 .debug_line    0x0000000000002823     0x1070 ./Peripheral/src/ch32v00x_i2c.o
 .debug_line    0x0000000000003893      0x4bd ./Peripheral/src/ch32v00x_misc.o
 .debug_line    0x0000000000003d50      0xd58 ./Peripheral/src/ch32v00x_rcc.o
 .debug_line    0x0000000000004aa8      0xefa ./Peripheral/src/ch32v00x_usart.o
 .debug_line    0x00000000000059a2      0x763 ./Debug/debug.o

.debug_str      0x0000000000000000     0x1a74
 .debug_str     0x0000000000000000      0x54e ./User/ch32v00x_it.o
                                        0x5af (size before relaxing)
 .debug_str     0x000000000000054e      0x39d ./User/main.o
                                        0x92f (size before relaxing)
 .debug_str     0x00000000000008eb      0x1e9 ./User/oled_049.o
                                        0x99f (size before relaxing)
 .debug_str     0x0000000000000ad4       0xd5 ./User/system_ch32v00x.o
                                        0x6dc (size before relaxing)
 .debug_str     0x0000000000000ba9       0x2a ./Startup/startup_ch32v00x.o
                                         0x5f (size before relaxing)
 .debug_str     0x0000000000000bd3       0x97 ./Peripheral/src/ch32v00x_dbgmcu.o
                                        0x63f (size before relaxing)
 .debug_str     0x0000000000000c6a      0x207 ./Peripheral/src/ch32v00x_gpio.o
                                        0x942 (size before relaxing)
 .debug_str     0x0000000000000e71      0x315 ./Peripheral/src/ch32v00x_i2c.o
                                        0xaab (size before relaxing)
 .debug_str     0x0000000000001186      0x2e3 ./Peripheral/src/ch32v00x_misc.o
                                        0x90b (size before relaxing)
 .debug_str     0x0000000000001469      0x247 ./Peripheral/src/ch32v00x_rcc.o
                                        0x9aa (size before relaxing)
 .debug_str     0x00000000000016b0      0x33f ./Peripheral/src/ch32v00x_usart.o
                                        0xaf9 (size before relaxing)
 .debug_str     0x00000000000019ef       0x85 ./Debug/debug.o
                                        0x900 (size before relaxing)

.comment        0x0000000000000000       0x33
 .comment       0x0000000000000000       0x33 ./User/ch32v00x_it.o
                                         0x34 (size before relaxing)
 .comment       0x0000000000000033       0x34 ./User/main.o
 .comment       0x0000000000000033       0x34 ./User/oled_049.o
 .comment       0x0000000000000033       0x34 ./User/system_ch32v00x.o
 .comment       0x0000000000000033       0x34 ./Peripheral/src/ch32v00x_dbgmcu.o
 .comment       0x0000000000000033       0x34 ./Peripheral/src/ch32v00x_gpio.o
 .comment       0x0000000000000033       0x34 ./Peripheral/src/ch32v00x_i2c.o
 .comment       0x0000000000000033       0x34 ./Peripheral/src/ch32v00x_misc.o
 .comment       0x0000000000000033       0x34 ./Peripheral/src/ch32v00x_rcc.o
 .comment       0x0000000000000033       0x34 ./Peripheral/src/ch32v00x_usart.o
 .comment       0x0000000000000033       0x34 ./Debug/debug.o

.debug_frame    0x0000000000000000     0x1290
 .debug_frame   0x0000000000000000       0x30 ./User/ch32v00x_it.o
 .debug_frame   0x0000000000000030       0x50 ./User/main.o
 .debug_frame   0x0000000000000080       0xe8 ./User/oled_049.o
 .debug_frame   0x0000000000000168       0x40 ./User/system_ch32v00x.o
 .debug_frame   0x00000000000001a8       0x70 ./Peripheral/src/ch32v00x_dbgmcu.o
 .debug_frame   0x0000000000000218      0x150 ./Peripheral/src/ch32v00x_gpio.o
 .debug_frame   0x0000000000000368      0x254 ./Peripheral/src/ch32v00x_i2c.o
 .debug_frame   0x00000000000005bc       0x30 ./Peripheral/src/ch32v00x_misc.o
 .debug_frame   0x00000000000005ec      0x1c0 ./Peripheral/src/ch32v00x_rcc.o
 .debug_frame   0x00000000000007ac      0x204 ./Peripheral/src/ch32v00x_usart.o
 .debug_frame   0x00000000000009b0       0xe4 ./Debug/debug.o
 .debug_frame   0x0000000000000a94       0x54 c:/mounriver/mrs_community/toolchain/risc-v embedded gcc/bin/../lib/gcc/riscv-none-embed/8.2.0/../../../../riscv-none-embed/lib/rv32ec/ilp32e\libg_nano.a(lib_a-printf.o)
 .debug_frame   0x0000000000000ae8      0x13c c:/mounriver/mrs_community/toolchain/risc-v embedded gcc/bin/../lib/gcc/riscv-none-embed/8.2.0/../../../../riscv-none-embed/lib/rv32ec/ilp32e\libg_nano.a(lib_a-findfp.o)
 .debug_frame   0x0000000000000c24       0x60 c:/mounriver/mrs_community/toolchain/risc-v embedded gcc/bin/../lib/gcc/riscv-none-embed/8.2.0/../../../../riscv-none-embed/lib/rv32ec/ilp32e\libg_nano.a(lib_a-fwalk.o)
 .debug_frame   0x0000000000000c84       0x38 c:/mounriver/mrs_community/toolchain/risc-v embedded gcc/bin/../lib/gcc/riscv-none-embed/8.2.0/../../../../riscv-none-embed/lib/rv32ec/ilp32e\libg_nano.a(lib_a-nano-mallocr.o)
 .debug_frame   0x0000000000000cbc       0xa4 c:/mounriver/mrs_community/toolchain/risc-v embedded gcc/bin/../lib/gcc/riscv-none-embed/8.2.0/../../../../riscv-none-embed/lib/rv32ec/ilp32e\libg_nano.a(lib_a-nano-vfprintf.o)
 .debug_frame   0x0000000000000d60       0x60 c:/mounriver/mrs_community/toolchain/risc-v embedded gcc/bin/../lib/gcc/riscv-none-embed/8.2.0/../../../../riscv-none-embed/lib/rv32ec/ilp32e\libg_nano.a(lib_a-nano-vfprintf_i.o)
 .debug_frame   0x0000000000000dc0       0x30 c:/mounriver/mrs_community/toolchain/risc-v embedded gcc/bin/../lib/gcc/riscv-none-embed/8.2.0/../../../../riscv-none-embed/lib/rv32ec/ilp32e\libg_nano.a(lib_a-sbrkr.o)
 .debug_frame   0x0000000000000df0       0x9c c:/mounriver/mrs_community/toolchain/risc-v embedded gcc/bin/../lib/gcc/riscv-none-embed/8.2.0/../../../../riscv-none-embed/lib/rv32ec/ilp32e\libg_nano.a(lib_a-stdio.o)
 .debug_frame   0x0000000000000e8c       0x48 c:/mounriver/mrs_community/toolchain/risc-v embedded gcc/bin/../lib/gcc/riscv-none-embed/8.2.0/../../../../riscv-none-embed/lib/rv32ec/ilp32e\libg_nano.a(lib_a-wbuf.o)
 .debug_frame   0x0000000000000ed4       0x30 c:/mounriver/mrs_community/toolchain/risc-v embedded gcc/bin/../lib/gcc/riscv-none-embed/8.2.0/../../../../riscv-none-embed/lib/rv32ec/ilp32e\libg_nano.a(lib_a-writer.o)
 .debug_frame   0x0000000000000f04       0x38 c:/mounriver/mrs_community/toolchain/risc-v embedded gcc/bin/../lib/gcc/riscv-none-embed/8.2.0/../../../../riscv-none-embed/lib/rv32ec/ilp32e\libg_nano.a(lib_a-wsetup.o)
 .debug_frame   0x0000000000000f3c       0x30 c:/mounriver/mrs_community/toolchain/risc-v embedded gcc/bin/../lib/gcc/riscv-none-embed/8.2.0/../../../../riscv-none-embed/lib/rv32ec/ilp32e\libg_nano.a(lib_a-closer.o)
 .debug_frame   0x0000000000000f6c       0x74 c:/mounriver/mrs_community/toolchain/risc-v embedded gcc/bin/../lib/gcc/riscv-none-embed/8.2.0/../../../../riscv-none-embed/lib/rv32ec/ilp32e\libg_nano.a(lib_a-fflush.o)
 .debug_frame   0x0000000000000fe0       0x30 c:/mounriver/mrs_community/toolchain/risc-v embedded gcc/bin/../lib/gcc/riscv-none-embed/8.2.0/../../../../riscv-none-embed/lib/rv32ec/ilp32e\libg_nano.a(lib_a-lseekr.o)
 .debug_frame   0x0000000000001010       0x5c c:/mounriver/mrs_community/toolchain/risc-v embedded gcc/bin/../lib/gcc/riscv-none-embed/8.2.0/../../../../riscv-none-embed/lib/rv32ec/ilp32e\libg_nano.a(lib_a-makebuf.o)
 .debug_frame   0x000000000000106c       0x20 c:/mounriver/mrs_community/toolchain/risc-v embedded gcc/bin/../lib/gcc/riscv-none-embed/8.2.0/../../../../riscv-none-embed/lib/rv32ec/ilp32e\libg_nano.a(lib_a-memchr.o)
 .debug_frame   0x000000000000108c       0x30 c:/mounriver/mrs_community/toolchain/risc-v embedded gcc/bin/../lib/gcc/riscv-none-embed/8.2.0/../../../../riscv-none-embed/lib/rv32ec/ilp32e\libg_nano.a(lib_a-mlock.o)
 .debug_frame   0x00000000000010bc       0x40 c:/mounriver/mrs_community/toolchain/risc-v embedded gcc/bin/../lib/gcc/riscv-none-embed/8.2.0/../../../../riscv-none-embed/lib/rv32ec/ilp32e\libg_nano.a(lib_a-nano-freer.o)
 .debug_frame   0x00000000000010fc       0x30 c:/mounriver/mrs_community/toolchain/risc-v embedded gcc/bin/../lib/gcc/riscv-none-embed/8.2.0/../../../../riscv-none-embed/lib/rv32ec/ilp32e\libg_nano.a(lib_a-readr.o)
 .debug_frame   0x000000000000112c       0x64 c:/mounriver/mrs_community/toolchain/risc-v embedded gcc/bin/../lib/gcc/riscv-none-embed/8.2.0/../../../../riscv-none-embed/lib/rv32ec/ilp32e\libg_nano.a(lib_a-reent.o)
 .debug_frame   0x0000000000001190       0x30 c:/mounriver/mrs_community/toolchain/risc-v embedded gcc/bin/../lib/gcc/riscv-none-embed/8.2.0/../../../../riscv-none-embed/lib/rv32ec/ilp32e\libg_nano.a(lib_a-fstatr.o)
 .debug_frame   0x00000000000011c0       0x30 c:/mounriver/mrs_community/toolchain/risc-v embedded gcc/bin/../lib/gcc/riscv-none-embed/8.2.0/../../../../riscv-none-embed/lib/rv32ec/ilp32e\libg_nano.a(lib_a-isattyr.o)
 .debug_frame   0x00000000000011f0       0x20 c:/mounriver/mrs_community/toolchain/risc-v embedded gcc/bin/../lib/gcc/riscv-none-embed/8.2.0/../../../../riscv-none-embed/lib/rv32ec/ilp32e\libnosys.a(close.o)
 .debug_frame   0x0000000000001210       0x20 c:/mounriver/mrs_community/toolchain/risc-v embedded gcc/bin/../lib/gcc/riscv-none-embed/8.2.0/../../../../riscv-none-embed/lib/rv32ec/ilp32e\libnosys.a(fstat.o)
 .debug_frame   0x0000000000001230       0x20 c:/mounriver/mrs_community/toolchain/risc-v embedded gcc/bin/../lib/gcc/riscv-none-embed/8.2.0/../../../../riscv-none-embed/lib/rv32ec/ilp32e\libnosys.a(isatty.o)
 .debug_frame   0x0000000000001250       0x20 c:/mounriver/mrs_community/toolchain/risc-v embedded gcc/bin/../lib/gcc/riscv-none-embed/8.2.0/../../../../riscv-none-embed/lib/rv32ec/ilp32e\libnosys.a(lseek.o)
 .debug_frame   0x0000000000001270       0x20 c:/mounriver/mrs_community/toolchain/risc-v embedded gcc/bin/../lib/gcc/riscv-none-embed/8.2.0/../../../../riscv-none-embed/lib/rv32ec/ilp32e\libnosys.a(read.o)

.debug_loc      0x0000000000000000     0x2165
 .debug_loc     0x0000000000000000       0x7e ./User/main.o
 .debug_loc     0x000000000000007e      0x2f7 ./User/oled_049.o
 .debug_loc     0x0000000000000375       0x55 ./User/system_ch32v00x.o
 .debug_loc     0x00000000000003ca       0x6e ./Peripheral/src/ch32v00x_dbgmcu.o
 .debug_loc     0x0000000000000438      0x6cf ./Peripheral/src/ch32v00x_gpio.o
 .debug_loc     0x0000000000000b07      0x720 ./Peripheral/src/ch32v00x_i2c.o
 .debug_loc     0x0000000000001227       0xce ./Peripheral/src/ch32v00x_misc.o
 .debug_loc     0x00000000000012f5      0x59f ./Peripheral/src/ch32v00x_rcc.o
 .debug_loc     0x0000000000001894      0x735 ./Peripheral/src/ch32v00x_usart.o
 .debug_loc     0x0000000000001fc9      0x19c ./Debug/debug.o

.stab           0x0000000000000000       0x84
 .stab          0x0000000000000000       0x24 c:/mounriver/mrs_community/toolchain/risc-v embedded gcc/bin/../lib/gcc/riscv-none-embed/8.2.0/../../../../riscv-none-embed/lib/rv32ec/ilp32e\libnosys.a(close.o)
 .stab          0x0000000000000024       0x18 c:/mounriver/mrs_community/toolchain/risc-v embedded gcc/bin/../lib/gcc/riscv-none-embed/8.2.0/../../../../riscv-none-embed/lib/rv32ec/ilp32e\libnosys.a(fstat.o)
                                         0x24 (size before relaxing)
 .stab          0x000000000000003c       0x18 c:/mounriver/mrs_community/toolchain/risc-v embedded gcc/bin/../lib/gcc/riscv-none-embed/8.2.0/../../../../riscv-none-embed/lib/rv32ec/ilp32e\libnosys.a(isatty.o)
                                         0x24 (size before relaxing)
 .stab          0x0000000000000054       0x18 c:/mounriver/mrs_community/toolchain/risc-v embedded gcc/bin/../lib/gcc/riscv-none-embed/8.2.0/../../../../riscv-none-embed/lib/rv32ec/ilp32e\libnosys.a(lseek.o)
                                         0x24 (size before relaxing)
 .stab          0x000000000000006c       0x18 c:/mounriver/mrs_community/toolchain/risc-v embedded gcc/bin/../lib/gcc/riscv-none-embed/8.2.0/../../../../riscv-none-embed/lib/rv32ec/ilp32e\libnosys.a(read.o)
                                         0x24 (size before relaxing)

.stabstr        0x0000000000000000      0x117
 .stabstr       0x0000000000000000      0x117 c:/mounriver/mrs_community/toolchain/risc-v embedded gcc/bin/../lib/gcc/riscv-none-embed/8.2.0/../../../../riscv-none-embed/lib/rv32ec/ilp32e\libnosys.a(close.o)
